Archive member included to satisfy reference by file (symbol)

app/libapp.a(main.c.obj)      (--whole-archive)
app/libapp.a(test_plate.c.obj)
                              (--whole-archive)
app/libapp.a(test_radar_processing.c.obj)
                              (--whole-archive)
app/libapp.a(plate.c.obj)     (--whole-archive)
app/libapp.a(radar_processing.c.obj)
                              (--whole-archive)
app/libapp.a(radar_display.c.obj)
                              (--whole-archive)
app/libapp.a(radar_control.c.obj)
                              (--whole-archive)
app/libapp.a(sensor.c.obj)    (--whole-archive)
zephyr/libzephyr.a(heap.c.obj)
                              (--whole-archive)
zephyr/libzephyr.a(cbprintf_packaged.c.obj)
                              (--whole-archive)
zephyr/libzephyr.a(printk.c.obj)
                              (--whole-archive)
zephyr/libzephyr.a(sem.c.obj)
                              (--whole-archive)
zephyr/libzephyr.a(thread_entry.c.obj)
                              (--whole-archive)
zephyr/libzephyr.a(cbprintf_complete.c.obj)
                              (--whole-archive)
zephyr/libzephyr.a(assert.c.obj)
                              (--whole-archive)
zephyr/libzephyr.a(reboot.c.obj)
                              (--whole-archive)
zephyr/libzephyr.a(dec.c.obj)
                              (--whole-archive)
zephyr/libzephyr.a(hex.c.obj)
                              (--whole-archive)
zephyr/libzephyr.a(rb.c.obj)  (--whole-archive)
zephyr/libzephyr.a(timeutil.c.obj)
                              (--whole-archive)
zephyr/libzephyr.a(bitarray.c.obj)
                              (--whole-archive)
zephyr/libzephyr.a(ring_buffer.c.obj)
                              (--whole-archive)
zephyr/libzephyr.a(last_section_id.c.obj)
                              (--whole-archive)
zephyr/libzephyr.a(configs.c.obj)
                              (--whole-archive)
zephyr/libzephyr.a(soc.c.obj)
                              (--whole-archive)
zephyr/libzephyr.a(log_minimal.c.obj)
                              (--whole-archive)
zephyr/libzephyr.a(mem_attr.c.obj)
                              (--whole-archive)
zephyr/libzephyr.a(tracing_none.c.obj)
                              (--whole-archive)
zephyr/arch/common/libarch__common.a(sw_isr_common.c.obj)
                              (--whole-archive)
zephyr/arch/arch/arm/core/libarch__arm__core.a(fatal.c.obj)
                              (--whole-archive)
zephyr/arch/arch/arm/core/libarch__arm__core.a(nmi.c.obj)
                              (--whole-archive)
zephyr/arch/arch/arm/core/libarch__arm__core.a(nmi_on_reset.S.obj)
                              (--whole-archive)
zephyr/arch/arch/arm/core/libarch__arm__core.a(tls.c.obj)
                              (--whole-archive)
zephyr/arch/arch/arm/core/cortex_m/libarch__arm__core__cortex_m.a(exc_exit.c.obj)
                              (--whole-archive)
zephyr/arch/arch/arm/core/cortex_m/libarch__arm__core__cortex_m.a(fault.c.obj)
                              (--whole-archive)
zephyr/arch/arch/arm/core/cortex_m/libarch__arm__core__cortex_m.a(fault_s.S.obj)
                              (--whole-archive)
zephyr/arch/arch/arm/core/cortex_m/libarch__arm__core__cortex_m.a(fpu.c.obj)
                              (--whole-archive)
zephyr/arch/arch/arm/core/cortex_m/libarch__arm__core__cortex_m.a(reset.S.obj)
                              (--whole-archive)
zephyr/arch/arch/arm/core/cortex_m/libarch__arm__core__cortex_m.a(scb.c.obj)
                              (--whole-archive)
zephyr/arch/arch/arm/core/cortex_m/libarch__arm__core__cortex_m.a(thread_abort.c.obj)
                              (--whole-archive)
zephyr/arch/arch/arm/core/cortex_m/libarch__arm__core__cortex_m.a(vector_table.S.obj)
                              (--whole-archive)
zephyr/arch/arch/arm/core/cortex_m/libarch__arm__core__cortex_m.a(swap_helper.S.obj)
                              (--whole-archive)
zephyr/arch/arch/arm/core/cortex_m/libarch__arm__core__cortex_m.a(irq_manage.c.obj)
                              (--whole-archive)
zephyr/arch/arch/arm/core/cortex_m/libarch__arm__core__cortex_m.a(prep_c.c.obj)
                              (--whole-archive)
zephyr/arch/arch/arm/core/cortex_m/libarch__arm__core__cortex_m.a(thread.c.obj)
                              (--whole-archive)
zephyr/arch/arch/arm/core/cortex_m/libarch__arm__core__cortex_m.a(cpu_idle.c.obj)
                              (--whole-archive)
zephyr/arch/arch/arm/core/cortex_m/libarch__arm__core__cortex_m.a(irq_init.c.obj)
                              (--whole-archive)
zephyr/arch/arch/arm/core/cortex_m/libarch__arm__core__cortex_m.a(isr_wrapper.c.obj)
                              (--whole-archive)
zephyr/arch/arch/arm/core/cortex_m/libarch__arm__core__cortex_m.a(__aeabi_read_tp.S.obj)
                              (--whole-archive)
zephyr/arch/arch/arm/core/mpu/libarch__arm__core__mpu.a(arm_core_mpu.c.obj)
[...]
Memory Configuration

Name             Origin             Length             Attributes
FLASH            0x0000000000000000 0x0000000000400000 xr
RAM              0x0000000020000000 0x0000000000400000 xw
IDT_LIST         0x00000000ffff7fff 0x0000000000008000 xw
*default*        0x0000000000000000 0xffffffffffffffff

Linker script and memory map

                0x000000000000829c                vfprintf = __l_vfprintf
                0x0000000000000000                vfscanf = __l_vfscanf
LOAD zephyr/CMakeFiles/zephyr_pre0.dir/misc/empty_file.c.obj
LOAD zephyr/CMakeFiles/offsets.dir/./arch/arm/core/offsets/offsets.c.obj
LOAD app/libapp.a
LOAD zephyr/libzephyr.a
LOAD zephyr/arch/common/libarch__common.a
LOAD zephyr/arch/arch/arm/core/libarch__arm__core.a
LOAD zephyr/arch/arch/arm/core/cortex_m/libarch__arm__core__cortex_m.a
LOAD zephyr/arch/arch/arm/core/mpu/libarch__arm__core__mpu.a
LOAD zephyr/lib/libc/picolibc/liblib__libc__picolibc.a
LOAD zephyr/lib/libc/common/liblib__libc__common.a
LOAD zephyr/lib/net_buf/liblib__net_buf.a
LOAD zephyr/subsys/random/libsubsys__random.a
LOAD zephyr/subsys/testsuite/ztest/libsubsys__testsuite__ztest.a
LOAD zephyr/subsys/zbus/libsubsys__zbus.a
LOAD zephyr/drivers/console/libdrivers__console.a
LOAD zephyr/drivers/gpio/libdrivers__gpio.a
LOAD zephyr/drivers/pinctrl/libdrivers__pinctrl.a
LOAD zephyr/drivers/serial/libdrivers__serial.a
LOAD zephyr/drivers/timer/libdrivers__timer.a
LOAD modules/camera_service/libsamples__projeto__modules__camera_service.a
LOAD zephyr/kernel/libkernel.a
LOAD zephyr/arch/common/libisr_tables.a
LOAD /Users/viniciuscortez/zephyr-sdk-0.17.1/arm-zephyr-eabi/bin/../lib/gcc/../../picolibc/arm-zephyr-eabi/lib/thumb/v7-m/nofp/libc.a
LOAD /Users/viniciuscortez/zephyr-sdk-0.17.1/arm-zephyr-eabi/bin/../lib/gcc/arm-zephyr-eabi/12.2.0/thumb/v7-m/nofp/libgcc.a
                0x0000000000000020                _region_min_align = 0x20

.rel.plt        0x0000000000000000        0x0
 *(SORT_BY_ALIGNMENT(.rel.plt))
                [!provide]                        PROVIDE (__rel_iplt_start = .)
 *(SORT_BY_ALIGNMENT(.rel.iplt))
 .rel.iplt      0x0000000000000000        0x0 app/libapp.a(main.c.obj)
                [!provide]                        PROVIDE (__rel_iplt_end = .)

.rela.plt       0x0000000000000000        0x0
 *(SORT_BY_ALIGNMENT(.rela.plt))
                [!provide]                        PROVIDE (__rela_iplt_start = .)
 *(SORT_BY_ALIGNMENT(.rela.iplt))
                [!provide]                        PROVIDE (__rela_iplt_end = .)

.rel.dyn
 *(SORT_BY_ALIGNMENT(.rel.*))

.rela.dyn
 *(SORT_BY_ALIGNMENT(.rela.*))

/DISCARD/
 *(SORT_BY_ALIGNMENT(.plt))

/DISCARD/
 *(SORT_BY_ALIGNMENT(.iplt))
                0x0000000000000000                __rom_region_start = 0x0

rom_start       0x0000000000000000      0x400
                0x0000000000000000                __rom_start_address = .
 FILL mask 0x00
                0x0000000000000000                . = (. + (0x0 - (. - __rom_start_address)))
                0x0000000000000000                . = ALIGN (0x4)
                0x0000000000000000                . = ALIGN (0x80)
                0x0000000000000000                . = ALIGN (0x100)
                0x0000000000000000                _vector_start = .
 *(SORT_BY_ALIGNMENT(.exc_vector_table))
 *(SORT_BY_ALIGNMENT(.exc_vector_table.*))
 .exc_vector_table._vector_table_section
                0x0000000000000000       0x40 zephyr/arch/arch/arm/core/cortex_m/libarch__arm__core__cortex_m.a(vector_table.S.obj)
                0x0000000000000000                _vector_table
 *(SORT_BY_ALIGNMENT(.vectors))
                0x00000000000000c0                _vector_end = .
                0x0000000000000040                . = ALIGN (0x4)
 *(SORT_BY_ALIGNMENT(.gnu.linkonce.irq_vector_table*))
 .gnu.linkonce.irq_vector_table
                0x0000000000000040       0x80 zephyr/arch/common/libisr_tables.a(isr_tables.c.obj)
                0x0000000000000040                _irq_vector_table
                0x00000000000000c0                _vector_end = .
                0x0000000000000400                . = MAX (ABSOLUTE (.), 0x400)
 *fill*         0x00000000000000c0      0x340 00

text            0x0000000000000400     0xb5cc
                0x0000000000000400                __text_region_start = .
 *(SORT_BY_ALIGNMENT(.text))
 .text          0x0000000000000400       0xa0 /Users/viniciuscortez/zephyr-sdk-0.17.1/arm-zephyr-eabi/bin/../lib/gcc/arm-zephyr-eabi/12.2.0/thumb/v7-m/nofp/libgcc.a(_aeabi_ldivmod.o)
                0x0000000000000400                __aeabi_ldivmod
 .text          0x00000000000004a0       0x30 /Users/viniciuscortez/zephyr-sdk-0.17.1/arm-zephyr-eabi/bin/../lib/gcc/arm-zephyr-eabi/12.2.0/thumb/v7-m/nofp/libgcc.a(_aeabi_uldivmod.o)
                0x00000000000004a0                __aeabi_uldivmod
 .text          0x00000000000004d0        0x4 /Users/viniciuscortez/zephyr-sdk-0.17.1/arm-zephyr-eabi/bin/../lib/gcc/arm-zephyr-eabi/12.2.0/thumb/v7-m/nofp/libgcc.a(_dvmd_tls.o)
                0x00000000000004d0                __aeabi_ldiv0
                0x00000000000004d0                __aeabi_idiv0
 .text          0x00000000000004d4       0x14 /Users/viniciuscortez/zephyr-sdk-0.17.1/arm-zephyr-eabi/bin/../lib/gcc/../../picolibc/arm-zephyr-eabi/lib/thumb/v7-m/nofp/libc.a(strcmp.S.o)
                0x00000000000004d4                strcmp
 .text          0x00000000000004e8       0x10 /Users/viniciuscortez/zephyr-sdk-0.17.1/arm-zephyr-eabi/bin/../lib/gcc/../../picolibc/arm-zephyr-eabi/lib/thumb/v7-m/nofp/libc.a(strlen.S.o)
                0x00000000000004e8                strlen
 .text          0x00000000000004f8      0x2a0 /Users/viniciuscortez/zephyr-sdk-0.17.1/arm-zephyr-eabi/bin/../lib/gcc/arm-zephyr-eabi/12.2.0/thumb/v7-m/nofp/libgcc.a(_udivmoddi4.o)
                0x00000000000004f8                __udivmoddi4
 *(SORT_BY_ALIGNMENT(.text.*))
 .text.compute_timeout
                0x0000000000000798       0x3c app/libapp.a(radar_processing.c.obj)
                0x0000000000000798                compute_timeout
 .text.z_zassert.constprop.0
                0x00000000000007d4       0x4c app/libapp.a(test_plate.c.obj)
 .text._app_tests_test_mercosul_plate_invalid_wrapper
                0x0000000000000820       0x3c app/libapp.a(test_plate.c.obj)
 .text._app_tests_test_mercosul_plate_valid_wrapper
                0x000000000000085c       0x34 app/libapp.a(test_plate.c.obj)
 .text._app_tests_test_plate_bo_invalid_wrapper
                0x0000000000000890       0x3c app/libapp.a(test_plate.c.obj)
 .text._app_tests_test_plate_bo_valid_wrapper
                0x00000000000008cc       0x34 app/libapp.a(test_plate.c.obj)
 .text._app_tests_test_plate_ur_invalid_wrapper
                0x0000000000000900       0x3c app/libapp.a(test_plate.c.obj)
 .text._app_tests_test_plate_ur_valid_wrapper
                0x000000000000093c       0x34 app/libapp.a(test_plate.c.obj)
 .text._app_tests_test_plate_pr_motorcycle_invalid_wrapper
                0x0000000000000970       0x3c app/libapp.a(test_plate.c.obj)
 .text._app_tests_test_plate_pr_motorcycle_valid_wrapper
                0x00000000000009ac       0x34 app/libapp.a(test_plate.c.obj)
 .text._app_tests_test_plate_pr_invalid_wrapper
                0x00000000000009e0       0x3c app/libapp.a(test_plate.c.obj)
 .text._app_tests_test_plate_pr_valid_wrapper
                0x0000000000000a1c       0x34 app/libapp.a(test_plate.c.obj)
 .text._app_tests_test_plate_ar_invalid_wrapper
                0x0000000000000a50       0x3c app/libapp.a(test_plate.c.obj)
 .text._app_tests_test_plate_ar_valid_wrapper
                0x0000000000000a8c       0x34 app/libapp.a(test_plate.c.obj)
 .text._app_tests_test_plate_br_invalid_wrapper
                0x0000000000000ac0       0x3c app/libapp.a(test_plate.c.obj)
 .text._app_tests_test_plate_br_valid_wrapper
                0x0000000000000afc       0x34 app/libapp.a(test_plate.c.obj)
 .text.z_zassert.constprop.0
                0x0000000000000b30       0x48 app/libapp.a(test_radar_processing.c.obj)
 .text._app_tests_test_computed_vehicle_status_infraction_to_heavy_vehicle_wrapper
                0x0000000000000b78       0x74 app/libapp.a(test_radar_processing.c.obj)
 .text._app_tests_test_computed_vehicle_status_attention_to_heavy_vehicle_wrapper
                0x0000000000000bec       0x74 app/libapp.a(test_radar_processing.c.obj)
 .text._app_tests_test_computed_vehicle_status_normal_to_heavy_vehicle_wrapper
                0x0000000000000c60       0x6c app/libapp.a(test_radar_processing.c.obj)
 .text._app_tests_test_computed_vehicle_status_infraction_to_light_vehicle_wrapper
                0x0000000000000ccc       0x70 app/libapp.a(test_radar_processing.c.obj)
 .text._app_tests_test_computed_vehicle_status_attention_to_light_vehicle_wrapper
                0x0000000000000d3c       0x70 app/libapp.a(test_radar_processing.c.obj)
 .text._app_tests_test_computed_vehicle_status_normal_to_light_vehicle_wrapper
                0x0000000000000dac       0x68 app/libapp.a(test_radar_processing.c.obj)
 .text._app_tests_test_computed_vehicle_type_heavy_wrapper
                0x0000000000000e14       0x74 app/libapp.a(test_radar_processing.c.obj)
 .text._app_tests_test_computed_vehicle_type_light_wrapper
                0x0000000000000e88       0x68 app/libapp.a(test_radar_processing.c.obj)
 .text._app_tests_test_computed_speed_infraction_wrapper
                0x0000000000000ef0       0x44 app/libapp.a(test_radar_processing.c.obj)
 .text._app_tests_test_computed_speed_attention_wrapper
                0x0000000000000f34       0x44 app/libapp.a(test_radar_processing.c.obj)
 .text._app_tests_test_computed_speed_normal_wrapper
                0x0000000000000f78       0x44 app/libapp.a(test_radar_processing.c.obj)
 .text.plate_is_br
                0x0000000000000fbc        0xc app/libapp.a(plate.c.obj)
                0x0000000000000fbc                plate_is_br
 .text.plate_is_ar
                0x0000000000000fc8        0xc app/libapp.a(plate.c.obj)
                0x0000000000000fc8                plate_is_ar
 .text.plate_is_pr
                0x0000000000000fd4        0xc app/libapp.a(plate.c.obj)
                0x0000000000000fd4                plate_is_pr
 .text.plate_is_ur
                0x0000000000000fe0        0xc app/libapp.a(plate.c.obj)
                0x0000000000000fe0                plate_is_ur
 .text.plate_is_bo
                0x0000000000000fec        0xc app/libapp.a(plate.c.obj)
                0x0000000000000fec                plate_is_bo
 .text.compute_vehicle_status
                0x0000000000000ff8       0x78 app/libapp.a(radar_processing.c.obj)
                0x0000000000000ff8                compute_vehicle_status
 .text.init_context
                0x0000000000001070       0x18 app/libapp.a(radar_processing.c.obj)
                0x0000000000001070                init_context
 .text.add_axle
                0x0000000000001088       0x10 app/libapp.a(radar_processing.c.obj)
                0x0000000000001088                add_axle
 .text.add_sensor2
                0x0000000000001098       0x20 app/libapp.a(radar_processing.c.obj)
                0x0000000000001098                add_sensor2
 .text.radar_process_sensor_event
                0x00000000000010b8       0xb0 app/libapp.a(radar_processing.c.obj)
                0x00000000000010b8                radar_process_sensor_event
 .text.sensor_thread
                0x0000000000001168       0x30 app/libapp.a(sensor.c.obj)
 .text.sys_heap_free
                0x0000000000001198       0x9c zephyr/libzephyr.a(heap.c.obj)
                0x0000000000001198                sys_heap_free
 .text.sys_heap_aligned_alloc
                0x0000000000001234      0x130 zephyr/libzephyr.a(heap.c.obj)
                0x0000000000001234                sys_heap_aligned_alloc
 .text.sys_heap_aligned_realloc
                0x0000000000001364       0xa4 zephyr/libzephyr.a(heap.c.obj)
                0x0000000000001364                sys_heap_aligned_realloc
 .text.sys_heap_init
                0x0000000000001408      0x13c zephyr/libzephyr.a(heap.c.obj)
                0x0000000000001408                sys_heap_init
 .text.char_out
                0x0000000000001544        0xc zephyr/libzephyr.a(printk.c.obj)
 .text.__printk_hook_install
                0x0000000000001550        0xc zephyr/libzephyr.a(printk.c.obj)
                0x0000000000001550                __printk_hook_install
 .text.vprintk  0x000000000000155c       0x30 zephyr/libzephyr.a(printk.c.obj)
                0x000000000000155c                vprintk
 .text.z_thread_entry
                0x000000000000158c       0x34 zephyr/libzephyr.a(thread_entry.c.obj)
                0x000000000000158c                z_thread_entry
 .text.mem_attr_get_regions
                0x00000000000015c0        0xc zephyr/libzephyr.a(mem_attr.c.obj)
                0x00000000000015c0                mem_attr_get_regions
 .text.z_arm_fatal_error
                0x00000000000015cc       0x70 zephyr/arch/arch/arm/core/libarch__arm__core.a(fatal.c.obj)
                0x00000000000015cc                z_arm_fatal_error
 .text.z_arm_nmi
                0x000000000000163c       0x14 zephyr/arch/arch/arm/core/libarch__arm__core.a(nmi.c.obj)
                0x000000000000163c                z_arm_nmi
 .text.z_SysNmiOnReset
                0x0000000000001650        0x8 zephyr/arch/arch/arm/core/libarch__arm__core.a(nmi_on_reset.S.obj)
                0x0000000000001650                z_SysNmiOnReset
 .text.arch_tls_stack_setup
                0x0000000000001658       0x40 zephyr/arch/arch/arm/core/libarch__arm__core.a(tls.c.obj)
                0x0000000000001658                arch_tls_stack_setup
 .text._HandlerModeExit
                0x0000000000001698       0x20 zephyr/arch/arch/arm/core/cortex_m/libarch__arm__core__cortex_m.a(exc_exit.c.obj)
                0x0000000000001698                z_arm_exc_exit
                0x0000000000001698                z_arm_int_exit
 .text.mem_manage_fault
                0x00000000000016b8      0x110 zephyr/arch/arch/arm/core/cortex_m/libarch__arm__core__cortex_m.a(fault.c.obj)
 .text.usage_fault.constprop.0
                0x00000000000017c8       0xa4 zephyr/arch/arch/arm/core/cortex_m/libarch__arm__core__cortex_m.a(fault.c.obj)
 .text.bus_fault.constprop.0
                0x000000000000186c       0xb4 zephyr/arch/arch/arm/core/cortex_m/libarch__arm__core__cortex_m.a(fault.c.obj)
 .text.z_arm_fault
                0x0000000000001920      0x21c zephyr/arch/arch/arm/core/cortex_m/libarch__arm__core__cortex_m.a(fault.c.obj)
                0x0000000000001920                z_arm_fault
 .text.z_arm_fault_init
                0x0000000000001b3c       0x18 zephyr/arch/arch/arm/core/cortex_m/libarch__arm__core__cortex_m.a(fault.c.obj)
                0x0000000000001b3c                z_arm_fault_init
 .text.__fault  0x0000000000001b54       0x14 zephyr/arch/arch/arm/core/cortex_m/libarch__arm__core__cortex_m.a(fault_s.S.obj)
                0x0000000000001b54                z_arm_bus_fault
                0x0000000000001b54                z_arm_usage_fault
                0x0000000000001b54                z_arm_mpu_fault
                0x0000000000001b54                z_arm_exc_spurious
                0x0000000000001b54                z_arm_debug_monitor
                0x0000000000001b54                z_arm_hard_fault
 .text._reset_section
                0x0000000000001b68       0x34 zephyr/arch/arch/arm/core/cortex_m/libarch__arm__core__cortex_m.a(reset.S.obj)
                0x0000000000001b68                z_arm_reset
                0x0000000000001b68                __start
 .text.z_impl_k_thread_abort
                0x0000000000001b9c       0x2c zephyr/arch/arch/arm/core/cortex_m/libarch__arm__core__cortex_m.a(thread_abort.c.obj)
                0x0000000000001b9c                z_impl_k_thread_abort
 .text.z_arm_pendsv
                0x0000000000001bc8       0x64 zephyr/arch/arch/arm/core/cortex_m/libarch__arm__core__cortex_m.a(swap_helper.S.obj)
                0x0000000000001bc8                z_arm_pendsv
 .text.z_arm_svc
                0x0000000000001c2c       0x24 zephyr/arch/arch/arm/core/cortex_m/libarch__arm__core__cortex_m.a(swap_helper.S.obj)
                0x0000000000001c2c                z_arm_svc
 .text.arm_irq_enable
                0x0000000000001c50       0x1c zephyr/arch/arch/arm/core/cortex_m/libarch__arm__core__cortex_m.a(irq_manage.c.obj)
                0x0000000000001c50                arm_irq_enable
 .text.arm_irq_priority_set
                0x0000000000001c6c       0x64 zephyr/arch/arch/arm/core/cortex_m/libarch__arm__core__cortex_m.a(irq_manage.c.obj)
                0x0000000000001c6c                arm_irq_priority_set
 .text.relocate_vector_table
                0x0000000000001cd0       0x20 zephyr/arch/arch/arm/core/cortex_m/libarch__arm__core__cortex_m.a(prep_c.c.obj)
                0x0000000000001cd0                relocate_vector_table
 .text.arch_new_thread
                0x0000000000001cf0       0x38 zephyr/arch/arch/arm/core/cortex_m/libarch__arm__core__cortex_m.a(thread.c.obj)
                0x0000000000001cf0                arch_new_thread
 .text.z_check_thread_stack_fail
                0x0000000000001d28       0x30 zephyr/arch/arch/arm/core/cortex_m/libarch__arm__core__cortex_m.a(thread.c.obj)
                0x0000000000001d28                z_check_thread_stack_fail
 .text.arch_switch_to_main_thread
                0x0000000000001d58       0x40 zephyr/arch/arch/arm/core/cortex_m/libarch__arm__core__cortex_m.a(thread.c.obj)
                0x0000000000001d58                arch_switch_to_main_thread
 .text.z_arm_cpu_idle_init
                0x0000000000001d98        0xc zephyr/arch/arch/arm/core/cortex_m/libarch__arm__core__cortex_m.a(cpu_idle.c.obj)
                0x0000000000001d98                z_arm_cpu_idle_init
 .text.z_arm_interrupt_init
                0x0000000000001da4       0x18 zephyr/arch/arch/arm/core/cortex_m/libarch__arm__core__cortex_m.a(irq_init.c.obj)
                0x0000000000001da4                z_arm_interrupt_init
 .text._isr_wrapper
                0x0000000000001dbc       0x24 zephyr/arch/arch/arm/core/cortex_m/libarch__arm__core__cortex_m.a(isr_wrapper.c.obj)
                0x0000000000001dbc                _isr_wrapper
 .text.z_arm_configure_static_mpu_regions
                0x0000000000001de0       0x18 zephyr/arch/arch/arm/core/mpu/libarch__arm__core__mpu.a(arm_core_mpu.c.obj)
                0x0000000000001de0                z_arm_configure_static_mpu_regions
 .text.z_arm_configure_dynamic_mpu_regions
                0x0000000000001df8       0x24 zephyr/arch/arch/arm/core/mpu/libarch__arm__core__mpu.a(arm_core_mpu.c.obj)
                0x0000000000001df8                z_arm_configure_dynamic_mpu_regions
 .text.region_allocate_and_init
                0x0000000000001e1c       0x4c zephyr/arch/arch/arm/core/mpu/libarch__arm__core__mpu.a(arm_mpu.c.obj)
 .text.arm_core_mpu_enable
                0x0000000000001e68       0x18 zephyr/arch/arch/arm/core/mpu/libarch__arm__core__mpu.a(arm_mpu.c.obj)
                0x0000000000001e68                arm_core_mpu_enable
 .text.arm_core_mpu_disable
                0x0000000000001e80       0x14 zephyr/arch/arch/arm/core/mpu/libarch__arm__core__mpu.a(arm_mpu.c.obj)
                0x0000000000001e80                arm_core_mpu_disable
 .text.arm_core_mpu_configure_static_mpu_regions
                0x0000000000001e94       0x8c zephyr/arch/arch/arm/core/mpu/libarch__arm__core__mpu.a(arm_mpu.c.obj)
                0x0000000000001e94                arm_core_mpu_configure_static_mpu_regions
 .text.arm_core_mpu_configure_dynamic_mpu_regions
                0x0000000000001f20       0x88 zephyr/arch/arch/arm/core/mpu/libarch__arm__core__mpu.a(arm_mpu.c.obj)
                0x0000000000001f20                arm_core_mpu_configure_dynamic_mpu_regions
 .text.z_arm_mpu_init
                0x0000000000001fa8      0x270 zephyr/arch/arch/arm/core/mpu/libarch__arm__core__mpu.a(arm_mpu.c.obj)
                0x0000000000001fa8                z_arm_mpu_init
 .text.z_impl_zephyr_fputc
                0x0000000000002218       0x10 zephyr/lib/libc/picolibc/liblib__libc__picolibc.a(stdio.c.obj)
                0x0000000000002218                z_impl_zephyr_fputc
 .text.__stdout_hook_install
                0x0000000000002228       0x18 zephyr/lib/libc/picolibc/liblib__libc__picolibc.a(stdio.c.obj)
                0x0000000000002228                __stdout_hook_install
 .text.malloc_prepare
                0x0000000000002240       0x20 zephyr/lib/libc/common/liblib__libc__common.a(malloc.c.obj)
 .text.malloc_lock
                0x0000000000002260       0x38 zephyr/lib/libc/common/liblib__libc__common.a(malloc.c.obj)
 .text.malloc_unlock
                0x0000000000002298        0xc zephyr/lib/libc/common/liblib__libc__common.a(malloc.c.obj)
 .text.malloc   0x00000000000022a4       0x34 zephyr/lib/libc/common/liblib__libc__common.a(malloc.c.obj)
                0x00000000000022a4                malloc
 .text.realloc  0x00000000000022d8       0x38 zephyr/lib/libc/common/liblib__libc__common.a(malloc.c.obj)
                0x00000000000022d8                realloc
 .text.free     0x0000000000002310       0x1c zephyr/lib/libc/common/liblib__libc__common.a(malloc.c.obj)
                0x0000000000002310                free
 .text.calloc   0x000000000000232c       0x34 zephyr/lib/libc/common/liblib__libc__common.a(malloc.c.obj)
                0x000000000000232c                calloc
 .text.net_buf_destroy
                0x0000000000002360       0x38 zephyr/lib/net_buf/liblib__net_buf.a(buf.c.obj)
 .text.net_buf_reset
                0x0000000000002398       0x48 zephyr/lib/net_buf/liblib__net_buf.a(buf.c.obj)
                0x0000000000002398                net_buf_reset
 .text.net_buf_alloc_len
                0x00000000000023e0      0x1c0 zephyr/lib/net_buf/liblib__net_buf.a(buf.c.obj)
                0x00000000000023e0                net_buf_alloc_len
 .text.net_buf_unref
                0x00000000000025a0       0x5c zephyr/lib/net_buf/liblib__net_buf.a(buf.c.obj)
                0x00000000000025a0                net_buf_unref
 .text.net_buf_clone
                0x00000000000025fc      0x128 zephyr/lib/net_buf/liblib__net_buf.a(buf.c.obj)
                0x00000000000025fc                net_buf_clone
 .text.net_buf_simple_remove_mem
                0x0000000000002724       0x34 zephyr/lib/net_buf/liblib__net_buf.a(buf_simple.c.obj)
                0x0000000000002724                net_buf_simple_remove_mem
 .text.net_buf_simple_add
                0x0000000000002758       0x3c zephyr/lib/net_buf/liblib__net_buf.a(buf_simple.c.obj)
                0x0000000000002758                net_buf_simple_add
 .text.z_impl_sys_rand_get
                0x0000000000002794       0xf0 zephyr/subsys/random/libsubsys__random.a(random_timer.c.obj)
                0x0000000000002794                z_impl_sys_rand_get
 .text.ztest_find_test_suite
                0x0000000000002884       0x2c zephyr/subsys/testsuite/ztest/libsubsys__testsuite__ztest.a(ztest.c.obj)
 .text.test_cb  0x00000000000028b0       0x5c zephyr/subsys/testsuite/ztest/libsubsys__testsuite__ztest.a(ztest.c.obj)
 .text.test_finalize
                0x000000000000290c       0x24 zephyr/subsys/testsuite/ztest/libsubsys__testsuite__ztest.a(ztest.c.obj)
 .text.ztest_test_fail
                0x0000000000002930       0x54 zephyr/subsys/testsuite/ztest/libsubsys__testsuite__ztest.a(ztest.c.obj)
                0x0000000000002930                ztest_test_fail
 .text.z_ztest_get_next_test
                0x0000000000002984       0x34 zephyr/subsys/testsuite/ztest/libsubsys__testsuite__ztest.a(ztest.c.obj)
                0x0000000000002984                z_ztest_get_next_test
 .text.z_ztest_run_test_suite_ptr.constprop.0
                0x00000000000029b8      0x2cc zephyr/subsys/testsuite/ztest/libsubsys__testsuite__ztest.a(ztest.c.obj)
 .text.z_impl_ztest_run_test_suites
                0x0000000000002c84       0x90 zephyr/subsys/testsuite/ztest/libsubsys__testsuite__ztest.a(ztest.c.obj)
                0x0000000000002c84                z_impl_ztest_run_test_suites
 .text.ztest_verify_all_test_suites_ran
                0x0000000000002d14       0xb0 zephyr/subsys/testsuite/ztest/libsubsys__testsuite__ztest.a(ztest.c.obj)
                0x0000000000002d14                ztest_verify_all_test_suites_ran
 .text.ztest_run_all
                0x0000000000002dc4       0x10 zephyr/subsys/testsuite/ztest/libsubsys__testsuite__ztest.a(ztest.c.obj)
                0x0000000000002dc4                ztest_run_all
 .text.main     0x0000000000002dd4      0x1c4 zephyr/subsys/testsuite/ztest/libsubsys__testsuite__ztest.a(ztest.c.obj)
                0x0000000000002dd4                main
 .text._zbus_init
                0x0000000000002f98       0x74 zephyr/subsys/zbus/libsubsys__zbus.a(zbus.c.obj)
                0x0000000000002f98                _zbus_init
 .text.zbus_chan_msg_size
                0x000000000000300c       0x38 zephyr/subsys/zbus/libsubsys__zbus.a(zbus.c.obj)
 .text._zbus_vded_exec
                0x0000000000003044      0x190 zephyr/subsys/zbus/libsubsys__zbus.a(zbus.c.obj)
 .text.chan_lock.constprop.0
                0x00000000000031d4      0x100 zephyr/subsys/zbus/libsubsys__zbus.a(zbus.c.obj)
 .text.zbus_chan_pub
                0x00000000000032d4      0x114 zephyr/subsys/zbus/libsubsys__zbus.a(zbus.c.obj)
                0x00000000000032d4                zbus_chan_pub
 .text.zbus_sub_wait_msg
                0x00000000000033e8      0x13c zephyr/subsys/zbus/libsubsys__zbus.a(zbus.c.obj)
                0x00000000000033e8                zbus_sub_wait_msg
 .text.uart_console_init
                0x0000000000003524       0x28 zephyr/drivers/console/libdrivers__console.a(uart_console.c.obj)
 .text.console_out
                0x000000000000354c       0x28 zephyr/drivers/console/libdrivers__console.a(uart_console.c.obj)
 .text.gpio_cmsdk_ahb_manage_callback
                0x0000000000003574       0xa0 zephyr/drivers/gpio/libdrivers__gpio.a(gpio_cmsdk_ahb.c.obj)
 .text.gpio_cmsdk_ahb_isr
                0x0000000000003614       0x60 zephyr/drivers/gpio/libdrivers__gpio.a(gpio_cmsdk_ahb.c.obj)
 .text.pinctrl_configure_pins
                0x0000000000003674       0x44 zephyr/drivers/pinctrl/libdrivers__pinctrl.a(pinctrl_arm_mps2.c.obj)
                0x0000000000003674                pinctrl_configure_pins
 .text.elapsed  0x00000000000036b8       0x4c zephyr/drivers/timer/libdrivers__timer.a(cortex_m_systick.c.obj)
 .text.sys_clock_driver_init
                0x0000000000003704       0x38 zephyr/drivers/timer/libdrivers__timer.a(cortex_m_systick.c.obj)
 .text.sys_clock_isr
                0x000000000000373c       0x50 zephyr/drivers/timer/libdrivers__timer.a(cortex_m_systick.c.obj)
                0x000000000000373c                sys_clock_isr
 .text.sys_clock_set_timeout
                0x000000000000378c      0x14c zephyr/drivers/timer/libdrivers__timer.a(cortex_m_systick.c.obj)
                0x000000000000378c                sys_clock_set_timeout
 .text.sys_clock_elapsed
                0x00000000000038d8       0xa8 zephyr/drivers/timer/libdrivers__timer.a(cortex_m_systick.c.obj)
                0x00000000000038d8                sys_clock_elapsed
 .text.sys_clock_cycle_get_32
                0x0000000000003980       0x94 zephyr/drivers/timer/libdrivers__timer.a(cortex_m_systick.c.obj)
                0x0000000000003980                sys_clock_cycle_get_32
 .text.camera_thread
                0x0000000000003a14      0x120 modules/camera_service/libsamples__projeto__modules__camera_service.a(camera_service.c.obj)
                0x0000000000003a14                camera_thread
 .text.z_device_state_init
                0x0000000000003b34       0x44 zephyr/kernel/libkernel.a(device.c.obj)
                0x0000000000003b34                z_device_state_init
 .text.k_sys_fatal_error_handler
                0x0000000000003b78       0x18 zephyr/kernel/libkernel.a(fatal.c.obj)
                0x0000000000003b78                k_sys_fatal_error_handler
 .text.z_fatal_error
                0x0000000000003b90       0xb4 zephyr/kernel/libkernel.a(fatal.c.obj)
                0x0000000000003b90                z_fatal_error
 .text.z_sys_init_run_level
                0x0000000000003c44       0x30 zephyr/kernel/libkernel.a(init.c.obj)
 .text.bg_thread_main
                0x0000000000003c74      0x108 zephyr/kernel/libkernel.a(init.c.obj)
 .text.z_bss_zero
                0x0000000000003d7c       0x18 zephyr/kernel/libkernel.a(init.c.obj)
                0x0000000000003d7c                z_bss_zero
 .text.z_init_cpu
                0x0000000000003d94       0x78 zephyr/kernel/libkernel.a(init.c.obj)
                0x0000000000003d94                z_init_cpu
 .text.z_cstart
                0x0000000000003e0c       0xc8 zephyr/kernel/libkernel.a(init.c.obj)
                0x0000000000003e0c                z_cstart
 .text.statics_init
                0x0000000000003ed4       0x50 zephyr/kernel/libkernel.a(kheap.c.obj)
 .text.k_heap_free
                0x0000000000003f24       0xa8 zephyr/kernel/libkernel.a(kheap.c.obj)
                0x0000000000003f24                k_heap_free
 .text.idle     0x0000000000003fcc       0x48 zephyr/kernel/libkernel.a(idle.c.obj)
                0x0000000000003fcc                idle
 .text.unpend_thread_no_timeout
                0x0000000000004014       0x40 zephyr/kernel/libkernel.a(msg_q.c.obj)
 .text.z_impl_k_msgq_put
                0x0000000000004054      0x1a8 zephyr/kernel/libkernel.a(msg_q.c.obj)
                0x0000000000004054                z_impl_k_msgq_put
 .text.z_impl_k_msgq_get
                0x00000000000041fc      0x1c4 zephyr/kernel/libkernel.a(msg_q.c.obj)
                0x00000000000041fc                z_impl_k_msgq_get
 .text.z_impl_k_mutex_lock
                0x00000000000043c0      0x1a0 zephyr/kernel/libkernel.a(mutex.c.obj)
                0x00000000000043c0                z_impl_k_mutex_lock
 .text.z_impl_k_mutex_unlock
                0x0000000000004560      0x1a0 zephyr/kernel/libkernel.a(mutex.c.obj)
                0x0000000000004560                z_impl_k_mutex_unlock
 .text.unpend_thread_no_timeout
                0x0000000000004700       0x40 zephyr/kernel/libkernel.a(queue.c.obj)
 .text.queue_insert
                0x0000000000004740      0x17c zephyr/kernel/libkernel.a(queue.c.obj)
 .text.z_impl_k_queue_get
                0x00000000000048bc       0xd8 zephyr/kernel/libkernel.a(queue.c.obj)
                0x00000000000048bc                z_impl_k_queue_get
 .text.unpend_thread_no_timeout
                0x0000000000004994       0x40 zephyr/kernel/libkernel.a(sem.c.obj)
 .text.z_impl_k_sem_give
                0x00000000000049d4       0xfc zephyr/kernel/libkernel.a(sem.c.obj)
                0x00000000000049d4                z_impl_k_sem_give
 .text.z_impl_k_sem_take
                0x0000000000004ad0       0xf4 zephyr/kernel/libkernel.a(sem.c.obj)
                0x0000000000004ad0                z_impl_k_sem_take
 .text.work_queue_main
                0x0000000000004bc4      0x208 zephyr/kernel/libkernel.a(work.c.obj)
 .text.submit_to_queue_locked
                0x0000000000004dcc       0xdc zephyr/kernel/libkernel.a(work.c.obj)
 .text.work_timeout
                0x0000000000004ea8       0xa8 zephyr/kernel/libkernel.a(work.c.obj)
 .text.k_work_queue_start
                0x0000000000004f50       0xe0 zephyr/kernel/libkernel.a(work.c.obj)
                0x0000000000004f50                k_work_queue_start
 .text.k_work_reschedule_for_queue
                0x0000000000005030      0x104 zephyr/kernel/libkernel.a(work.c.obj)
                0x0000000000005030                k_work_reschedule_for_queue
 .text.k_work_reschedule
                0x0000000000005134        0xc zephyr/kernel/libkernel.a(work.c.obj)
                0x0000000000005134                k_work_reschedule
 .text.z_impl_k_thread_name_set
                0x0000000000005140       0x20 zephyr/kernel/libkernel.a(thread.c.obj)
                0x0000000000005140                z_impl_k_thread_name_set
 .text.z_setup_new_thread
                0x0000000000005160      0x104 zephyr/kernel/libkernel.a(thread.c.obj)
                0x0000000000005160                z_setup_new_thread
 .text.z_impl_k_thread_create
                0x0000000000005264       0x8c zephyr/kernel/libkernel.a(thread.c.obj)
                0x0000000000005264                z_impl_k_thread_create
 .text.z_dummy_thread_init
                0x00000000000052f0       0x20 zephyr/kernel/libkernel.a(thread.c.obj)
                0x00000000000052f0                z_dummy_thread_init
 .text.z_swap_irqlock
                0x0000000000005310       0x34 zephyr/kernel/libkernel.a(sched.c.obj)
 .text.unready_thread
                0x0000000000005344       0xa4 zephyr/kernel/libkernel.a(sched.c.obj)
 .text.unpend_thread_no_timeout
                0x00000000000053e8       0x38 zephyr/kernel/libkernel.a(sched.c.obj)
 .text.ready_thread
                0x0000000000005420       0xd4 zephyr/kernel/libkernel.a(sched.c.obj)
 .text.move_thread_to_end_of_prio_q
                0x00000000000054f4       0xf4 zephyr/kernel/libkernel.a(sched.c.obj)
                0x00000000000054f4                move_thread_to_end_of_prio_q
 .text.z_ready_thread
                0x00000000000055e8       0x8c zephyr/kernel/libkernel.a(sched.c.obj)
                0x00000000000055e8                z_ready_thread
 .text.z_unpend_thread_no_timeout
                0x0000000000005674       0x90 zephyr/kernel/libkernel.a(sched.c.obj)
                0x0000000000005674                z_unpend_thread_no_timeout
 .text.z_sched_wake_thread
                0x0000000000005704       0xa8 zephyr/kernel/libkernel.a(sched.c.obj)
                0x0000000000005704                z_sched_wake_thread
 .text.z_pend_curr
                0x00000000000057ac      0x10c zephyr/kernel/libkernel.a(sched.c.obj)
                0x00000000000057ac                z_pend_curr
 .text.z_thread_prio_set
                0x00000000000058b8      0x1ac zephyr/kernel/libkernel.a(sched.c.obj)
                0x00000000000058b8                z_thread_prio_set
 .text.z_reschedule
                0x0000000000005a64       0x8c zephyr/kernel/libkernel.a(sched.c.obj)
                0x0000000000005a64                z_reschedule
 .text.z_reschedule_irqlock
                0x0000000000005af0       0x28 zephyr/kernel/libkernel.a(sched.c.obj)
                0x0000000000005af0                z_reschedule_irqlock
 .text.k_sched_lock
                0x0000000000005b18       0xdc zephyr/kernel/libkernel.a(sched.c.obj)
                0x0000000000005b18                k_sched_lock
 .text.k_sched_unlock
                0x0000000000005bf4      0x120 zephyr/kernel/libkernel.a(sched.c.obj)
                0x0000000000005bf4                k_sched_unlock
 .text.z_sched_init
                0x0000000000005d14       0x10 zephyr/kernel/libkernel.a(sched.c.obj)
                0x0000000000005d14                z_sched_init
 .text.z_impl_k_thread_priority_set
                0x0000000000005d24       0x6c zephyr/kernel/libkernel.a(sched.c.obj)
                0x0000000000005d24                z_impl_k_thread_priority_set
 .text.z_impl_k_yield
                0x0000000000005d90      0x120 zephyr/kernel/libkernel.a(sched.c.obj)
                0x0000000000005d90                z_impl_k_yield
 .text.z_impl_k_wakeup
                0x0000000000005eb0       0xb0 zephyr/kernel/libkernel.a(sched.c.obj)
                0x0000000000005eb0                z_impl_k_wakeup
 .text.z_impl_k_sched_current_thread_query
                0x0000000000005f60        0xc zephyr/kernel/libkernel.a(sched.c.obj)
                0x0000000000005f60                z_impl_k_sched_current_thread_query
 .text.z_thread_abort
                0x0000000000005f6c      0x248 zephyr/kernel/libkernel.a(sched.c.obj)
                0x0000000000005f6c                z_thread_abort
 .text.z_impl_k_thread_join
                0x00000000000061b4      0x148 zephyr/kernel/libkernel.a(sched.c.obj)
                0x00000000000061b4                z_impl_k_thread_join
 .text.z_sched_wake
                0x00000000000062fc       0xbc zephyr/kernel/libkernel.a(sched.c.obj)
                0x00000000000062fc                z_sched_wake
 .text.z_sched_wait
                0x00000000000063b8       0x24 zephyr/kernel/libkernel.a(sched.c.obj)
                0x00000000000063b8                z_sched_wait
 .text.slice_timeout
                0x00000000000063dc       0x5c zephyr/kernel/libkernel.a(timeslicing.c.obj)
 .text.thread_is_sliceable
                0x0000000000006438       0x3c zephyr/kernel/libkernel.a(timeslicing.c.obj)
                0x0000000000006438                thread_is_sliceable
 .text.z_reset_time_slice
                0x0000000000006474       0x50 zephyr/kernel/libkernel.a(timeslicing.c.obj)
                0x0000000000006474                z_reset_time_slice
 .text.z_time_slice
                0x00000000000064c4       0xc8 zephyr/kernel/libkernel.a(timeslicing.c.obj)
                0x00000000000064c4                z_time_slice
 .text.z_spin_lock_valid
                0x000000000000658c       0x1c zephyr/kernel/libkernel.a(spinlock_validate.c.obj)
                0x000000000000658c                z_spin_lock_valid
 .text.z_spin_unlock_valid
                0x00000000000065a8       0x2c zephyr/kernel/libkernel.a(spinlock_validate.c.obj)
                0x00000000000065a8                z_spin_unlock_valid
 .text.z_spin_lock_set_owner
                0x00000000000065d4       0x10 zephyr/kernel/libkernel.a(spinlock_validate.c.obj)
                0x00000000000065d4                z_spin_lock_set_owner
 .text.z_data_copy
                0x00000000000065e4       0x38 zephyr/kernel/libkernel.a(xip.c.obj)
                0x00000000000065e4                z_data_copy
 .text.first    0x000000000000661c       0x10 zephyr/kernel/libkernel.a(timeout.c.obj)
 .text.elapsed  0x000000000000662c       0x14 zephyr/kernel/libkernel.a(timeout.c.obj)
 .text.remove_timeout
                0x0000000000006640       0x38 zephyr/kernel/libkernel.a(timeout.c.obj)
 .text.z_add_timeout
                0x0000000000006678      0x1b8 zephyr/kernel/libkernel.a(timeout.c.obj)
                0x0000000000006678                z_add_timeout
 .text.z_abort_timeout
                0x0000000000006830       0xbc zephyr/kernel/libkernel.a(timeout.c.obj)
                0x0000000000006830                z_abort_timeout
 .text.sys_clock_announce
                0x00000000000068ec      0x148 zephyr/kernel/libkernel.a(timeout.c.obj)
                0x00000000000068ec                sys_clock_announce
 .text.sys_clock_tick_get
                0x0000000000006a34       0x9c zephyr/kernel/libkernel.a(timeout.c.obj)
                0x0000000000006a34                sys_clock_tick_get
 .text.z_alloc_helper
                0x0000000000006ad0       0xfc zephyr/kernel/libkernel.a(mempool.c.obj)
 .text.z_thread_alloc_helper
                0x0000000000006bcc       0x38 zephyr/kernel/libkernel.a(mempool.c.obj)
 .text.k_malloc
                0x0000000000006c04       0x14 zephyr/kernel/libkernel.a(mempool.c.obj)
                0x0000000000006c04                k_malloc
 .text.k_thread_system_pool_assign
                0x0000000000006c18        0xc zephyr/kernel/libkernel.a(mempool.c.obj)
                0x0000000000006c18                k_thread_system_pool_assign
 .text.z_thread_malloc
                0x0000000000006c24       0x10 zephyr/kernel/libkernel.a(mempool.c.obj)
                0x0000000000006c24                z_thread_malloc
 .text.boot_banner
                0x0000000000006c34        0xc zephyr/kernel/libkernel.a(banner.c.obj)
                0x0000000000006c34                boot_banner
 .text.k_sys_work_q_init
                0x0000000000006c40       0x2c zephyr/kernel/libkernel.a(system_work_q.c.obj)
 .text.seterr.isra.0
                0x0000000000006c6c       0x30 /Users/viniciuscortez/zephyr-sdk-0.17.1/arm-zephyr-eabi/bin/../lib/gcc/../../picolibc/arm-zephyr-eabi/lib/thumb/v7-m/nofp/libc.a(libc_posix_regcomp.c.o)
 .text.p_b_coll_elem
                0x0000000000006c9c       0x6c /Users/viniciuscortez/zephyr-sdk-0.17.1/arm-zephyr-eabi/bin/../lib/gcc/../../picolibc/arm-zephyr-eabi/lib/thumb/v7-m/nofp/libc.a(libc_posix_regcomp.c.o)
 .text.p_bracket
                0x0000000000006d08      0x764 /Users/viniciuscortez/zephyr-sdk-0.17.1/arm-zephyr-eabi/bin/../lib/gcc/../../picolibc/arm-zephyr-eabi/lib/thumb/v7-m/nofp/libc.a(libc_posix_regcomp.c.o)
 .text.p_ere    0x000000000000746c      0x434 /Users/viniciuscortez/zephyr-sdk-0.17.1/arm-zephyr-eabi/bin/../lib/gcc/../../picolibc/arm-zephyr-eabi/lib/thumb/v7-m/nofp/libc.a(libc_posix_regcomp.c.o)
 .text.p_bre    0x00000000000078a0      0x364 /Users/viniciuscortez/zephyr-sdk-0.17.1/arm-zephyr-eabi/bin/../lib/gcc/../../picolibc/arm-zephyr-eabi/lib/thumb/v7-m/nofp/libc.a(libc_posix_regcomp.c.o)
 .text.sbackref
                0x0000000000007c04      0x34c /Users/viniciuscortez/zephyr-sdk-0.17.1/arm-zephyr-eabi/bin/../lib/gcc/../../picolibc/arm-zephyr-eabi/lib/thumb/v7-m/nofp/libc.a(libc_posix_regexec.c.o)
 .text.lbackref
                0x0000000000007f50      0x34c /Users/viniciuscortez/zephyr-sdk-0.17.1/arm-zephyr-eabi/bin/../lib/gcc/../../picolibc/arm-zephyr-eabi/lib/thumb/v7-m/nofp/libc.a(libc_posix_regexec.c.o)
 .text.__l_vfprintf
                0x000000000000829c      0x4b8 /Users/viniciuscortez/zephyr-sdk-0.17.1/arm-zephyr-eabi/bin/../lib/gcc/../../picolibc/arm-zephyr-eabi/lib/thumb/v7-m/nofp/libc.a(libc_tinystdio_vflprintf.c.o)
                0x000000000000829c                __l_vfprintf
 .text._OffsetAbsSyms
                0x0000000000008754        0x2 zephyr/CMakeFiles/offsets.dir/./arch/arm/core/offsets/offsets.c.obj
                0x0000000000008754                _OffsetAbsSyms
 .text.k_uptime_get_32
                0x0000000000008756        0xc app/libapp.a(test_radar_processing.c.obj)
 .text.plate_match_pattern
                0x0000000000008762       0x34 app/libapp.a(plate.c.obj)
 .text.plate_is_valid_mercosul
                0x0000000000008796       0x38 app/libapp.a(plate.c.obj)
                0x0000000000008796                plate_is_valid_mercosul
 .text.compute_speed_kmh
                0x00000000000087ce       0x14 app/libapp.a(radar_processing.c.obj)
                0x00000000000087ce                compute_speed_kmh
 .text.radar_evaluate_speed
                0x00000000000087e2       0x2e app/libapp.a(radar_control.c.obj)
                0x00000000000087e2                radar_evaluate_speed
 .text.chunk_field
                0x0000000000008810       0x16 zephyr/libzephyr.a(heap.c.obj)
 .text.chunk_set
                0x0000000000008826       0x16 zephyr/libzephyr.a(heap.c.obj)
 .text.chunk_size
                0x000000000000883c        0xc zephyr/libzephyr.a(heap.c.obj)
 .text.set_chunk_used
                0x0000000000008848       0x30 zephyr/libzephyr.a(heap.c.obj)
 .text.set_chunk_size
                0x0000000000008878        0x8 zephyr/libzephyr.a(heap.c.obj)
 .text.mem_to_chunkid
                0x0000000000008880       0x14 zephyr/libzephyr.a(heap.c.obj)
 .text.bucket_idx.isra.0
                0x0000000000008894       0x1c zephyr/libzephyr.a(heap.c.obj)
 .text.free_list_remove_bidx
                0x00000000000088b0       0x5c zephyr/libzephyr.a(heap.c.obj)
 .text.free_list_remove
                0x000000000000890c       0x2e zephyr/libzephyr.a(heap.c.obj)
 .text.alloc_chunk
                0x000000000000893a       0x74 zephyr/libzephyr.a(heap.c.obj)
 .text.split_chunks
                0x00000000000089ae       0x4e zephyr/libzephyr.a(heap.c.obj)
 .text.merge_chunks
                0x00000000000089fc       0x3c zephyr/libzephyr.a(heap.c.obj)
 .text.free_list_add
                0x0000000000008a38       0x84 zephyr/libzephyr.a(heap.c.obj)
 .text.free_chunk
                0x0000000000008abc       0x84 zephyr/libzephyr.a(heap.c.obj)
 .text.inplace_realloc.isra.0
                0x0000000000008b40       0xde zephyr/libzephyr.a(heap.c.obj)
 .text.sys_heap_usable_size
                0x0000000000008c1e       0x22 zephyr/libzephyr.a(heap.c.obj)
                0x0000000000008c1e                sys_heap_usable_size
 .text.sys_heap_alloc
                0x0000000000008c40       0x76 zephyr/libzephyr.a(heap.c.obj)
                0x0000000000008c40                sys_heap_alloc
 .text.sys_heap_noalign_alloc
                0x0000000000008cb6        0x6 zephyr/libzephyr.a(heap.c.obj)
                0x0000000000008cb6                sys_heap_noalign_alloc
 .text.arch_printk_char_out
                0x0000000000008cbc        0x4 zephyr/libzephyr.a(printk.c.obj)
                0x0000000000008cbc                arch_printk_char_out
 .text.printk   0x0000000000008cc0       0x1a zephyr/libzephyr.a(printk.c.obj)
                0x0000000000008cc0                printk
 .text.assert_post_action
                0x0000000000008cda       0x12 zephyr/libzephyr.a(assert.c.obj)
                0x0000000000008cda                assert_post_action
 .text.assert_print
                0x0000000000008cec       0x1a zephyr/libzephyr.a(assert.c.obj)
                0x0000000000008cec                assert_print
 .text._ConfigAbsSyms
                0x0000000000008d06        0x2 zephyr/libzephyr.a(configs.c.obj)
                0x0000000000008d06                _ConfigAbsSyms
 .text.z_log_minimal_printk
                0x0000000000008d08       0x1a zephyr/libzephyr.a(log_minimal.c.obj)
                0x0000000000008d08                z_log_minimal_printk
 .text.z_do_kernel_oops
                0x0000000000008d22        0x8 zephyr/arch/arch/arm/core/libarch__arm__core.a(fatal.c.obj)
                0x0000000000008d22                z_do_kernel_oops
 .text.z_irq_spurious
                0x0000000000008d2a        0x8 zephyr/arch/arch/arm/core/cortex_m/libarch__arm__core__cortex_m.a(irq_manage.c.obj)
                0x0000000000008d2a                z_irq_spurious
 .text.z_prep_c
                0x0000000000008d32       0x16 zephyr/arch/arch/arm/core/cortex_m/libarch__arm__core__cortex_m.a(prep_c.c.obj)
                0x0000000000008d32                z_prep_c
 .text.arch_irq_unlock_outlined
                0x0000000000008d48        0xe zephyr/arch/arch/arm/core/cortex_m/libarch__arm__core__cortex_m.a(thread.c.obj)
                0x0000000000008d48                arch_irq_unlock_outlined
 .text.arch_cpu_idle
                0x0000000000008d56       0x1a zephyr/arch/arch/arm/core/cortex_m/libarch__arm__core__cortex_m.a(cpu_idle.c.obj)
                0x0000000000008d56                arch_cpu_idle
 .text.size_to_mpu_rasr_size
                0x0000000000008d70       0x20 zephyr/arch/arch/arm/core/mpu/libarch__arm__core__mpu.a(arm_mpu.c.obj)
 .text.mpu_configure_region
                0x0000000000008d90       0x22 zephyr/arch/arch/arm/core/mpu/libarch__arm__core__mpu.a(arm_mpu.c.obj)
 .text.picolibc_put
                0x0000000000008db2        0xa zephyr/lib/libc/picolibc/liblib__libc__picolibc.a(stdio.c.obj)
 .text.generic_data_ref
                0x0000000000008dbc        0xe zephyr/lib/net_buf/liblib__net_buf.a(buf.c.obj)
 .text.heap_data_unref
                0x0000000000008dca       0x16 zephyr/lib/net_buf/liblib__net_buf.a(buf.c.obj)
 .text.heap_data_alloc
                0x0000000000008de0       0x14 zephyr/lib/net_buf/liblib__net_buf.a(buf.c.obj)
 .text.net_buf_simple_headroom
                0x0000000000008df4        0x8 zephyr/lib/net_buf/liblib__net_buf.a(buf_simple.c.obj)
                0x0000000000008df4                net_buf_simple_headroom
 .text.net_buf_simple_tailroom
                0x0000000000008dfc       0x10 zephyr/lib/net_buf/liblib__net_buf.a(buf_simple.c.obj)
                0x0000000000008dfc                net_buf_simple_tailroom
 .text.net_buf_simple_add_mem
                0x0000000000008e0c       0x18 zephyr/lib/net_buf/liblib__net_buf.a(buf_simple.c.obj)
                0x0000000000008e0c                net_buf_simple_add_mem
 .text.test_main
                0x0000000000008e24       0x16 zephyr/subsys/testsuite/ztest/libsubsys__testsuite__ztest.a(ztest.c.obj)
                0x0000000000008e24                test_main
 .text.z_ztest_should_suite_run
                0x0000000000008e3a        0xa zephyr/subsys/testsuite/ztest/libsubsys__testsuite__ztest.a(ztest_defaults.c.obj)
                0x0000000000008e3a                z_ztest_should_suite_run
 .text.z_ztest_should_test_run
                0x0000000000008e44        0x4 zephyr/subsys/testsuite/ztest/libsubsys__testsuite__ztest.a(ztest_defaults.c.obj)
                0x0000000000008e44                z_ztest_should_test_run
 .text.z_ztest_run_all
                0x0000000000008e48        0x4 zephyr/subsys/testsuite/ztest/libsubsys__testsuite__ztest.a(ztest_defaults.c.obj)
                0x0000000000008e48                z_ztest_run_all
 .text.ztest_relative_filename
                0x0000000000008e4c        0x2 zephyr/subsys/testsuite/ztest/libsubsys__testsuite__ztest.a(ztest_defaults.c.obj)
                0x0000000000008e4c                ztest_relative_filename
 .text.gpio_cmsdk_ahb_port_get_raw
                0x0000000000008e4e        0xc zephyr/drivers/gpio/libdrivers__gpio.a(gpio_cmsdk_ahb.c.obj)
 .text.gpio_cmsdk_ahb_port_set_masked_raw
                0x0000000000008e5a       0x12 zephyr/drivers/gpio/libdrivers__gpio.a(gpio_cmsdk_ahb.c.obj)
 .text.gpio_cmsdk_ahb_port_set_bits_raw
                0x0000000000008e6c        0xe zephyr/drivers/gpio/libdrivers__gpio.a(gpio_cmsdk_ahb.c.obj)
 .text.gpio_cmsdk_ahb_port_clear_bits_raw
                0x0000000000008e7a       0x10 zephyr/drivers/gpio/libdrivers__gpio.a(gpio_cmsdk_ahb.c.obj)
 .text.gpio_cmsdk_ahb_port_toggle_bits
                0x0000000000008e8a        0xe zephyr/drivers/gpio/libdrivers__gpio.a(gpio_cmsdk_ahb.c.obj)
 .text.gpio_cmsdk_ahb_pin_interrupt_configure
                0x0000000000008e98       0x4a zephyr/drivers/gpio/libdrivers__gpio.a(gpio_cmsdk_ahb.c.obj)
 .text.gpio_cmsdk_ahb_init
                0x0000000000008ee2        0xc zephyr/drivers/gpio/libdrivers__gpio.a(gpio_cmsdk_ahb.c.obj)
 .text.gpio_cmsdk_port_0_config_func
                0x0000000000008eee       0x16 zephyr/drivers/gpio/libdrivers__gpio.a(gpio_cmsdk_ahb.c.obj)
 .text.gpio_cmsdk_port_1_config_func
                0x0000000000008f04       0x16 zephyr/drivers/gpio/libdrivers__gpio.a(gpio_cmsdk_ahb.c.obj)
 .text.gpio_cmsdk_port_2_config_func
                0x0000000000008f1a       0x16 zephyr/drivers/gpio/libdrivers__gpio.a(gpio_cmsdk_ahb.c.obj)
 .text.gpio_cmsdk_port_3_config_func
                0x0000000000008f30       0x16 zephyr/drivers/gpio/libdrivers__gpio.a(gpio_cmsdk_ahb.c.obj)
 .text.cmsdk_ahb_gpio_config
                0x0000000000008f46       0x40 zephyr/drivers/gpio/libdrivers__gpio.a(gpio_cmsdk_ahb.c.obj)
                0x0000000000008f46                cmsdk_ahb_gpio_config
 .text.gpio_cmsdk_ahb_config
                0x0000000000008f86        0xa zephyr/drivers/gpio/libdrivers__gpio.a(gpio_cmsdk_ahb.c.obj)
 .text.gpio_mmio32_config
                0x0000000000008f90       0x70 zephyr/drivers/gpio/libdrivers__gpio.a(gpio_mmio32.c.obj)
 .text.gpio_mmio32_port_get_raw
                0x0000000000009000       0x12 zephyr/drivers/gpio/libdrivers__gpio.a(gpio_mmio32.c.obj)
 .text.gpio_mmio32_port_set_masked_raw
                0x0000000000009012       0x2e zephyr/drivers/gpio/libdrivers__gpio.a(gpio_mmio32.c.obj)
 .text.gpio_mmio32_port_set_bits_raw
                0x0000000000009040       0x2a zephyr/drivers/gpio/libdrivers__gpio.a(gpio_mmio32.c.obj)
 .text.gpio_mmio32_port_clear_bits_raw
                0x000000000000906a       0x2c zephyr/drivers/gpio/libdrivers__gpio.a(gpio_mmio32.c.obj)
 .text.gpio_mmio32_port_toggle_bits
                0x0000000000009096       0x2a zephyr/drivers/gpio/libdrivers__gpio.a(gpio_mmio32.c.obj)
 .text.gpio_mmio32_pin_interrupt_configure
                0x00000000000090c0        0x6 zephyr/drivers/gpio/libdrivers__gpio.a(gpio_mmio32.c.obj)
                0x00000000000090c0                gpio_mmio32_pin_interrupt_configure
 .text.gpio_mmio32_init
                0x00000000000090c6        0xa zephyr/drivers/gpio/libdrivers__gpio.a(gpio_mmio32.c.obj)
                0x00000000000090c6                gpio_mmio32_init
 .text.pinctrl_lookup_state
                0x00000000000090d0       0x26 zephyr/drivers/pinctrl/libdrivers__pinctrl.a(common.c.obj)
                0x00000000000090d0                pinctrl_lookup_state
 .text.uart_cmsdk_apb_poll_in
                0x00000000000090f6       0x16 zephyr/drivers/serial/libdrivers__serial.a(uart_cmsdk_apb.c.obj)
 .text.uart_cmsdk_apb_poll_out
                0x000000000000910c        0xe zephyr/drivers/serial/libdrivers__serial.a(uart_cmsdk_apb.c.obj)
 .text.uart_cmsdk_apb_fifo_fill
                0x000000000000911a       0x20 zephyr/drivers/serial/libdrivers__serial.a(uart_cmsdk_apb.c.obj)
 .text.uart_cmsdk_apb_fifo_read
                0x000000000000913a       0x20 zephyr/drivers/serial/libdrivers__serial.a(uart_cmsdk_apb.c.obj)
 .text.uart_cmsdk_apb_irq_tx_disable
                0x000000000000915a       0x14 zephyr/drivers/serial/libdrivers__serial.a(uart_cmsdk_apb.c.obj)
 .text.uart_cmsdk_apb_irq_tx_ready
                0x000000000000916e        0xe zephyr/drivers/serial/libdrivers__serial.a(uart_cmsdk_apb.c.obj)
 .text.uart_cmsdk_apb_irq_rx_enable
                0x000000000000917c        0xe zephyr/drivers/serial/libdrivers__serial.a(uart_cmsdk_apb.c.obj)
 .text.uart_cmsdk_apb_irq_rx_disable
                0x000000000000918a       0x14 zephyr/drivers/serial/libdrivers__serial.a(uart_cmsdk_apb.c.obj)
 .text.uart_cmsdk_apb_irq_tx_complete
                0x000000000000919e        0x4 zephyr/drivers/serial/libdrivers__serial.a(uart_cmsdk_apb.c.obj)
 .text.uart_cmsdk_apb_irq_rx_ready
                0x00000000000091a2        0xc zephyr/drivers/serial/libdrivers__serial.a(uart_cmsdk_apb.c.obj)
 .text.uart_cmsdk_apb_irq_err_enable
                0x00000000000091ae        0x2 zephyr/drivers/serial/libdrivers__serial.a(uart_cmsdk_apb.c.obj)
 .text.uart_cmsdk_apb_irq_is_pending
                0x00000000000091b0       0x1c zephyr/drivers/serial/libdrivers__serial.a(uart_cmsdk_apb.c.obj)
 .text.uart_cmsdk_apb_irq_update
                0x00000000000091cc        0x4 zephyr/drivers/serial/libdrivers__serial.a(uart_cmsdk_apb.c.obj)
 .text.uart_cmsdk_apb_irq_callback_set
                0x00000000000091d0        0x8 zephyr/drivers/serial/libdrivers__serial.a(uart_cmsdk_apb.c.obj)
 .text.uart_cmsdk_apb_isr
                0x00000000000091d8        0xc zephyr/drivers/serial/libdrivers__serial.a(uart_cmsdk_apb.c.obj)
 .text.uart_cmsdk_apb_irq_tx_enable
                0x00000000000091e4       0x2a zephyr/drivers/serial/libdrivers__serial.a(uart_cmsdk_apb.c.obj)
 .text.uart_cmsdk_apb_irq_config_func_0
                0x000000000000920e       0x26 zephyr/drivers/serial/libdrivers__serial.a(uart_cmsdk_apb.c.obj)
 .text.uart_cmsdk_apb_irq_config_func_1
                0x0000000000009234       0x26 zephyr/drivers/serial/libdrivers__serial.a(uart_cmsdk_apb.c.obj)
 .text.uart_cmsdk_apb_irq_config_func_2
                0x000000000000925a       0x26 zephyr/drivers/serial/libdrivers__serial.a(uart_cmsdk_apb.c.obj)
 .text.uart_cmsdk_apb_init
                0x0000000000009280       0x4a zephyr/drivers/serial/libdrivers__serial.a(uart_cmsdk_apb.c.obj)
 .text.uart_cmsdk_apb_irq_err_disable
                0x00000000000092ca        0x2 zephyr/drivers/serial/libdrivers__serial.a(uart_cmsdk_apb.c.obj)
 .text.z_impl_k_busy_wait
                0x00000000000092cc       0x1c zephyr/kernel/libkernel.a(busy_wait.c.obj)
                0x00000000000092cc                z_impl_k_busy_wait
 .text.z_impl_device_is_ready
                0x00000000000092e8       0x16 zephyr/kernel/libkernel.a(device.c.obj)
                0x00000000000092e8                z_impl_device_is_ready
 .text.arch_system_halt
                0x00000000000092fe       0x10 zephyr/kernel/libkernel.a(fatal.c.obj)
                0x00000000000092fe                arch_system_halt
 .text.do_device_init
                0x000000000000930e       0x2e zephyr/kernel/libkernel.a(init.c.obj)
 .text.z_early_memset
                0x000000000000933c        0x4 zephyr/kernel/libkernel.a(init.c.obj)
                0x000000000000933c                z_early_memset
 .text.z_early_memcpy
                0x0000000000009340        0x4 zephyr/kernel/libkernel.a(init.c.obj)
                0x0000000000009340                z_early_memcpy
 .text.k_heap_init
                0x0000000000009344       0x14 zephyr/kernel/libkernel.a(kheap.c.obj)
                0x0000000000009344                k_heap_init
 .text.adjust_owner_prio.isra.0
                0x0000000000009358       0x10 zephyr/kernel/libkernel.a(mutex.c.obj)
 .text.z_queue_node_peek
                0x0000000000009368       0x18 zephyr/kernel/libkernel.a(queue.c.obj)
                0x0000000000009368                z_queue_node_peek
 .text.k_queue_append
                0x0000000000009380       0x16 zephyr/kernel/libkernel.a(queue.c.obj)
                0x0000000000009380                k_queue_append
 .text.k_queue_prepend
                0x0000000000009396       0x14 zephyr/kernel/libkernel.a(queue.c.obj)
                0x0000000000009396                k_queue_prepend
 .text.flag_test_and_clear
                0x00000000000093aa       0x16 zephyr/kernel/libkernel.a(work.c.obj)
 .text.unschedule_locked
                0x00000000000093c0       0x1e zephyr/kernel/libkernel.a(work.c.obj)
 .text.notify_queue_locked.isra.0
                0x00000000000093de        0xe zephyr/kernel/libkernel.a(work.c.obj)
 .text.k_is_in_isr
                0x00000000000093ec        0xc zephyr/kernel/libkernel.a(thread.c.obj)
                0x00000000000093ec                k_is_in_isr
 .text.z_impl_k_thread_priority_get
                0x00000000000093f8        0x6 zephyr/kernel/libkernel.a(thread.c.obj)
                0x00000000000093f8                z_impl_k_thread_priority_get
 .text.k_thread_name_get
                0x00000000000093fe        0x4 zephyr/kernel/libkernel.a(thread.c.obj)
                0x00000000000093fe                k_thread_name_get
 .text.sys_dlist_remove
                0x0000000000009402       0x10 zephyr/kernel/libkernel.a(sched.c.obj)
 .text.add_to_waitq_locked
                0x0000000000009412       0x50 zephyr/kernel/libkernel.a(sched.c.obj)
 .text.z_thread_timeout
                0x0000000000009462        0x8 zephyr/kernel/libkernel.a(sched.c.obj)
                0x0000000000009462                z_thread_timeout
 .text.z_unpend_thread
                0x000000000000946a       0x14 zephyr/kernel/libkernel.a(sched.c.obj)
                0x000000000000946a                z_unpend_thread
 .text.z_unpend_all
                0x000000000000947e       0x26 zephyr/kernel/libkernel.a(sched.c.obj)
                0x000000000000947e                z_unpend_all
 .text.next_timeout
                0x00000000000094a4       0x2e zephyr/kernel/libkernel.a(timeout.c.obj)
 .text.z_impl_k_uptime_ticks
                0x00000000000094d2        0x4 zephyr/kernel/libkernel.a(timeout.c.obj)
                0x00000000000094d2                z_impl_k_uptime_ticks
 .text.sys_timepoint_calc
                0x00000000000094d6       0x4a zephyr/kernel/libkernel.a(timeout.c.obj)
                0x00000000000094d6                sys_timepoint_calc
 .text.sys_timepoint_timeout
                0x0000000000009520       0x42 zephyr/kernel/libkernel.a(timeout.c.obj)
                0x0000000000009520                sys_timepoint_timeout
 .text.k_free   0x0000000000009562        0xe zephyr/kernel/libkernel.a(mempool.c.obj)
                0x0000000000009562                k_free
 .text.memcpy   0x0000000000009570       0x1c /Users/viniciuscortez/zephyr-sdk-0.17.1/arm-zephyr-eabi/bin/../lib/gcc/../../picolibc/arm-zephyr-eabi/lib/thumb/v7-m/nofp/libc.a(memcpy.c.o)
                0x0000000000009570                memcpy
                0x0000000000009570                __aeabi_memcpy
                0x0000000000009570                __aeabi_memcpy4
                0x0000000000009570                __aeabi_memcpy8
 .text.memset   0x000000000000958c       0x10 /Users/viniciuscortez/zephyr-sdk-0.17.1/arm-zephyr-eabi/bin/../lib/gcc/../../picolibc/arm-zephyr-eabi/lib/thumb/v7-m/nofp/libc.a(memset.c.o)
                0x000000000000958c                memset
 .text.freeset  0x000000000000959c       0x42 /Users/viniciuscortez/zephyr-sdk-0.17.1/arm-zephyr-eabi/bin/../lib/gcc/../../picolibc/arm-zephyr-eabi/lib/thumb/v7-m/nofp/libc.a(libc_posix_regcomp.c.o)
 .text.altoffset
                0x00000000000095de       0xd0 /Users/viniciuscortez/zephyr-sdk-0.17.1/arm-zephyr-eabi/bin/../lib/gcc/../../picolibc/arm-zephyr-eabi/lib/thumb/v7-m/nofp/libc.a(libc_posix_regcomp.c.o)
 .text.dofwd    0x00000000000096ae       0x16 /Users/viniciuscortez/zephyr-sdk-0.17.1/arm-zephyr-eabi/bin/../lib/gcc/../../picolibc/arm-zephyr-eabi/lib/thumb/v7-m/nofp/libc.a(libc_posix_regcomp.c.o)
 .text.enlarge  0x00000000000096c4       0x28 /Users/viniciuscortez/zephyr-sdk-0.17.1/arm-zephyr-eabi/bin/../lib/gcc/../../picolibc/arm-zephyr-eabi/lib/thumb/v7-m/nofp/libc.a(libc_posix_regcomp.c.o)
 .text.doemit   0x00000000000096ec       0x36 /Users/viniciuscortez/zephyr-sdk-0.17.1/arm-zephyr-eabi/bin/../lib/gcc/../../picolibc/arm-zephyr-eabi/lib/thumb/v7-m/nofp/libc.a(libc_posix_regcomp.c.o)
 .text.doinsert
                0x0000000000009722       0x54 /Users/viniciuscortez/zephyr-sdk-0.17.1/arm-zephyr-eabi/bin/../lib/gcc/../../picolibc/arm-zephyr-eabi/lib/thumb/v7-m/nofp/libc.a(libc_posix_regcomp.c.o)
 .text.dupl     0x0000000000009776       0x30 /Users/viniciuscortez/zephyr-sdk-0.17.1/arm-zephyr-eabi/bin/../lib/gcc/../../picolibc/arm-zephyr-eabi/lib/thumb/v7-m/nofp/libc.a(libc_posix_regcomp.c.o)
 .text.repeat   0x00000000000097a6      0x19a /Users/viniciuscortez/zephyr-sdk-0.17.1/arm-zephyr-eabi/bin/../lib/gcc/../../picolibc/arm-zephyr-eabi/lib/thumb/v7-m/nofp/libc.a(libc_posix_regcomp.c.o)
 .text.p_b_symbol
                0x0000000000009940       0x6c /Users/viniciuscortez/zephyr-sdk-0.17.1/arm-zephyr-eabi/bin/../lib/gcc/../../picolibc/arm-zephyr-eabi/lib/thumb/v7-m/nofp/libc.a(libc_posix_regcomp.c.o)
 .text.p_count  0x00000000000099ac       0x3e /Users/viniciuscortez/zephyr-sdk-0.17.1/arm-zephyr-eabi/bin/../lib/gcc/../../picolibc/arm-zephyr-eabi/lib/thumb/v7-m/nofp/libc.a(libc_posix_regcomp.c.o)
 .text.ordinary
                0x00000000000099ea       0x7a /Users/viniciuscortez/zephyr-sdk-0.17.1/arm-zephyr-eabi/bin/../lib/gcc/../../picolibc/arm-zephyr-eabi/lib/thumb/v7-m/nofp/libc.a(libc_posix_regcomp.c.o)
 .text.regcomp  0x0000000000009a64      0x56c /Users/viniciuscortez/zephyr-sdk-0.17.1/arm-zephyr-eabi/bin/../lib/gcc/../../picolibc/arm-zephyr-eabi/lib/thumb/v7-m/nofp/libc.a(libc_posix_regcomp.c.o)
                0x0000000000009a64                regcomp
 .text.sstep    0x0000000000009fd0      0x19e /Users/viniciuscortez/zephyr-sdk-0.17.1/arm-zephyr-eabi/bin/../lib/gcc/../../picolibc/arm-zephyr-eabi/lib/thumb/v7-m/nofp/libc.a(libc_posix_regexec.c.o)
 .text.sslow    0x000000000000a16e      0x2b8 /Users/viniciuscortez/zephyr-sdk-0.17.1/arm-zephyr-eabi/bin/../lib/gcc/../../picolibc/arm-zephyr-eabi/lib/thumb/v7-m/nofp/libc.a(libc_posix_regexec.c.o)
 .text.sdissect
                0x000000000000a426      0x1e0 /Users/viniciuscortez/zephyr-sdk-0.17.1/arm-zephyr-eabi/bin/../lib/gcc/../../picolibc/arm-zephyr-eabi/lib/thumb/v7-m/nofp/libc.a(libc_posix_regexec.c.o)
 .text.lstep    0x000000000000a606      0x1ae /Users/viniciuscortez/zephyr-sdk-0.17.1/arm-zephyr-eabi/bin/../lib/gcc/../../picolibc/arm-zephyr-eabi/lib/thumb/v7-m/nofp/libc.a(libc_posix_regexec.c.o)
 .text.lslow    0x000000000000a7b4      0x30a /Users/viniciuscortez/zephyr-sdk-0.17.1/arm-zephyr-eabi/bin/../lib/gcc/../../picolibc/arm-zephyr-eabi/lib/thumb/v7-m/nofp/libc.a(libc_posix_regexec.c.o)
 .text.ldissect
                0x000000000000aabe      0x1f6 /Users/viniciuscortez/zephyr-sdk-0.17.1/arm-zephyr-eabi/bin/../lib/gcc/../../picolibc/arm-zephyr-eabi/lib/thumb/v7-m/nofp/libc.a(libc_posix_regexec.c.o)
 .text.regexec  0x000000000000acb4      0xb52 /Users/viniciuscortez/zephyr-sdk-0.17.1/arm-zephyr-eabi/bin/../lib/gcc/../../picolibc/arm-zephyr-eabi/lib/thumb/v7-m/nofp/libc.a(libc_posix_regexec.c.o)
                0x000000000000acb4                regexec
 .text.regfree  0x000000000000b806       0x5a /Users/viniciuscortez/zephyr-sdk-0.17.1/arm-zephyr-eabi/bin/../lib/gcc/../../picolibc/arm-zephyr-eabi/lib/thumb/v7-m/nofp/libc.a(libc_posix_regfree.c.o)
                0x000000000000b806                regfree
 .text.memcmp   0x000000000000b860       0x20 /Users/viniciuscortez/zephyr-sdk-0.17.1/arm-zephyr-eabi/bin/../lib/gcc/../../picolibc/arm-zephyr-eabi/lib/thumb/v7-m/nofp/libc.a(libc_string_memcmp.c.o)
                0x000000000000b860                memcmp
 .text.strncmp  0x000000000000b880       0x24 /Users/viniciuscortez/zephyr-sdk-0.17.1/arm-zephyr-eabi/bin/../lib/gcc/../../picolibc/arm-zephyr-eabi/lib/thumb/v7-m/nofp/libc.a(libc_string_strncmp.c.o)
                0x000000000000b880                strncmp
 .text.strncpy  0x000000000000b8a4       0x20 /Users/viniciuscortez/zephyr-sdk-0.17.1/arm-zephyr-eabi/bin/../lib/gcc/../../picolibc/arm-zephyr-eabi/lib/thumb/v7-m/nofp/libc.a(libc_string_strncpy.c.o)
                0x000000000000b8a4                strncpy
 .text.strnlen  0x000000000000b8c4       0x18 /Users/viniciuscortez/zephyr-sdk-0.17.1/arm-zephyr-eabi/bin/../lib/gcc/../../picolibc/arm-zephyr-eabi/lib/thumb/v7-m/nofp/libc.a(libc_string_strnlen.c.o)
                0x000000000000b8c4                strnlen
 .text.__ultoa_invert
                0x000000000000b8dc       0xae /Users/viniciuscortez/zephyr-sdk-0.17.1/arm-zephyr-eabi/bin/../lib/gcc/../../picolibc/arm-zephyr-eabi/lib/thumb/v7-m/nofp/libc.a(libc_tinystdio_vflprintf.c.o)
 .text.memmove  0x000000000000b98a       0x34 /Users/viniciuscortez/zephyr-sdk-0.17.1/arm-zephyr-eabi/bin/../lib/gcc/../../picolibc/arm-zephyr-eabi/lib/thumb/v7-m/nofp/libc.a(memmove.c.o)
                0x000000000000b98a                memmove
                0x000000000000b98a                __aeabi_memmove8
                0x000000000000b98a                __aeabi_memmove
                0x000000000000b98a                __aeabi_memmove4
 *(SORT_BY_ALIGNMENT(.TEXT.*))
 *fill*         0x000000000000b9be        0x2 
 .TEXT.__aeabi_read_tp
                0x000000000000b9c0        0xc zephyr/arch/arch/arm/core/cortex_m/libarch__arm__core__cortex_m.a(__aeabi_read_tp.S.obj)
                0x000000000000b9c0                __aeabi_read_tp
 *(SORT_BY_ALIGNMENT(.gnu.linkonce.t.*))
 *(SORT_BY_ALIGNMENT(.glue_7t))
 .glue_7t       0x000000000000b9cc        0x0 linker stubs
 *(SORT_BY_ALIGNMENT(.glue_7))
 .glue_7        0x000000000000b9cc        0x0 linker stubs
 *(SORT_BY_ALIGNMENT(.vfp11_veneer))
 .vfp11_veneer  0x000000000000b9cc        0x0 linker stubs
 *(SORT_BY_ALIGNMENT(.v4_bx))
 .v4_bx         0x000000000000b9cc        0x0 linker stubs
                0x000000000000b9cc                . = ALIGN (0x4)
                0x000000000000b9cc                __text_region_end = .

.ARM.exidx      0x000000000000b9cc        0x8
                0x000000000000b9cc                __exidx_start = .
 *(SORT_BY_ALIGNMENT(.ARM.exidx*) SORT_BY_ALIGNMENT(gnu.linkonce.armexidx.*))
 .ARM.exidx     0x000000000000b9cc        0x8 /Users/viniciuscortez/zephyr-sdk-0.17.1/arm-zephyr-eabi/bin/../lib/gcc/../../picolibc/arm-zephyr-eabi/lib/thumb/v7-m/nofp/libc.a(strcmp.S.o)
 .ARM.exidx     0x000000000000b9d4        0x0 /Users/viniciuscortez/zephyr-sdk-0.17.1/arm-zephyr-eabi/bin/../lib/gcc/../../picolibc/arm-zephyr-eabi/lib/thumb/v7-m/nofp/libc.a(strlen.S.o)
                                          0x8 (size before relaxing)
 .ARM.exidx     0x000000000000b9d4        0x0 /Users/viniciuscortez/zephyr-sdk-0.17.1/arm-zephyr-eabi/bin/../lib/gcc/arm-zephyr-eabi/12.2.0/thumb/v7-m/nofp/libgcc.a(_udivmoddi4.o)
                                          0x8 (size before relaxing)
                0x000000000000b9d4                __exidx_end = .
                0x000000000000b9d4                __rodata_region_start = .

initlevel       0x000000000000b9d4       0x80
                0x000000000000b9d4                __init_start = .
                0x000000000000b9d4                __init_EARLY_start = .
 *(SORT_BY_NAME(SORT_BY_ALIGNMENT(.z_init_EARLY_P_?_*)))
 *(SORT_BY_NAME(SORT_BY_ALIGNMENT(.z_init_EARLY_P_??_*)))
 *(SORT_BY_NAME(SORT_BY_ALIGNMENT(.z_init_EARLY_P_???_*)))
                0x000000000000b9d4                __init_PRE_KERNEL_1_start = .
 *(SORT_BY_NAME(SORT_BY_ALIGNMENT(.z_init_PRE_KERNEL_1_P_?_*)))
 *(SORT_BY_NAME(SORT_BY_ALIGNMENT(.z_init_PRE_KERNEL_1_P_??_*)))
 .z_init_PRE_KERNEL_1_P_30_SUB_0_
                0x000000000000b9d4        0x8 zephyr/kernel/libkernel.a(kheap.c.obj)
 .z_init_PRE_KERNEL_1_P_40_SUB_00028_
                0x000000000000b9dc        0x8 zephyr/drivers/gpio/libdrivers__gpio.a(gpio_cmsdk_ahb.c.obj)
 .z_init_PRE_KERNEL_1_P_40_SUB_00029_
                0x000000000000b9e4        0x8 zephyr/drivers/gpio/libdrivers__gpio.a(gpio_cmsdk_ahb.c.obj)
 .z_init_PRE_KERNEL_1_P_40_SUB_00030_
                0x000000000000b9ec        0x8 zephyr/drivers/gpio/libdrivers__gpio.a(gpio_cmsdk_ahb.c.obj)
 .z_init_PRE_KERNEL_1_P_40_SUB_00031_
                0x000000000000b9f4        0x8 zephyr/drivers/gpio/libdrivers__gpio.a(gpio_cmsdk_ahb.c.obj)
 .z_init_PRE_KERNEL_1_P_50_SUB_00008_
                0x000000000000b9fc        0x8 zephyr/drivers/gpio/libdrivers__gpio.a(gpio_mmio32.c.obj)
 .z_init_PRE_KERNEL_1_P_50_SUB_00012_
                0x000000000000ba04        0x8 zephyr/drivers/gpio/libdrivers__gpio.a(gpio_mmio32.c.obj)
 .z_init_PRE_KERNEL_1_P_50_SUB_00036_
                0x000000000000ba0c        0x8 zephyr/drivers/gpio/libdrivers__gpio.a(gpio_mmio32.c.obj)
 .z_init_PRE_KERNEL_1_P_50_SUB_00041_
                0x000000000000ba14        0x8 zephyr/drivers/serial/libdrivers__serial.a(uart_cmsdk_apb.c.obj)
 .z_init_PRE_KERNEL_1_P_50_SUB_00042_
                0x000000000000ba1c        0x8 zephyr/drivers/serial/libdrivers__serial.a(uart_cmsdk_apb.c.obj)
 .z_init_PRE_KERNEL_1_P_50_SUB_00043_
                0x000000000000ba24        0x8 zephyr/drivers/serial/libdrivers__serial.a(uart_cmsdk_apb.c.obj)
 .z_init_PRE_KERNEL_1_P_60_SUB_0_
                0x000000000000ba2c        0x8 zephyr/drivers/console/libdrivers__console.a(uart_console.c.obj)
 *(SORT_BY_NAME(SORT_BY_ALIGNMENT(.z_init_PRE_KERNEL_1_P_???_*)))
                0x000000000000ba34                __init_PRE_KERNEL_2_start = .
 *(SORT_BY_NAME(SORT_BY_ALIGNMENT(.z_init_PRE_KERNEL_2_P_?_*)))
 .z_init_PRE_KERNEL_2_P_0_SUB_0_
                0x000000000000ba34        0x8 zephyr/drivers/timer/libdrivers__timer.a(cortex_m_systick.c.obj)
 *(SORT_BY_NAME(SORT_BY_ALIGNMENT(.z_init_PRE_KERNEL_2_P_??_*)))
 *(SORT_BY_NAME(SORT_BY_ALIGNMENT(.z_init_PRE_KERNEL_2_P_???_*)))
                0x000000000000ba3c                __init_POST_KERNEL_start = .
 *(SORT_BY_NAME(SORT_BY_ALIGNMENT(.z_init_POST_KERNEL_P_?_*)))
 *(SORT_BY_NAME(SORT_BY_ALIGNMENT(.z_init_POST_KERNEL_P_??_*)))
 .z_init_POST_KERNEL_P_35_SUB_0_
                0x000000000000ba3c        0x8 zephyr/lib/libc/common/liblib__libc__common.a(malloc.c.obj)
 .z_init_POST_KERNEL_P_40_SUB_0_
                0x000000000000ba44        0x8 zephyr/kernel/libkernel.a(system_work_q.c.obj)
 *(SORT_BY_NAME(SORT_BY_ALIGNMENT(.z_init_POST_KERNEL_P_???_*)))
                0x000000000000ba4c                __init_APPLICATION_start = .
 *(SORT_BY_NAME(SORT_BY_ALIGNMENT(.z_init_APPLICATION_P_?_*)))
 .z_init_APPLICATION_P_5_SUB_0_
                0x000000000000ba4c        0x8 zephyr/subsys/zbus/libsubsys__zbus.a(zbus.c.obj)
 *(SORT_BY_NAME(SORT_BY_ALIGNMENT(.z_init_APPLICATION_P_??_*)))
 *(SORT_BY_NAME(SORT_BY_ALIGNMENT(.z_init_APPLICATION_P_???_*)))
                0x000000000000ba54                __init_SMP_start = .
 *(SORT_BY_NAME(SORT_BY_ALIGNMENT(.z_init_SMP_P_?_*)))
 *(SORT_BY_NAME(SORT_BY_ALIGNMENT(.z_init_SMP_P_??_*)))
 *(SORT_BY_NAME(SORT_BY_ALIGNMENT(.z_init_SMP_P_???_*)))
                0x000000000000ba54                __init_end = .

device_area     0x000000000000ba54      0x140
                0x000000000000ba54                _device_list_start = .
 *(SORT_BY_NAME(SORT_BY_ALIGNMENT(._device.static.*_?_*)))
 *(SORT_BY_NAME(SORT_BY_ALIGNMENT(._device.static.*_??_*)))
 ._device.static.1_40_
                0x000000000000ba54       0x80 zephyr/drivers/gpio/libdrivers__gpio.a(gpio_cmsdk_ahb.c.obj)
                0x000000000000ba54                __device_dts_ord_31
                0x000000000000ba74                __device_dts_ord_30
                0x000000000000ba94                __device_dts_ord_29
                0x000000000000bab4                __device_dts_ord_28
 ._device.static.1_50_
                0x000000000000bad4       0x60 zephyr/drivers/gpio/libdrivers__gpio.a(gpio_mmio32.c.obj)
                0x000000000000bad4                __device_dts_ord_36
                0x000000000000baf4                __device_dts_ord_8
                0x000000000000bb14                __device_dts_ord_12
 ._device.static.1_50_
                0x000000000000bb34       0x60 zephyr/drivers/serial/libdrivers__serial.a(uart_cmsdk_apb.c.obj)
                0x000000000000bb34                __device_dts_ord_43
                0x000000000000bb54                __device_dts_ord_42
                0x000000000000bb74                __device_dts_ord_41
 *(SORT_BY_NAME(SORT_BY_ALIGNMENT(._device.static.*_???_*)))
 *(SORT_BY_NAME(SORT_BY_ALIGNMENT(._device.static.*_????_*)))
 *(SORT_BY_NAME(SORT_BY_ALIGNMENT(._device.static.*_?????_*)))
                0x000000000000bb94                _device_list_end = .

sw_isr_table    0x000000000000bb94      0x100
                0x000000000000bb94                . = ALIGN (0x4)
 *(SORT_BY_ALIGNMENT(.gnu.linkonce.sw_isr_table*))
 .gnu.linkonce.sw_isr_table
                0x000000000000bb94      0x100 zephyr/arch/common/libisr_tables.a(isr_tables.c.obj)
                0x000000000000bb94                _sw_isr_table

initlevel_error
                0x000000000000b9d4        0x0
 *(SORT_BY_NAME(SORT_BY_ALIGNMENT(.z_init_*)))
                0x0000000000000001                ASSERT ((SIZEOF (initlevel_error) == 0x0), Undefined initialization levels used.)

app_shmem_regions
                0x000000000000bc94        0x0
                0x000000000000bc94                __app_shmem_regions_start = .
 *(SORT_BY_NAME(SORT_BY_ALIGNMENT(.app_regions.*)))
                0x000000000000bc94                __app_shmem_regions_end = .

k_p4wq_initparam_area
                0x000000000000bc94        0x0
                0x000000000000bc94                _k_p4wq_initparam_list_start = .
 *(SORT_BY_NAME(SORT_BY_ALIGNMENT(._k_p4wq_initparam.static.*)))
                0x000000000000bc94                _k_p4wq_initparam_list_end = .

_static_thread_data_area
                0x000000000000bc98       0x60
                0x000000000000bc98                __static_thread_data_list_start = .
 *(SORT_BY_NAME(SORT_BY_ALIGNMENT(.__static_thread_data.static.*)))
 .__static_thread_data.static._k_thread_data_camera_thread_id_
                0x000000000000bc98       0x30 modules/camera_service/libsamples__projeto__modules__camera_service.a(camera_service.c.obj)
                0x000000000000bc98                _k_thread_data_camera_thread_id
 .__static_thread_data.static._k_thread_data_sensor_thread_id_
                0x000000000000bcc8       0x30 app/libapp.a(sensor.c.obj)
                0x000000000000bcc8                _k_thread_data_sensor_thread_id
                0x000000000000bcf8                __static_thread_data_list_end = .

device_deps     0x000000000000bcf8        0x0
                0x000000000000bcf8                __device_deps_start = .
 *(SORT_BY_NAME(SORT_BY_ALIGNMENT(.__device_deps_pass2*)))
                0x000000000000bcf8                __device_deps_end = .

gpio_driver_api_area
                0x000000000000bcf8       0x48
                0x000000000000bcf8                _gpio_driver_api_list_start = .
 *(SORT_BY_NAME(SORT_BY_ALIGNMENT(._gpio_driver_api.static.*)))
 ._gpio_driver_api.static.gpio_cmsdk_ahb_drv_api_funcs_
                0x000000000000bcf8       0x24 zephyr/drivers/gpio/libdrivers__gpio.a(gpio_cmsdk_ahb.c.obj)
 ._gpio_driver_api.static.gpio_mmio32_api_
                0x000000000000bd1c       0x24 zephyr/drivers/gpio/libdrivers__gpio.a(gpio_mmio32.c.obj)
                0x000000000000bd1c                gpio_mmio32_api
                0x000000000000bd40                _gpio_driver_api_list_end = .

shared_irq_driver_api_area
                0x000000000000bd40        0x0
                0x000000000000bd40                _shared_irq_driver_api_list_start = .
 *(SORT_BY_NAME(SORT_BY_ALIGNMENT(._shared_irq_driver_api.static.*)))
                0x000000000000bd40                _shared_irq_driver_api_list_end = .

crypto_driver_api_area
                0x000000000000bd40        0x0
                0x000000000000bd40                _crypto_driver_api_list_start = .
 *(SORT_BY_NAME(SORT_BY_ALIGNMENT(._crypto_driver_api.static.*)))
                0x000000000000bd40                _crypto_driver_api_list_end = .

adc_driver_api_area
                0x000000000000bd40        0x0
                0x000000000000bd40                _adc_driver_api_list_start = .
 *(SORT_BY_NAME(SORT_BY_ALIGNMENT(._adc_driver_api.static.*)))
                0x000000000000bd40                _adc_driver_api_list_end = .

auxdisplay_driver_api_area
                0x000000000000bd40        0x0
                0x000000000000bd40                _auxdisplay_driver_api_list_start = .
 *(SORT_BY_NAME(SORT_BY_ALIGNMENT(._auxdisplay_driver_api.static.*)))
                0x000000000000bd40                _auxdisplay_driver_api_list_end = .

bbram_driver_api_area
                0x000000000000bd40        0x0
                0x000000000000bd40                _bbram_driver_api_list_start = .
 *(SORT_BY_NAME(SORT_BY_ALIGNMENT(._bbram_driver_api.static.*)))
                0x000000000000bd40                _bbram_driver_api_list_end = .

bt_hci_driver_api_area
                0x000000000000bd40        0x0
                0x000000000000bd40                _bt_hci_driver_api_list_start = .
 *(SORT_BY_NAME(SORT_BY_ALIGNMENT(._bt_hci_driver_api.static.*)))
                0x000000000000bd40                _bt_hci_driver_api_list_end = .

can_driver_api_area
                0x000000000000bd40        0x0
                0x000000000000bd40                _can_driver_api_list_start = .
 *(SORT_BY_NAME(SORT_BY_ALIGNMENT(._can_driver_api.static.*)))
                0x000000000000bd40                _can_driver_api_list_end = .

cellular_driver_api_area
                0x000000000000bd40        0x0
                0x000000000000bd40                _cellular_driver_api_list_start = .
 *(SORT_BY_NAME(SORT_BY_ALIGNMENT(._cellular_driver_api.static.*)))
                0x000000000000bd40                _cellular_driver_api_list_end = .

charger_driver_api_area
                0x000000000000bd40        0x0
                0x000000000000bd40                _charger_driver_api_list_start = .
 *(SORT_BY_NAME(SORT_BY_ALIGNMENT(._charger_driver_api.static.*)))
                0x000000000000bd40                _charger_driver_api_list_end = .

clock_control_driver_api_area
                0x000000000000bd40        0x0
                0x000000000000bd40                _clock_control_driver_api_list_start = .
 *(SORT_BY_NAME(SORT_BY_ALIGNMENT(._clock_control_driver_api.static.*)))
                0x000000000000bd40                _clock_control_driver_api_list_end = .

comparator_driver_api_area
                0x000000000000bd40        0x0
                0x000000000000bd40                _comparator_driver_api_list_start = .
 *(SORT_BY_NAME(SORT_BY_ALIGNMENT(._comparator_driver_api.static.*)))
                0x000000000000bd40                _comparator_driver_api_list_end = .

coredump_driver_api_area
                0x000000000000bd40        0x0
                0x000000000000bd40                _coredump_driver_api_list_start = .
 *(SORT_BY_NAME(SORT_BY_ALIGNMENT(._coredump_driver_api.static.*)))
                0x000000000000bd40                _coredump_driver_api_list_end = .

counter_driver_api_area
                0x000000000000bd40        0x0
                0x000000000000bd40                _counter_driver_api_list_start = .
 *(SORT_BY_NAME(SORT_BY_ALIGNMENT(._counter_driver_api.static.*)))
                0x000000000000bd40                _counter_driver_api_list_end = .

dac_driver_api_area
                0x000000000000bd40        0x0
                0x000000000000bd40                _dac_driver_api_list_start = .
 *(SORT_BY_NAME(SORT_BY_ALIGNMENT(._dac_driver_api.static.*)))
                0x000000000000bd40                _dac_driver_api_list_end = .

dai_driver_api_area
                0x000000000000bd40        0x0
                0x000000000000bd40                _dai_driver_api_list_start = .
 *(SORT_BY_NAME(SORT_BY_ALIGNMENT(._dai_driver_api.static.*)))
                0x000000000000bd40                _dai_driver_api_list_end = .

display_driver_api_area
                0x000000000000bd40        0x0
                0x000000000000bd40                _display_driver_api_list_start = .
 *(SORT_BY_NAME(SORT_BY_ALIGNMENT(._display_driver_api.static.*)))
                0x000000000000bd40                _display_driver_api_list_end = .

dma_driver_api_area
                0x000000000000bd40        0x0
                0x000000000000bd40                _dma_driver_api_list_start = .
 *(SORT_BY_NAME(SORT_BY_ALIGNMENT(._dma_driver_api.static.*)))
                0x000000000000bd40                _dma_driver_api_list_end = .

edac_driver_api_area
                0x000000000000bd40        0x0
                0x000000000000bd40                _edac_driver_api_list_start = .
 *(SORT_BY_NAME(SORT_BY_ALIGNMENT(._edac_driver_api.static.*)))
                0x000000000000bd40                _edac_driver_api_list_end = .

eeprom_driver_api_area
                0x000000000000bd40        0x0
                0x000000000000bd40                _eeprom_driver_api_list_start = .
 *(SORT_BY_NAME(SORT_BY_ALIGNMENT(._eeprom_driver_api.static.*)))
                0x000000000000bd40                _eeprom_driver_api_list_end = .

emul_bbram_driver_api_area
                0x000000000000bd40        0x0
                0x000000000000bd40                _emul_bbram_driver_api_list_start = .
 *(SORT_BY_NAME(SORT_BY_ALIGNMENT(._emul_bbram_driver_api.static.*)))
                0x000000000000bd40                _emul_bbram_driver_api_list_end = .

fuel_gauge_emul_driver_api_area
                0x000000000000bd40        0x0
                0x000000000000bd40                _fuel_gauge_emul_driver_api_list_start = .
 *(SORT_BY_NAME(SORT_BY_ALIGNMENT(._fuel_gauge_emul_driver_api.static.*)))
                0x000000000000bd40                _fuel_gauge_emul_driver_api_list_end = .

emul_sensor_driver_api_area
                0x000000000000bd40        0x0
                0x000000000000bd40                _emul_sensor_driver_api_list_start = .
 *(SORT_BY_NAME(SORT_BY_ALIGNMENT(._emul_sensor_driver_api.static.*)))
                0x000000000000bd40                _emul_sensor_driver_api_list_end = .

entropy_driver_api_area
                0x000000000000bd40        0x0
                0x000000000000bd40                _entropy_driver_api_list_start = .
 *(SORT_BY_NAME(SORT_BY_ALIGNMENT(._entropy_driver_api.static.*)))
                0x000000000000bd40                _entropy_driver_api_list_end = .

espi_driver_api_area
                0x000000000000bd40        0x0
                0x000000000000bd40                _espi_driver_api_list_start = .
 *(SORT_BY_NAME(SORT_BY_ALIGNMENT(._espi_driver_api.static.*)))
                0x000000000000bd40                _espi_driver_api_list_end = .

espi_saf_driver_api_area
                0x000000000000bd40        0x0
                0x000000000000bd40                _espi_saf_driver_api_list_start = .
 *(SORT_BY_NAME(SORT_BY_ALIGNMENT(._espi_saf_driver_api.static.*)))
                0x000000000000bd40                _espi_saf_driver_api_list_end = .

flash_driver_api_area
                0x000000000000bd40        0x0
                0x000000000000bd40                _flash_driver_api_list_start = .
 *(SORT_BY_NAME(SORT_BY_ALIGNMENT(._flash_driver_api.static.*)))
                0x000000000000bd40                _flash_driver_api_list_end = .

fpga_driver_api_area
                0x000000000000bd40        0x0
                0x000000000000bd40                _fpga_driver_api_list_start = .
 *(SORT_BY_NAME(SORT_BY_ALIGNMENT(._fpga_driver_api.static.*)))
                0x000000000000bd40                _fpga_driver_api_list_end = .

fuel_gauge_driver_api_area
                0x000000000000bd40        0x0
                0x000000000000bd40                _fuel_gauge_driver_api_list_start = .
 *(SORT_BY_NAME(SORT_BY_ALIGNMENT(._fuel_gauge_driver_api.static.*)))
                0x000000000000bd40                _fuel_gauge_driver_api_list_end = .

gnss_driver_api_area
                0x000000000000bd40        0x0
                0x000000000000bd40                _gnss_driver_api_list_start = .
 *(SORT_BY_NAME(SORT_BY_ALIGNMENT(._gnss_driver_api.static.*)))
                0x000000000000bd40                _gnss_driver_api_list_end = .

haptics_driver_api_area
                0x000000000000bd40        0x0
                0x000000000000bd40                _haptics_driver_api_list_start = .
 *(SORT_BY_NAME(SORT_BY_ALIGNMENT(._haptics_driver_api.static.*)))
                0x000000000000bd40                _haptics_driver_api_list_end = .

hwspinlock_driver_api_area
                0x000000000000bd40        0x0
                0x000000000000bd40                _hwspinlock_driver_api_list_start = .
 *(SORT_BY_NAME(SORT_BY_ALIGNMENT(._hwspinlock_driver_api.static.*)))
                0x000000000000bd40                _hwspinlock_driver_api_list_end = .

i2c_driver_api_area
                0x000000000000bd40        0x0
                0x000000000000bd40                _i2c_driver_api_list_start = .
 *(SORT_BY_NAME(SORT_BY_ALIGNMENT(._i2c_driver_api.static.*)))
                0x000000000000bd40                _i2c_driver_api_list_end = .

i2c_target_driver_api_area
                0x000000000000bd40        0x0
                0x000000000000bd40                _i2c_target_driver_api_list_start = .
 *(SORT_BY_NAME(SORT_BY_ALIGNMENT(._i2c_target_driver_api.static.*)))
                0x000000000000bd40                _i2c_target_driver_api_list_end = .

i2s_driver_api_area
                0x000000000000bd40        0x0
                0x000000000000bd40                _i2s_driver_api_list_start = .
 *(SORT_BY_NAME(SORT_BY_ALIGNMENT(._i2s_driver_api.static.*)))
                0x000000000000bd40                _i2s_driver_api_list_end = .

i3c_driver_api_area
                0x000000000000bd40        0x0
                0x000000000000bd40                _i3c_driver_api_list_start = .
 *(SORT_BY_NAME(SORT_BY_ALIGNMENT(._i3c_driver_api.static.*)))
                0x000000000000bd40                _i3c_driver_api_list_end = .

ipm_driver_api_area
                0x000000000000bd40        0x0
                0x000000000000bd40                _ipm_driver_api_list_start = .
 *(SORT_BY_NAME(SORT_BY_ALIGNMENT(._ipm_driver_api.static.*)))
                0x000000000000bd40                _ipm_driver_api_list_end = .

led_driver_api_area
                0x000000000000bd40        0x0
                0x000000000000bd40                _led_driver_api_list_start = .
 *(SORT_BY_NAME(SORT_BY_ALIGNMENT(._led_driver_api.static.*)))
                0x000000000000bd40                _led_driver_api_list_end = .

led_strip_driver_api_area
                0x000000000000bd40        0x0
                0x000000000000bd40                _led_strip_driver_api_list_start = .
 *(SORT_BY_NAME(SORT_BY_ALIGNMENT(._led_strip_driver_api.static.*)))
                0x000000000000bd40                _led_strip_driver_api_list_end = .

lora_driver_api_area
                0x000000000000bd40        0x0
                0x000000000000bd40                _lora_driver_api_list_start = .
 *(SORT_BY_NAME(SORT_BY_ALIGNMENT(._lora_driver_api.static.*)))
                0x000000000000bd40                _lora_driver_api_list_end = .

mbox_driver_api_area
                0x000000000000bd40        0x0
                0x000000000000bd40                _mbox_driver_api_list_start = .
 *(SORT_BY_NAME(SORT_BY_ALIGNMENT(._mbox_driver_api.static.*)))
                0x000000000000bd40                _mbox_driver_api_list_end = .

mdio_driver_api_area
                0x000000000000bd40        0x0
                0x000000000000bd40                _mdio_driver_api_list_start = .
 *(SORT_BY_NAME(SORT_BY_ALIGNMENT(._mdio_driver_api.static.*)))
                0x000000000000bd40                _mdio_driver_api_list_end = .

mipi_dbi_driver_api_area
                0x000000000000bd40        0x0
                0x000000000000bd40                _mipi_dbi_driver_api_list_start = .
 *(SORT_BY_NAME(SORT_BY_ALIGNMENT(._mipi_dbi_driver_api.static.*)))
                0x000000000000bd40                _mipi_dbi_driver_api_list_end = .

mipi_dsi_driver_api_area
                0x000000000000bd40        0x0
                0x000000000000bd40                _mipi_dsi_driver_api_list_start = .
 *(SORT_BY_NAME(SORT_BY_ALIGNMENT(._mipi_dsi_driver_api.static.*)))
                0x000000000000bd40                _mipi_dsi_driver_api_list_end = .

mspi_driver_api_area
                0x000000000000bd40        0x0
                0x000000000000bd40                _mspi_driver_api_list_start = .
 *(SORT_BY_NAME(SORT_BY_ALIGNMENT(._mspi_driver_api.static.*)))
                0x000000000000bd40                _mspi_driver_api_list_end = .

peci_driver_api_area
                0x000000000000bd40        0x0
                0x000000000000bd40                _peci_driver_api_list_start = .
 *(SORT_BY_NAME(SORT_BY_ALIGNMENT(._peci_driver_api.static.*)))
                0x000000000000bd40                _peci_driver_api_list_end = .

ps2_driver_api_area
                0x000000000000bd40        0x0
                0x000000000000bd40                _ps2_driver_api_list_start = .
 *(SORT_BY_NAME(SORT_BY_ALIGNMENT(._ps2_driver_api.static.*)))
                0x000000000000bd40                _ps2_driver_api_list_end = .

ptp_clock_driver_api_area
                0x000000000000bd40        0x0
                0x000000000000bd40                _ptp_clock_driver_api_list_start = .
 *(SORT_BY_NAME(SORT_BY_ALIGNMENT(._ptp_clock_driver_api.static.*)))
                0x000000000000bd40                _ptp_clock_driver_api_list_end = .

pwm_driver_api_area
                0x000000000000bd40        0x0
                0x000000000000bd40                _pwm_driver_api_list_start = .
 *(SORT_BY_NAME(SORT_BY_ALIGNMENT(._pwm_driver_api.static.*)))
                0x000000000000bd40                _pwm_driver_api_list_end = .

regulator_parent_driver_api_area
                0x000000000000bd40        0x0
                0x000000000000bd40                _regulator_parent_driver_api_list_start = .
 *(SORT_BY_NAME(SORT_BY_ALIGNMENT(._regulator_parent_driver_api.static.*)))
                0x000000000000bd40                _regulator_parent_driver_api_list_end = .

regulator_driver_api_area
                0x000000000000bd40        0x0
                0x000000000000bd40                _regulator_driver_api_list_start = .
 *(SORT_BY_NAME(SORT_BY_ALIGNMENT(._regulator_driver_api.static.*)))
                0x000000000000bd40                _regulator_driver_api_list_end = .

reset_driver_api_area
                0x000000000000bd40        0x0
                0x000000000000bd40                _reset_driver_api_list_start = .
 *(SORT_BY_NAME(SORT_BY_ALIGNMENT(._reset_driver_api.static.*)))
                0x000000000000bd40                _reset_driver_api_list_end = .

retained_mem_driver_api_area
                0x000000000000bd40        0x0
                0x000000000000bd40                _retained_mem_driver_api_list_start = .
 *(SORT_BY_NAME(SORT_BY_ALIGNMENT(._retained_mem_driver_api.static.*)))
                0x000000000000bd40                _retained_mem_driver_api_list_end = .

rtc_driver_api_area
                0x000000000000bd40        0x0
                0x000000000000bd40                _rtc_driver_api_list_start = .
 *(SORT_BY_NAME(SORT_BY_ALIGNMENT(._rtc_driver_api.static.*)))
                0x000000000000bd40                _rtc_driver_api_list_end = .

sdhc_driver_api_area
                0x000000000000bd40        0x0
                0x000000000000bd40                _sdhc_driver_api_list_start = .
 *(SORT_BY_NAME(SORT_BY_ALIGNMENT(._sdhc_driver_api.static.*)))
                0x000000000000bd40                _sdhc_driver_api_list_end = .

sensor_driver_api_area
                0x000000000000bd40        0x0
                0x000000000000bd40                _sensor_driver_api_list_start = .
 *(SORT_BY_NAME(SORT_BY_ALIGNMENT(._sensor_driver_api.static.*)))
                0x000000000000bd40                _sensor_driver_api_list_end = .

smbus_driver_api_area
                0x000000000000bd40        0x0
                0x000000000000bd40                _smbus_driver_api_list_start = .
 *(SORT_BY_NAME(SORT_BY_ALIGNMENT(._smbus_driver_api.static.*)))
                0x000000000000bd40                _smbus_driver_api_list_end = .

spi_driver_api_area
                0x000000000000bd40        0x0
                0x000000000000bd40                _spi_driver_api_list_start = .
 *(SORT_BY_NAME(SORT_BY_ALIGNMENT(._spi_driver_api.static.*)))
                0x000000000000bd40                _spi_driver_api_list_end = .

stepper_driver_api_area
                0x000000000000bd40        0x0
                0x000000000000bd40                _stepper_driver_api_list_start = .
 *(SORT_BY_NAME(SORT_BY_ALIGNMENT(._stepper_driver_api.static.*)))
                0x000000000000bd40                _stepper_driver_api_list_end = .

syscon_driver_api_area
                0x000000000000bd40        0x0