Archive member included to satisfy reference by file (symbol)

app/libapp.a(main.c.obj)      (--whole-archive)
app/libapp.a(sensor.c.obj)    (--whole-archive)
app/libapp.a(sensor_sim.c.obj)
                              (--whole-archive)
app/libapp.a(radar_control.c.obj)
                              (--whole-archive)
app/libapp.a(radar_processing.c.obj)
                              (--whole-archive)
app/libapp.a(radar_display.c.obj)
                              (--whole-archive)
app/libapp.a(radar_bus.c.obj)
                              (--whole-archive)
app/libapp.a(camera_service.c.obj)
                              (--whole-archive)
app/libapp.a(plate.c.obj)     (--whole-archive)
zephyr/libzephyr.a(heap.c.obj)
                              (--whole-archive)
zephyr/libzephyr.a(cbprintf_packaged.c.obj)
                              (--whole-archive)
zephyr/libzephyr.a(printk.c.obj)
                              (--whole-archive)
zephyr/libzephyr.a(sem.c.obj)
                              (--whole-archive)
zephyr/libzephyr.a(thread_entry.c.obj)
                              (--whole-archive)
zephyr/libzephyr.a(cbprintf_complete.c.obj)
                              (--whole-archive)
zephyr/libzephyr.a(assert.c.obj)
                              (--whole-archive)
zephyr/libzephyr.a(reboot.c.obj)
                              (--whole-archive)
zephyr/libzephyr.a(dec.c.obj)
                              (--whole-archive)
zephyr/libzephyr.a(hex.c.obj)
                              (--whole-archive)
zephyr/libzephyr.a(rb.c.obj)  (--whole-archive)
zephyr/libzephyr.a(timeutil.c.obj)
                              (--whole-archive)
zephyr/libzephyr.a(bitarray.c.obj)
                              (--whole-archive)
zephyr/libzephyr.a(ring_buffer.c.obj)
                              (--whole-archive)
zephyr/libzephyr.a(last_section_id.c.obj)
                              (--whole-archive)
zephyr/libzephyr.a(configs.c.obj)
                              (--whole-archive)
zephyr/libzephyr.a(soc.c.obj)
                              (--whole-archive)
zephyr/libzephyr.a(mem_attr.c.obj)
                              (--whole-archive)
zephyr/libzephyr.a(tracing_none.c.obj)
                              (--whole-archive)
zephyr/arch/common/libarch__common.a(sw_isr_common.c.obj)
                              (--whole-archive)
zephyr/arch/arch/arm/core/libarch__arm__core.a(fatal.c.obj)
                              (--whole-archive)
zephyr/arch/arch/arm/core/libarch__arm__core.a(nmi.c.obj)
                              (--whole-archive)
zephyr/arch/arch/arm/core/libarch__arm__core.a(nmi_on_reset.S.obj)
                              (--whole-archive)
zephyr/arch/arch/arm/core/libarch__arm__core.a(tls.c.obj)
                              (--whole-archive)
zephyr/arch/arch/arm/core/cortex_m/libarch__arm__core__cortex_m.a(exc_exit.c.obj)
                              (--whole-archive)
zephyr/arch/arch/arm/core/cortex_m/libarch__arm__core__cortex_m.a(fault.c.obj)
                              (--whole-archive)
zephyr/arch/arch/arm/core/cortex_m/libarch__arm__core__cortex_m.a(fault_s.S.obj)
                              (--whole-archive)
zephyr/arch/arch/arm/core/cortex_m/libarch__arm__core__cortex_m.a(fpu.c.obj)
                              (--whole-archive)
zephyr/arch/arch/arm/core/cortex_m/libarch__arm__core__cortex_m.a(reset.S.obj)
                              (--whole-archive)
zephyr/arch/arch/arm/core/cortex_m/libarch__arm__core__cortex_m.a(scb.c.obj)
                              (--whole-archive)
zephyr/arch/arch/arm/core/cortex_m/libarch__arm__core__cortex_m.a(thread_abort.c.obj)
                              (--whole-archive)
zephyr/arch/arch/arm/core/cortex_m/libarch__arm__core__cortex_m.a(vector_table.S.obj)
                              (--whole-archive)
zephyr/arch/arch/arm/core/cortex_m/libarch__arm__core__cortex_m.a(swap_helper.S.obj)
                              (--whole-archive)
zephyr/arch/arch/arm/core/cortex_m/libarch__arm__core__cortex_m.a(irq_manage.c.obj)
                              (--whole-archive)
zephyr/arch/arch/arm/core/cortex_m/libarch__arm__core__cortex_m.a(prep_c.c.obj)
                              (--whole-archive)
zephyr/arch/arch/arm/core/cortex_m/libarch__arm__core__cortex_m.a(thread.c.obj)
                              (--whole-archive)
zephyr/arch/arch/arm/core/cortex_m/libarch__arm__core__cortex_m.a(cpu_idle.c.obj)
                              (--whole-archive)
zephyr/arch/arch/arm/core/cortex_m/libarch__arm__core__cortex_m.a(irq_init.c.obj)
                              (--whole-archive)
zephyr/arch/arch/arm/core/cortex_m/libarch__arm__core__cortex_m.a(isr_wrapper.c.obj)
                              (--whole-archive)
zephyr/arch/arch/arm/core/cortex_m/libarch__arm__core__cortex_m.a(__aeabi_read_tp.S.obj)
                              (--whole-archive)
zephyr/arch/arch/arm/core/mpu/libarch__arm__core__mpu.a(arm_core_mpu.c.obj)
                              (--whole-archive)
[...]
Memory Configuration

Name             Origin             Length             Attributes
FLASH            0x0000000000000000 0x0000000000400000 xr
RAM              0x0000000020000000 0x0000000000400000 xw
IDT_LIST         0x00000000ffff7fff 0x0000000000008000 xw
*default*        0x0000000000000000 0xffffffffffffffff

Linker script and memory map

                0x0000000000002ae0                vfprintf = __l_vfprintf
                0x0000000000000000                vfscanf = __l_vfscanf
LOAD zephyr/CMakeFiles/zephyr_final.dir/misc/empty_file.c.obj
LOAD zephyr/CMakeFiles/zephyr_final.dir/isr_tables.c.obj
LOAD zephyr/CMakeFiles/offsets.dir/./arch/arm/core/offsets/offsets.c.obj
LOAD app/libapp.a
LOAD zephyr/libzephyr.a
LOAD zephyr/arch/common/libarch__common.a
LOAD zephyr/arch/arch/arm/core/libarch__arm__core.a
LOAD zephyr/arch/arch/arm/core/cortex_m/libarch__arm__core__cortex_m.a
LOAD zephyr/arch/arch/arm/core/mpu/libarch__arm__core__mpu.a
LOAD zephyr/lib/libc/picolibc/liblib__libc__picolibc.a
LOAD zephyr/lib/libc/common/liblib__libc__common.a
LOAD zephyr/lib/net_buf/liblib__net_buf.a
LOAD zephyr/subsys/random/libsubsys__random.a
LOAD zephyr/subsys/zbus/libsubsys__zbus.a
LOAD zephyr/drivers/console/libdrivers__console.a
LOAD zephyr/drivers/gpio/libdrivers__gpio.a
LOAD zephyr/drivers/pinctrl/libdrivers__pinctrl.a
LOAD zephyr/drivers/serial/libdrivers__serial.a
LOAD zephyr/drivers/timer/libdrivers__timer.a
LOAD zephyr/kernel/libkernel.a
LOAD zephyr/arch/common/libisr_tables.a
LOAD /Users/viniciuscortez/zephyr-sdk-0.17.1/arm-zephyr-eabi/bin/../lib/gcc/../../picolibc/arm-zephyr-eabi/lib/thumb/v7-m/nofp/libc.a
LOAD /Users/viniciuscortez/zephyr-sdk-0.17.1/arm-zephyr-eabi/bin/../lib/gcc/arm-zephyr-eabi/12.2.0/thumb/v7-m/nofp/libgcc.a
                0x0000000000000020                _region_min_align = 0x20

.rel.plt        0x0000000000000000        0x0
 *(SORT_BY_ALIGNMENT(.rel.plt))
                [!provide]                        PROVIDE (__rel_iplt_start = .)
 *(SORT_BY_ALIGNMENT(.rel.iplt))
 .rel.iplt      0x0000000000000000        0x0 zephyr/CMakeFiles/zephyr_final.dir/isr_tables.c.obj
                [!provide]                        PROVIDE (__rel_iplt_end = .)

.rela.plt       0x0000000000000000        0x0
 *(SORT_BY_ALIGNMENT(.rela.plt))
                [!provide]                        PROVIDE (__rela_iplt_start = .)
 *(SORT_BY_ALIGNMENT(.rela.iplt))
                [!provide]                        PROVIDE (__rela_iplt_end = .)

.rel.dyn
 *(SORT_BY_ALIGNMENT(.rel.*))

.rela.dyn
 *(SORT_BY_ALIGNMENT(.rela.*))

/DISCARD/
 *(SORT_BY_ALIGNMENT(.plt))

/DISCARD/
 *(SORT_BY_ALIGNMENT(.iplt))
                0x0000000000000000                __rom_region_start = 0x0

rom_start       0x0000000000000000       0xc0
                0x0000000000000000                __rom_start_address = .
 FILL mask 0x00
                0x0000000000000000                . = (. + (0x0 - (. - __rom_start_address)))
                0x0000000000000000                . = ALIGN (0x4)
                0x0000000000000000                . = ALIGN (0x80)
                0x0000000000000000                . = ALIGN (0x100)
                0x0000000000000000                _vector_start = .
 *(SORT_BY_ALIGNMENT(.exc_vector_table))
 *(SORT_BY_ALIGNMENT(.exc_vector_table.*))
 .exc_vector_table._vector_table_section
                0x0000000000000000       0x40 zephyr/arch/arch/arm/core/cortex_m/libarch__arm__core__cortex_m.a(vector_table.S.obj)
                0x0000000000000000                _vector_table
 *(SORT_BY_ALIGNMENT(.vectors))
                0x00000000000000c0                _vector_end = .
                0x0000000000000040                . = ALIGN (0x4)
 *(SORT_BY_ALIGNMENT(.gnu.linkonce.irq_vector_table*))
 .gnu.linkonce.irq_vector_table
                0x0000000000000040       0x80 zephyr/CMakeFiles/zephyr_final.dir/isr_tables.c.obj
                0x0000000000000040                _irq_vector_table
                0x00000000000000c0                _vector_end = .

text            0x00000000000000c0     0x428c
                0x00000000000000c0                __text_region_start = .
 *(SORT_BY_ALIGNMENT(.text))
 .text          0x00000000000000c0       0x30 /Users/viniciuscortez/zephyr-sdk-0.17.1/arm-zephyr-eabi/bin/../lib/gcc/arm-zephyr-eabi/12.2.0/thumb/v7-m/nofp/libgcc.a(_aeabi_uldivmod.o)
                0x00000000000000c0                __aeabi_uldivmod
 .text          0x00000000000000f0        0x4 /Users/viniciuscortez/zephyr-sdk-0.17.1/arm-zephyr-eabi/bin/../lib/gcc/arm-zephyr-eabi/12.2.0/thumb/v7-m/nofp/libgcc.a(_dvmd_tls.o)
                0x00000000000000f0                __aeabi_ldiv0
                0x00000000000000f0                __aeabi_idiv0
 .text          0x00000000000000f4       0x10 /Users/viniciuscortez/zephyr-sdk-0.17.1/arm-zephyr-eabi/bin/../lib/gcc/../../picolibc/arm-zephyr-eabi/lib/thumb/v7-m/nofp/libc.a(strlen.S.o)
                0x00000000000000f4                strlen
 .text          0x0000000000000104      0x2a0 /Users/viniciuscortez/zephyr-sdk-0.17.1/arm-zephyr-eabi/bin/../lib/gcc/arm-zephyr-eabi/12.2.0/thumb/v7-m/nofp/libgcc.a(_udivmoddi4.o)
                0x0000000000000104                __udivmoddi4
 *(SORT_BY_ALIGNMENT(.text.*))
 .text.sensor_thread
                0x00000000000003a4       0x24 app/libapp.a(sensor.c.obj)
 .text.sensor_send_event
                0x00000000000003c8       0x30 app/libapp.a(sensor.c.obj)
                0x00000000000003c8                sensor_send_event
 .text.sensor_init
                0x00000000000003f8       0x68 app/libapp.a(sensor.c.obj)
                0x00000000000003f8                sensor_init
 .text.finalize_vehicle_work
                0x0000000000000460       0xa0 app/libapp.a(radar_processing.c.obj)
 .text.radar_process_sensor_event
                0x0000000000000500       0x70 app/libapp.a(radar_processing.c.obj)
                0x0000000000000500                radar_process_sensor_event
 .text.radar_processing_init
                0x0000000000000570       0x1c app/libapp.a(radar_processing.c.obj)
                0x0000000000000570                radar_processing_init
 .text.radar_display_init
                0x000000000000058c       0x10 app/libapp.a(radar_display.c.obj)
                0x000000000000058c                radar_display_init
 .text.radar_display_show
                0x000000000000059c       0xc4 app/libapp.a(radar_display.c.obj)
                0x000000000000059c                radar_display_show
 .text.camera_thread
                0x0000000000000660       0x94 app/libapp.a(camera_service.c.obj)
 .text.char_out
                0x00000000000006f4        0xc zephyr/libzephyr.a(printk.c.obj)
 .text.__printk_hook_install
                0x0000000000000700        0xc zephyr/libzephyr.a(printk.c.obj)
                0x0000000000000700                __printk_hook_install
 .text.vprintk  0x000000000000070c       0x30 zephyr/libzephyr.a(printk.c.obj)
                0x000000000000070c                vprintk
 .text.z_thread_entry
                0x000000000000073c       0x34 zephyr/libzephyr.a(thread_entry.c.obj)
                0x000000000000073c                z_thread_entry
 .text.mem_attr_get_regions
                0x0000000000000770        0xc zephyr/libzephyr.a(mem_attr.c.obj)
                0x0000000000000770                mem_attr_get_regions
 .text.z_arm_nmi
                0x000000000000077c       0x14 zephyr/arch/arch/arm/core/libarch__arm__core.a(nmi.c.obj)
                0x000000000000077c                z_arm_nmi
 .text.z_SysNmiOnReset
                0x0000000000000790        0x8 zephyr/arch/arch/arm/core/libarch__arm__core.a(nmi_on_reset.S.obj)
                0x0000000000000790                z_SysNmiOnReset
 .text.arch_tls_stack_setup
                0x0000000000000798       0x40 zephyr/arch/arch/arm/core/libarch__arm__core.a(tls.c.obj)
                0x0000000000000798                arch_tls_stack_setup
 .text._HandlerModeExit
                0x00000000000007d8       0x20 zephyr/arch/arch/arm/core/cortex_m/libarch__arm__core__cortex_m.a(exc_exit.c.obj)
                0x00000000000007d8                z_arm_exc_exit
                0x00000000000007d8                z_arm_int_exit
 .text.usage_fault.constprop.0
                0x00000000000007f8       0x54 zephyr/arch/arch/arm/core/cortex_m/libarch__arm__core__cortex_m.a(fault.c.obj)
 .text.bus_fault.constprop.0
                0x000000000000084c       0x60 zephyr/arch/arch/arm/core/cortex_m/libarch__arm__core__cortex_m.a(fault.c.obj)
 .text.mem_manage_fault.constprop.0
                0x00000000000008ac       0x5c zephyr/arch/arch/arm/core/cortex_m/libarch__arm__core__cortex_m.a(fault.c.obj)
 .text.z_arm_fault
                0x0000000000000908      0x124 zephyr/arch/arch/arm/core/cortex_m/libarch__arm__core__cortex_m.a(fault.c.obj)
                0x0000000000000908                z_arm_fault
 .text.z_arm_fault_init
                0x0000000000000a2c       0x18 zephyr/arch/arch/arm/core/cortex_m/libarch__arm__core__cortex_m.a(fault.c.obj)
                0x0000000000000a2c                z_arm_fault_init
 .text.__fault  0x0000000000000a44       0x14 zephyr/arch/arch/arm/core/cortex_m/libarch__arm__core__cortex_m.a(fault_s.S.obj)
                0x0000000000000a44                z_arm_bus_fault
                0x0000000000000a44                z_arm_usage_fault
                0x0000000000000a44                z_arm_mpu_fault
                0x0000000000000a44                z_arm_exc_spurious
                0x0000000000000a44                z_arm_debug_monitor
                0x0000000000000a44                z_arm_hard_fault
 .text._reset_section
                0x0000000000000a58       0x34 zephyr/arch/arch/arm/core/cortex_m/libarch__arm__core__cortex_m.a(reset.S.obj)
                0x0000000000000a58                z_arm_reset
                0x0000000000000a58                __start
 .text.z_impl_k_thread_abort
                0x0000000000000a8c       0x2c zephyr/arch/arch/arm/core/cortex_m/libarch__arm__core__cortex_m.a(thread_abort.c.obj)
                0x0000000000000a8c                z_impl_k_thread_abort
 .text.z_arm_pendsv
                0x0000000000000ab8       0x54 zephyr/arch/arch/arm/core/cortex_m/libarch__arm__core__cortex_m.a(swap_helper.S.obj)
                0x0000000000000ab8                z_arm_pendsv
 .text.z_arm_svc
                0x0000000000000b0c       0x24 zephyr/arch/arch/arm/core/cortex_m/libarch__arm__core__cortex_m.a(swap_helper.S.obj)
                0x0000000000000b0c                z_arm_svc
 .text.arm_irq_enable
                0x0000000000000b30       0x1c zephyr/arch/arch/arm/core/cortex_m/libarch__arm__core__cortex_m.a(irq_manage.c.obj)
                0x0000000000000b30                arm_irq_enable
 .text.arm_irq_priority_set
                0x0000000000000b4c       0x2c zephyr/arch/arch/arm/core/cortex_m/libarch__arm__core__cortex_m.a(irq_manage.c.obj)
                0x0000000000000b4c                arm_irq_priority_set
 .text.relocate_vector_table
                0x0000000000000b78       0x20 zephyr/arch/arch/arm/core/cortex_m/libarch__arm__core__cortex_m.a(prep_c.c.obj)
                0x0000000000000b78                relocate_vector_table
 .text.arch_new_thread
                0x0000000000000b98       0x38 zephyr/arch/arch/arm/core/cortex_m/libarch__arm__core__cortex_m.a(thread.c.obj)
                0x0000000000000b98                arch_new_thread
 .text.arch_switch_to_main_thread
                0x0000000000000bd0       0x38 zephyr/arch/arch/arm/core/cortex_m/libarch__arm__core__cortex_m.a(thread.c.obj)
                0x0000000000000bd0                arch_switch_to_main_thread
 .text.z_arm_cpu_idle_init
                0x0000000000000c08        0xc zephyr/arch/arch/arm/core/cortex_m/libarch__arm__core__cortex_m.a(cpu_idle.c.obj)
                0x0000000000000c08                z_arm_cpu_idle_init
 .text.z_arm_interrupt_init
                0x0000000000000c14       0x18 zephyr/arch/arch/arm/core/cortex_m/libarch__arm__core__cortex_m.a(irq_init.c.obj)
                0x0000000000000c14                z_arm_interrupt_init
 .text._isr_wrapper
                0x0000000000000c2c       0x24 zephyr/arch/arch/arm/core/cortex_m/libarch__arm__core__cortex_m.a(isr_wrapper.c.obj)
                0x0000000000000c2c                _isr_wrapper
 .text.z_arm_configure_static_mpu_regions
                0x0000000000000c50       0x18 zephyr/arch/arch/arm/core/mpu/libarch__arm__core__mpu.a(arm_core_mpu.c.obj)
                0x0000000000000c50                z_arm_configure_static_mpu_regions
 .text.region_init
                0x0000000000000c68       0x28 zephyr/arch/arch/arm/core/mpu/libarch__arm__core__mpu.a(arm_mpu.c.obj)
 .text.mpu_configure_regions
                0x0000000000000c90       0x6c zephyr/arch/arch/arm/core/mpu/libarch__arm__core__mpu.a(arm_mpu.c.obj)
 .text.arm_core_mpu_enable
                0x0000000000000cfc       0x18 zephyr/arch/arch/arm/core/mpu/libarch__arm__core__mpu.a(arm_mpu.c.obj)
                0x0000000000000cfc                arm_core_mpu_enable
 .text.arm_core_mpu_disable
                0x0000000000000d14       0x14 zephyr/arch/arch/arm/core/mpu/libarch__arm__core__mpu.a(arm_mpu.c.obj)
                0x0000000000000d14                arm_core_mpu_disable
 .text.arm_core_mpu_configure_static_mpu_regions
                0x0000000000000d28       0x14 zephyr/arch/arch/arm/core/mpu/libarch__arm__core__mpu.a(arm_mpu.c.obj)
                0x0000000000000d28                arm_core_mpu_configure_static_mpu_regions
 .text.z_arm_mpu_init
                0x0000000000000d3c      0x168 zephyr/arch/arch/arm/core/mpu/libarch__arm__core__mpu.a(arm_mpu.c.obj)
                0x0000000000000d3c                z_arm_mpu_init
 .text.z_impl_zephyr_fputc
                0x0000000000000ea4       0x10 zephyr/lib/libc/picolibc/liblib__libc__picolibc.a(stdio.c.obj)
                0x0000000000000ea4                z_impl_zephyr_fputc
 .text.__stdout_hook_install
                0x0000000000000eb4       0x18 zephyr/lib/libc/picolibc/liblib__libc__picolibc.a(stdio.c.obj)
                0x0000000000000eb4                __stdout_hook_install
 .text.malloc_prepare
                0x0000000000000ecc       0x20 zephyr/lib/libc/common/liblib__libc__common.a(malloc.c.obj)
 .text.net_buf_destroy
                0x0000000000000eec       0x38 zephyr/lib/net_buf/liblib__net_buf.a(buf.c.obj)
 .text.net_buf_alloc_len
                0x0000000000000f24       0xfc zephyr/lib/net_buf/liblib__net_buf.a(buf.c.obj)
                0x0000000000000f24                net_buf_alloc_len
 .text.net_buf_unref
                0x0000000000001020       0x38 zephyr/lib/net_buf/liblib__net_buf.a(buf.c.obj)
                0x0000000000001020                net_buf_unref
 .text.net_buf_clone
                0x0000000000001058       0xdc zephyr/lib/net_buf/liblib__net_buf.a(buf.c.obj)
                0x0000000000001058                net_buf_clone
 .text.z_impl_sys_rand_get
                0x0000000000001134       0x84 zephyr/subsys/random/libsubsys__random.a(random_timer.c.obj)
                0x0000000000001134                z_impl_sys_rand_get
 .text._zbus_init
                0x00000000000011b8       0x48 zephyr/subsys/zbus/libsubsys__zbus.a(zbus.c.obj)
                0x00000000000011b8                _zbus_init
 .text._zbus_vded_exec
                0x0000000000001200       0xdc zephyr/subsys/zbus/libsubsys__zbus.a(zbus.c.obj)
 .text.chan_lock.constprop.0
                0x00000000000012dc       0x88 zephyr/subsys/zbus/libsubsys__zbus.a(zbus.c.obj)
 .text.zbus_chan_pub
                0x0000000000001364       0x90 zephyr/subsys/zbus/libsubsys__zbus.a(zbus.c.obj)
                0x0000000000001364                zbus_chan_pub
 .text.uart_console_init
                0x00000000000013f4       0x28 zephyr/drivers/console/libdrivers__console.a(uart_console.c.obj)
 .text.console_out
                0x000000000000141c       0x28 zephyr/drivers/console/libdrivers__console.a(uart_console.c.obj)
 .text.pinctrl_configure_pins
                0x0000000000001444       0x44 zephyr/drivers/pinctrl/libdrivers__pinctrl.a(pinctrl_arm_mps2.c.obj)
                0x0000000000001444                pinctrl_configure_pins
 .text.elapsed  0x0000000000001488       0x4c zephyr/drivers/timer/libdrivers__timer.a(cortex_m_systick.c.obj)
 .text.sys_clock_driver_init
                0x00000000000014d4       0x38 zephyr/drivers/timer/libdrivers__timer.a(cortex_m_systick.c.obj)
 .text.sys_clock_isr
                0x000000000000150c       0x50 zephyr/drivers/timer/libdrivers__timer.a(cortex_m_systick.c.obj)
                0x000000000000150c                sys_clock_isr
 .text.sys_clock_set_timeout
                0x000000000000155c       0xe4 zephyr/drivers/timer/libdrivers__timer.a(cortex_m_systick.c.obj)
                0x000000000000155c                sys_clock_set_timeout
 .text.sys_clock_elapsed
                0x0000000000001640       0x3c zephyr/drivers/timer/libdrivers__timer.a(cortex_m_systick.c.obj)
                0x0000000000001640                sys_clock_elapsed
 .text.sys_clock_cycle_get_32
                0x000000000000167c       0x28 zephyr/drivers/timer/libdrivers__timer.a(cortex_m_systick.c.obj)
                0x000000000000167c                sys_clock_cycle_get_32
 .text.z_fatal_error
                0x00000000000016a4       0x30 zephyr/kernel/libkernel.a(fatal.c.obj)
                0x00000000000016a4                z_fatal_error
 .text.z_sys_init_run_level
                0x00000000000016d4       0x30 zephyr/kernel/libkernel.a(init.c.obj)
 .text.bg_thread_main
                0x0000000000001704       0xc0 zephyr/kernel/libkernel.a(init.c.obj)
 .text.z_bss_zero
                0x00000000000017c4       0x18 zephyr/kernel/libkernel.a(init.c.obj)
                0x00000000000017c4                z_bss_zero
 .text.z_init_cpu
                0x00000000000017dc       0x68 zephyr/kernel/libkernel.a(init.c.obj)
                0x00000000000017dc                z_init_cpu
 .text.z_cstart
                0x0000000000001844       0xc8 zephyr/kernel/libkernel.a(init.c.obj)
                0x0000000000001844                z_cstart
 .text.statics_init
                0x000000000000190c       0x24 zephyr/kernel/libkernel.a(kheap.c.obj)
 .text.z_impl_k_msgq_put
                0x0000000000001930       0xb0 zephyr/kernel/libkernel.a(msg_q.c.obj)
                0x0000000000001930                z_impl_k_msgq_put
 .text.z_impl_k_msgq_get
                0x00000000000019e0       0xc4 zephyr/kernel/libkernel.a(msg_q.c.obj)
                0x00000000000019e0                z_impl_k_msgq_get
 .text.z_impl_k_queue_get
                0x0000000000001aa4       0x64 zephyr/kernel/libkernel.a(queue.c.obj)
                0x0000000000001aa4                z_impl_k_queue_get
 .text.z_impl_k_sem_give
                0x0000000000001b08       0x68 zephyr/kernel/libkernel.a(sem.c.obj)
                0x0000000000001b08                z_impl_k_sem_give
 .text.z_impl_k_sem_take
                0x0000000000001b70       0x4c zephyr/kernel/libkernel.a(sem.c.obj)
                0x0000000000001b70                z_impl_k_sem_take
 .text.work_queue_main
                0x0000000000001bbc      0x14c zephyr/kernel/libkernel.a(work.c.obj)
 .text.submit_to_queue_locked
                0x0000000000001d08       0xb8 zephyr/kernel/libkernel.a(work.c.obj)
 .text.k_work_queue_start
                0x0000000000001dc0       0x80 zephyr/kernel/libkernel.a(work.c.obj)
                0x0000000000001dc0                k_work_queue_start
 .text.k_work_reschedule_for_queue
                0x0000000000001e40       0x5c zephyr/kernel/libkernel.a(work.c.obj)
                0x0000000000001e40                k_work_reschedule_for_queue
 .text.k_work_reschedule
                0x0000000000001e9c        0xc zephyr/kernel/libkernel.a(work.c.obj)
                0x0000000000001e9c                k_work_reschedule
 .text.z_setup_new_thread
                0x0000000000001ea8       0x7c zephyr/kernel/libkernel.a(thread.c.obj)
                0x0000000000001ea8                z_setup_new_thread
 .text.z_impl_k_thread_create
                0x0000000000001f24       0x58 zephyr/kernel/libkernel.a(thread.c.obj)
                0x0000000000001f24                z_impl_k_thread_create
 .text.z_dummy_thread_init
                0x0000000000001f7c       0x20 zephyr/kernel/libkernel.a(thread.c.obj)
                0x0000000000001f7c                z_dummy_thread_init
 .text.z_swap_irqlock
                0x0000000000001f9c       0x30 zephyr/kernel/libkernel.a(sched.c.obj)
 .text.ready_thread
                0x0000000000001fcc       0x84 zephyr/kernel/libkernel.a(sched.c.obj)
 .text.unready_thread
                0x0000000000002050       0x54 zephyr/kernel/libkernel.a(sched.c.obj)
 .text.add_thread_timeout
                0x00000000000020a4       0x1c zephyr/kernel/libkernel.a(sched.c.obj)
 .text.move_thread_to_end_of_prio_q
                0x00000000000020c0       0x90 zephyr/kernel/libkernel.a(sched.c.obj)
                0x00000000000020c0                move_thread_to_end_of_prio_q
 .text.z_pend_curr
                0x0000000000002150       0x44 zephyr/kernel/libkernel.a(sched.c.obj)
                0x0000000000002150                z_pend_curr
 .text.z_thread_prio_set
                0x0000000000002194       0xe4 zephyr/kernel/libkernel.a(sched.c.obj)
                0x0000000000002194                z_thread_prio_set
 .text.z_reschedule
                0x0000000000002278       0x24 zephyr/kernel/libkernel.a(sched.c.obj)
                0x0000000000002278                z_reschedule
 .text.z_reschedule_irqlock
                0x000000000000229c       0x28 zephyr/kernel/libkernel.a(sched.c.obj)
                0x000000000000229c                z_reschedule_irqlock
 .text.k_sched_lock
                0x00000000000022c4       0x28 zephyr/kernel/libkernel.a(sched.c.obj)
                0x00000000000022c4                k_sched_lock
 .text.k_sched_unlock
                0x00000000000022ec       0x68 zephyr/kernel/libkernel.a(sched.c.obj)
                0x00000000000022ec                k_sched_unlock
 .text.z_sched_init
                0x0000000000002354       0x10 zephyr/kernel/libkernel.a(sched.c.obj)
                0x0000000000002354                z_sched_init
 .text.z_impl_k_thread_priority_set
                0x0000000000002364       0x2c zephyr/kernel/libkernel.a(sched.c.obj)
                0x0000000000002364                z_impl_k_thread_priority_set
 .text.z_impl_k_yield
                0x0000000000002390       0x88 zephyr/kernel/libkernel.a(sched.c.obj)
                0x0000000000002390                z_impl_k_yield
 .text.z_tick_sleep
                0x0000000000002418       0x78 zephyr/kernel/libkernel.a(sched.c.obj)
 .text.z_impl_k_wakeup
                0x0000000000002490       0x48 zephyr/kernel/libkernel.a(sched.c.obj)
                0x0000000000002490                z_impl_k_wakeup
 .text.z_impl_k_sched_current_thread_query
                0x00000000000024d8        0xc zephyr/kernel/libkernel.a(sched.c.obj)
                0x00000000000024d8                z_impl_k_sched_current_thread_query
 .text.z_thread_abort
                0x00000000000024e4      0x138 zephyr/kernel/libkernel.a(sched.c.obj)
                0x00000000000024e4                z_thread_abort
 .text.z_sched_wait
                0x000000000000261c       0x24 zephyr/kernel/libkernel.a(sched.c.obj)
                0x000000000000261c                z_sched_wait
 .text.slice_timeout
                0x0000000000002640       0x20 zephyr/kernel/libkernel.a(timeslicing.c.obj)
 .text.thread_is_sliceable
                0x0000000000002660       0x3c zephyr/kernel/libkernel.a(timeslicing.c.obj)
                0x0000000000002660                thread_is_sliceable
 .text.z_reset_time_slice
                0x000000000000269c       0x50 zephyr/kernel/libkernel.a(timeslicing.c.obj)
                0x000000000000269c                z_reset_time_slice
 .text.z_time_slice
                0x00000000000026ec       0x60 zephyr/kernel/libkernel.a(timeslicing.c.obj)
                0x00000000000026ec                z_time_slice
 .text.z_data_copy
                0x000000000000274c       0x38 zephyr/kernel/libkernel.a(xip.c.obj)
                0x000000000000274c                z_data_copy
 .text.first    0x0000000000002784       0x10 zephyr/kernel/libkernel.a(timeout.c.obj)
 .text.elapsed  0x0000000000002794       0x14 zephyr/kernel/libkernel.a(timeout.c.obj)
 .text.remove_timeout
                0x00000000000027a8       0x38 zephyr/kernel/libkernel.a(timeout.c.obj)
 .text.z_add_timeout
                0x00000000000027e0      0x120 zephyr/kernel/libkernel.a(timeout.c.obj)
                0x00000000000027e0                z_add_timeout
 .text.sys_clock_announce
                0x0000000000002900       0xbc zephyr/kernel/libkernel.a(timeout.c.obj)
                0x0000000000002900                sys_clock_announce
 .text.sys_clock_tick_get
                0x00000000000029bc       0x30 zephyr/kernel/libkernel.a(timeout.c.obj)
                0x00000000000029bc                sys_clock_tick_get
 .text.z_thread_alloc_helper
                0x00000000000029ec       0x38 zephyr/kernel/libkernel.a(mempool.c.obj)
 .text.k_malloc
                0x0000000000002a24       0x14 zephyr/kernel/libkernel.a(mempool.c.obj)
                0x0000000000002a24                k_malloc
 .text.k_thread_system_pool_assign
                0x0000000000002a38        0xc zephyr/kernel/libkernel.a(mempool.c.obj)
                0x0000000000002a38                k_thread_system_pool_assign
 .text.z_thread_malloc
                0x0000000000002a44       0x10 zephyr/kernel/libkernel.a(mempool.c.obj)
                0x0000000000002a44                z_thread_malloc
 .text.boot_banner
                0x0000000000002a54        0xc zephyr/kernel/libkernel.a(banner.c.obj)
                0x0000000000002a54                boot_banner
 .text.k_sys_work_q_init
                0x0000000000002a60       0x2c zephyr/kernel/libkernel.a(system_work_q.c.obj)
 .text.snprintf
                0x0000000000002a8c       0x54 /Users/viniciuscortez/zephyr-sdk-0.17.1/arm-zephyr-eabi/bin/../lib/gcc/../../picolibc/arm-zephyr-eabi/lib/thumb/v7-m/nofp/libc.a(libc_tinystdio_snprintf.c.o)
                0x0000000000002a8c                snprintf
 .text.__l_vfprintf
                0x0000000000002ae0      0x4b8 /Users/viniciuscortez/zephyr-sdk-0.17.1/arm-zephyr-eabi/bin/../lib/gcc/../../picolibc/arm-zephyr-eabi/lib/thumb/v7-m/nofp/libc.a(libc_tinystdio_vflprintf.c.o)
                0x0000000000002ae0                __l_vfprintf
 .text._OffsetAbsSyms
                0x0000000000002f98        0x2 zephyr/CMakeFiles/offsets.dir/./arch/arm/core/offsets/offsets.c.obj
                0x0000000000002f98                _OffsetAbsSyms
 .text.main     0x0000000000002f9a       0x16 app/libapp.a(main.c.obj)
                0x0000000000002f9a                main
 .text.gpio_pin_get
                0x0000000000002fb0       0x28 app/libapp.a(sensor.c.obj)
 .text.z_impl_gpio_pin_configure.constprop.0
                0x0000000000002fd8       0x1e app/libapp.a(sensor.c.obj)
 .text.gpio_pin_interrupt_configure.constprop.0
                0x0000000000002ff6       0x1e app/libapp.a(sensor.c.obj)
 .text.sensor_gpio_isr
                0x0000000000003014       0x32 app/libapp.a(sensor.c.obj)
 .text.emit_vehicle
                0x0000000000003046       0x42 app/libapp.a(sensor_sim.c.obj)
 .text.sensor_sim_thread
                0x0000000000003088       0x34 app/libapp.a(sensor_sim.c.obj)
 .text.radar_evaluate_speed
                0x00000000000030bc       0x2e app/libapp.a(radar_control.c.obj)
                0x00000000000030bc                radar_evaluate_speed
 .text.rand_letter
                0x00000000000030ea       0x22 app/libapp.a(plate.c.obj)
 .text.rand_digit
                0x000000000000310c       0x22 app/libapp.a(plate.c.obj)
 .text.plate_is_valid_mercosul
                0x000000000000312e       0x58 app/libapp.a(plate.c.obj)
                0x000000000000312e                plate_is_valid_mercosul
 .text.plate_generate_mercosul
                0x0000000000003186       0x34 app/libapp.a(plate.c.obj)
                0x0000000000003186                plate_generate_mercosul
 .text.plate_generate_invalid
                0x00000000000031ba       0x10 app/libapp.a(plate.c.obj)
                0x00000000000031ba                plate_generate_invalid
 .text.chunk_field
                0x00000000000031ca       0x16 zephyr/libzephyr.a(heap.c.obj)
 .text.chunk_set
                0x00000000000031e0       0x16 zephyr/libzephyr.a(heap.c.obj)
 .text.chunk_size
                0x00000000000031f6        0xc zephyr/libzephyr.a(heap.c.obj)
 .text.set_chunk_used
                0x0000000000003202       0x30 zephyr/libzephyr.a(heap.c.obj)
 .text.set_chunk_size
                0x0000000000003232        0x8 zephyr/libzephyr.a(heap.c.obj)
 .text.mem_to_chunkid
                0x000000000000323a       0x14 zephyr/libzephyr.a(heap.c.obj)
 .text.bucket_idx.isra.0
                0x000000000000324e       0x1c zephyr/libzephyr.a(heap.c.obj)
 .text.free_list_remove_bidx
                0x000000000000326a       0x5c zephyr/libzephyr.a(heap.c.obj)
 .text.free_list_remove
                0x00000000000032c6       0x2e zephyr/libzephyr.a(heap.c.obj)
 .text.alloc_chunk
                0x00000000000032f4       0x74 zephyr/libzephyr.a(heap.c.obj)
 .text.split_chunks
                0x0000000000003368       0x4e zephyr/libzephyr.a(heap.c.obj)
 .text.merge_chunks
                0x00000000000033b6       0x3c zephyr/libzephyr.a(heap.c.obj)
 .text.free_list_add
                0x00000000000033f2       0x84 zephyr/libzephyr.a(heap.c.obj)
 .text.free_chunk
                0x0000000000003476       0x84 zephyr/libzephyr.a(heap.c.obj)
 .text.sys_heap_free
                0x00000000000034fa       0x24 zephyr/libzephyr.a(heap.c.obj)
                0x00000000000034fa                sys_heap_free
 .text.sys_heap_alloc
                0x000000000000351e       0x76 zephyr/libzephyr.a(heap.c.obj)
                0x000000000000351e                sys_heap_alloc
 .text.sys_heap_noalign_alloc
                0x0000000000003594        0x6 zephyr/libzephyr.a(heap.c.obj)
                0x0000000000003594                sys_heap_noalign_alloc
 .text.sys_heap_init
                0x000000000000359a       0xb0 zephyr/libzephyr.a(heap.c.obj)
                0x000000000000359a                sys_heap_init
 .text.arch_printk_char_out
                0x000000000000364a        0x4 zephyr/libzephyr.a(printk.c.obj)
                0x000000000000364a                arch_printk_char_out
 .text.printk   0x000000000000364e       0x1a zephyr/libzephyr.a(printk.c.obj)
                0x000000000000364e                printk
 .text._ConfigAbsSyms
                0x0000000000003668        0x2 zephyr/libzephyr.a(configs.c.obj)
                0x0000000000003668                _ConfigAbsSyms
 .text.z_arm_fatal_error
                0x000000000000366a        0xc zephyr/arch/arch/arm/core/libarch__arm__core.a(fatal.c.obj)
                0x000000000000366a                z_arm_fatal_error
 .text.z_do_kernel_oops
                0x0000000000003676        0x8 zephyr/arch/arch/arm/core/libarch__arm__core.a(fatal.c.obj)
                0x0000000000003676                z_do_kernel_oops
 .text.z_irq_spurious
                0x000000000000367e        0x8 zephyr/arch/arch/arm/core/cortex_m/libarch__arm__core__cortex_m.a(irq_manage.c.obj)
                0x000000000000367e                z_irq_spurious
 .text.z_prep_c
                0x0000000000003686       0x16 zephyr/arch/arch/arm/core/cortex_m/libarch__arm__core__cortex_m.a(prep_c.c.obj)
                0x0000000000003686                z_prep_c
 .text.arch_irq_unlock_outlined
                0x000000000000369c        0xe zephyr/arch/arch/arm/core/cortex_m/libarch__arm__core__cortex_m.a(thread.c.obj)
                0x000000000000369c                arch_irq_unlock_outlined
 .text.arch_cpu_idle
                0x00000000000036aa       0x1a zephyr/arch/arch/arm/core/cortex_m/libarch__arm__core__cortex_m.a(cpu_idle.c.obj)
                0x00000000000036aa                arch_cpu_idle
 .text.size_to_mpu_rasr_size
                0x00000000000036c4       0x20 zephyr/arch/arch/arm/core/mpu/libarch__arm__core__mpu.a(arm_mpu.c.obj)
 .text.picolibc_put
                0x00000000000036e4        0xa zephyr/lib/libc/picolibc/liblib__libc__picolibc.a(stdio.c.obj)
 .text.generic_data_ref
                0x00000000000036ee        0xe zephyr/lib/net_buf/liblib__net_buf.a(buf.c.obj)
 .text.heap_data_unref
                0x00000000000036fc       0x16 zephyr/lib/net_buf/liblib__net_buf.a(buf.c.obj)
 .text.heap_data_alloc
                0x0000000000003712       0x14 zephyr/lib/net_buf/liblib__net_buf.a(buf.c.obj)
 .text.net_buf_simple_add_mem
                0x0000000000003726       0x12 zephyr/lib/net_buf/liblib__net_buf.a(buf_simple.c.obj)
                0x0000000000003726                net_buf_simple_add_mem
 .text.net_buf_simple_remove_mem
                0x0000000000003738        0xe zephyr/lib/net_buf/liblib__net_buf.a(buf_simple.c.obj)
                0x0000000000003738                net_buf_simple_remove_mem
 .text.net_buf_simple_headroom
                0x0000000000003746        0x8 zephyr/lib/net_buf/liblib__net_buf.a(buf_simple.c.obj)
                0x0000000000003746                net_buf_simple_headroom
 .text.zbus_sub_wait_msg
                0x000000000000374e       0x3c zephyr/subsys/zbus/libsubsys__zbus.a(zbus.c.obj)
                0x000000000000374e                zbus_sub_wait_msg
 .text.gpio_cmsdk_ahb_port_get_raw
                0x000000000000378a        0xc zephyr/drivers/gpio/libdrivers__gpio.a(gpio_cmsdk_ahb.c.obj)
 .text.gpio_cmsdk_ahb_port_set_masked_raw
                0x0000000000003796       0x12 zephyr/drivers/gpio/libdrivers__gpio.a(gpio_cmsdk_ahb.c.obj)
 .text.gpio_cmsdk_ahb_port_set_bits_raw
                0x00000000000037a8        0xe zephyr/drivers/gpio/libdrivers__gpio.a(gpio_cmsdk_ahb.c.obj)
 .text.gpio_cmsdk_ahb_port_clear_bits_raw
                0x00000000000037b6       0x10 zephyr/drivers/gpio/libdrivers__gpio.a(gpio_cmsdk_ahb.c.obj)
 .text.gpio_cmsdk_ahb_port_toggle_bits
                0x00000000000037c6        0xe zephyr/drivers/gpio/libdrivers__gpio.a(gpio_cmsdk_ahb.c.obj)
 .text.gpio_cmsdk_ahb_pin_interrupt_configure
                0x00000000000037d4       0x4a zephyr/drivers/gpio/libdrivers__gpio.a(gpio_cmsdk_ahb.c.obj)
 .text.gpio_cmsdk_ahb_manage_callback
                0x000000000000381e       0x52 zephyr/drivers/gpio/libdrivers__gpio.a(gpio_cmsdk_ahb.c.obj)
 .text.gpio_cmsdk_ahb_init
                0x0000000000003870        0xc zephyr/drivers/gpio/libdrivers__gpio.a(gpio_cmsdk_ahb.c.obj)
 .text.gpio_cmsdk_port_0_config_func
                0x000000000000387c       0x16 zephyr/drivers/gpio/libdrivers__gpio.a(gpio_cmsdk_ahb.c.obj)
 .text.gpio_cmsdk_port_1_config_func
                0x0000000000003892       0x16 zephyr/drivers/gpio/libdrivers__gpio.a(gpio_cmsdk_ahb.c.obj)
 .text.gpio_cmsdk_port_2_config_func
                0x00000000000038a8       0x16 zephyr/drivers/gpio/libdrivers__gpio.a(gpio_cmsdk_ahb.c.obj)
 .text.gpio_cmsdk_port_3_config_func
                0x00000000000038be       0x16 zephyr/drivers/gpio/libdrivers__gpio.a(gpio_cmsdk_ahb.c.obj)
 .text.gpio_cmsdk_ahb_isr
                0x00000000000038d4       0x32 zephyr/drivers/gpio/libdrivers__gpio.a(gpio_cmsdk_ahb.c.obj)
 .text.cmsdk_ahb_gpio_config
                0x0000000000003906       0x40 zephyr/drivers/gpio/libdrivers__gpio.a(gpio_cmsdk_ahb.c.obj)
                0x0000000000003906                cmsdk_ahb_gpio_config
 .text.gpio_cmsdk_ahb_config
                0x0000000000003946        0xa zephyr/drivers/gpio/libdrivers__gpio.a(gpio_cmsdk_ahb.c.obj)
 .text.gpio_mmio32_config
                0x0000000000003950       0x70 zephyr/drivers/gpio/libdrivers__gpio.a(gpio_mmio32.c.obj)
 .text.gpio_mmio32_port_get_raw
                0x00000000000039c0       0x12 zephyr/drivers/gpio/libdrivers__gpio.a(gpio_mmio32.c.obj)
 .text.gpio_mmio32_port_set_masked_raw
                0x00000000000039d2       0x2e zephyr/drivers/gpio/libdrivers__gpio.a(gpio_mmio32.c.obj)
 .text.gpio_mmio32_port_set_bits_raw
                0x0000000000003a00       0x2a zephyr/drivers/gpio/libdrivers__gpio.a(gpio_mmio32.c.obj)
 .text.gpio_mmio32_port_clear_bits_raw
                0x0000000000003a2a       0x2c zephyr/drivers/gpio/libdrivers__gpio.a(gpio_mmio32.c.obj)
 .text.gpio_mmio32_port_toggle_bits
                0x0000000000003a56       0x2a zephyr/drivers/gpio/libdrivers__gpio.a(gpio_mmio32.c.obj)
 .text.gpio_mmio32_pin_interrupt_configure
                0x0000000000003a80        0x6 zephyr/drivers/gpio/libdrivers__gpio.a(gpio_mmio32.c.obj)
                0x0000000000003a80                gpio_mmio32_pin_interrupt_configure
 .text.gpio_mmio32_init
                0x0000000000003a86        0xa zephyr/drivers/gpio/libdrivers__gpio.a(gpio_mmio32.c.obj)
                0x0000000000003a86                gpio_mmio32_init
 .text.pinctrl_lookup_state
                0x0000000000003a90       0x26 zephyr/drivers/pinctrl/libdrivers__pinctrl.a(common.c.obj)
                0x0000000000003a90                pinctrl_lookup_state
 .text.uart_cmsdk_apb_poll_in
                0x0000000000003ab6       0x16 zephyr/drivers/serial/libdrivers__serial.a(uart_cmsdk_apb.c.obj)
 .text.uart_cmsdk_apb_poll_out
                0x0000000000003acc        0xe zephyr/drivers/serial/libdrivers__serial.a(uart_cmsdk_apb.c.obj)
 .text.uart_cmsdk_apb_fifo_fill
                0x0000000000003ada       0x20 zephyr/drivers/serial/libdrivers__serial.a(uart_cmsdk_apb.c.obj)
 .text.uart_cmsdk_apb_fifo_read
                0x0000000000003afa       0x20 zephyr/drivers/serial/libdrivers__serial.a(uart_cmsdk_apb.c.obj)
 .text.uart_cmsdk_apb_irq_tx_disable
                0x0000000000003b1a       0x14 zephyr/drivers/serial/libdrivers__serial.a(uart_cmsdk_apb.c.obj)
 .text.uart_cmsdk_apb_irq_tx_ready
                0x0000000000003b2e        0xe zephyr/drivers/serial/libdrivers__serial.a(uart_cmsdk_apb.c.obj)
 .text.uart_cmsdk_apb_irq_rx_enable
                0x0000000000003b3c        0xe zephyr/drivers/serial/libdrivers__serial.a(uart_cmsdk_apb.c.obj)
 .text.uart_cmsdk_apb_irq_rx_disable
                0x0000000000003b4a       0x14 zephyr/drivers/serial/libdrivers__serial.a(uart_cmsdk_apb.c.obj)
 .text.uart_cmsdk_apb_irq_tx_complete
                0x0000000000003b5e        0x4 zephyr/drivers/serial/libdrivers__serial.a(uart_cmsdk_apb.c.obj)
 .text.uart_cmsdk_apb_irq_rx_ready
                0x0000000000003b62        0xc zephyr/drivers/serial/libdrivers__serial.a(uart_cmsdk_apb.c.obj)
 .text.uart_cmsdk_apb_irq_err_enable
                0x0000000000003b6e        0x2 zephyr/drivers/serial/libdrivers__serial.a(uart_cmsdk_apb.c.obj)
 .text.uart_cmsdk_apb_irq_is_pending
                0x0000000000003b70       0x1c zephyr/drivers/serial/libdrivers__serial.a(uart_cmsdk_apb.c.obj)
 .text.uart_cmsdk_apb_irq_update
                0x0000000000003b8c        0x4 zephyr/drivers/serial/libdrivers__serial.a(uart_cmsdk_apb.c.obj)
 .text.uart_cmsdk_apb_irq_callback_set
                0x0000000000003b90        0x8 zephyr/drivers/serial/libdrivers__serial.a(uart_cmsdk_apb.c.obj)
 .text.uart_cmsdk_apb_isr
                0x0000000000003b98        0xc zephyr/drivers/serial/libdrivers__serial.a(uart_cmsdk_apb.c.obj)
 .text.uart_cmsdk_apb_irq_tx_enable
                0x0000000000003ba4       0x2a zephyr/drivers/serial/libdrivers__serial.a(uart_cmsdk_apb.c.obj)
 .text.uart_cmsdk_apb_irq_config_func_0
                0x0000000000003bce       0x26 zephyr/drivers/serial/libdrivers__serial.a(uart_cmsdk_apb.c.obj)
 .text.uart_cmsdk_apb_irq_config_func_1
                0x0000000000003bf4       0x26 zephyr/drivers/serial/libdrivers__serial.a(uart_cmsdk_apb.c.obj)
 .text.uart_cmsdk_apb_irq_config_func_2
                0x0000000000003c1a       0x26 zephyr/drivers/serial/libdrivers__serial.a(uart_cmsdk_apb.c.obj)
 .text.uart_cmsdk_apb_init
                0x0000000000003c40       0x4a zephyr/drivers/serial/libdrivers__serial.a(uart_cmsdk_apb.c.obj)
 .text.uart_cmsdk_apb_irq_err_disable
                0x0000000000003c8a        0x2 zephyr/drivers/serial/libdrivers__serial.a(uart_cmsdk_apb.c.obj)
 .text.z_device_state_init
                0x0000000000003c8c        0x2 zephyr/kernel/libkernel.a(device.c.obj)
                0x0000000000003c8c                z_device_state_init
 .text.z_impl_device_is_ready
                0x0000000000003c8e       0x16 zephyr/kernel/libkernel.a(device.c.obj)
                0x0000000000003c8e                z_impl_device_is_ready
 .text.arch_system_halt
                0x0000000000003ca4       0x10 zephyr/kernel/libkernel.a(fatal.c.obj)
                0x0000000000003ca4                arch_system_halt
 .text.k_sys_fatal_error_handler
                0x0000000000003cb4        0x6 zephyr/kernel/libkernel.a(fatal.c.obj)
                0x0000000000003cb4                k_sys_fatal_error_handler
 .text.do_device_init
                0x0000000000003cba       0x2e zephyr/kernel/libkernel.a(init.c.obj)
 .text.z_early_memset
                0x0000000000003ce8        0x4 zephyr/kernel/libkernel.a(init.c.obj)
                0x0000000000003ce8                z_early_memset
 .text.z_early_memcpy
                0x0000000000003cec        0x4 zephyr/kernel/libkernel.a(init.c.obj)
                0x0000000000003cec                z_early_memcpy
 .text.k_heap_init
                0x0000000000003cf0       0x10 zephyr/kernel/libkernel.a(kheap.c.obj)
                0x0000000000003cf0                k_heap_init
 .text.k_heap_free
                0x0000000000003d00       0x38 zephyr/kernel/libkernel.a(kheap.c.obj)
                0x0000000000003d00                k_heap_free
 .text.idle     0x0000000000003d38       0x16 zephyr/kernel/libkernel.a(idle.c.obj)
                0x0000000000003d38                idle
 .text.unpend_thread_no_timeout
                0x0000000000003d4e       0x1a zephyr/kernel/libkernel.a(msg_q.c.obj)
 .text.unpend_thread_no_timeout
                0x0000000000003d68       0x1a zephyr/kernel/libkernel.a(queue.c.obj)
 .text.queue_insert
                0x0000000000003d82       0xce zephyr/kernel/libkernel.a(queue.c.obj)
 .text.z_queue_node_peek
                0x0000000000003e50       0x18 zephyr/kernel/libkernel.a(queue.c.obj)
                0x0000000000003e50                z_queue_node_peek
 .text.k_queue_append
                0x0000000000003e68       0x16 zephyr/kernel/libkernel.a(queue.c.obj)
                0x0000000000003e68                k_queue_append
 .text.k_queue_prepend
                0x0000000000003e7e       0x14 zephyr/kernel/libkernel.a(queue.c.obj)
                0x0000000000003e7e                k_queue_prepend
 .text.flag_test_and_clear
                0x0000000000003e92       0x16 zephyr/kernel/libkernel.a(work.c.obj)
 .text.unschedule_locked
                0x0000000000003ea8       0x1e zephyr/kernel/libkernel.a(work.c.obj)
 .text.notify_queue_locked.isra.0
                0x0000000000003ec6        0xe zephyr/kernel/libkernel.a(work.c.obj)
 .text.work_timeout
                0x0000000000003ed4       0x3c zephyr/kernel/libkernel.a(work.c.obj)
 .text.k_work_init_delayable
                0x0000000000003f10       0x18 zephyr/kernel/libkernel.a(work.c.obj)
                0x0000000000003f10                k_work_init_delayable
 .text.k_is_in_isr
                0x0000000000003f28        0xc zephyr/kernel/libkernel.a(thread.c.obj)
                0x0000000000003f28                k_is_in_isr
 .text.z_impl_k_thread_priority_get
                0x0000000000003f34        0x6 zephyr/kernel/libkernel.a(thread.c.obj)
                0x0000000000003f34                z_impl_k_thread_priority_get
 .text.z_impl_k_thread_name_set
                0x0000000000003f3a        0x6 zephyr/kernel/libkernel.a(thread.c.obj)
                0x0000000000003f3a                z_impl_k_thread_name_set
 .text.sys_dlist_remove
                0x0000000000003f40       0x10 zephyr/kernel/libkernel.a(sched.c.obj)
 .text.unpend_thread_no_timeout
                0x0000000000003f50       0x14 zephyr/kernel/libkernel.a(sched.c.obj)
 .text.add_to_waitq_locked
                0x0000000000003f64       0x50 zephyr/kernel/libkernel.a(sched.c.obj)
 .text.z_ready_thread
                0x0000000000003fb4       0x1e zephyr/kernel/libkernel.a(sched.c.obj)
                0x0000000000003fb4                z_ready_thread
 .text.z_unpend_thread_no_timeout
                0x0000000000003fd2       0x22 zephyr/kernel/libkernel.a(sched.c.obj)
                0x0000000000003fd2                z_unpend_thread_no_timeout
 .text.z_sched_wake_thread
                0x0000000000003ff4       0x3a zephyr/kernel/libkernel.a(sched.c.obj)
                0x0000000000003ff4                z_sched_wake_thread
 .text.z_thread_timeout
                0x000000000000402e        0x8 zephyr/kernel/libkernel.a(sched.c.obj)
                0x000000000000402e                z_thread_timeout
 .text.z_unpend_thread
                0x0000000000004036       0x10 zephyr/kernel/libkernel.a(sched.c.obj)
                0x0000000000004036                z_unpend_thread
 .text.z_unpend_all
                0x0000000000004046       0x26 zephyr/kernel/libkernel.a(sched.c.obj)
                0x0000000000004046                z_unpend_all
 .text.z_impl_k_sleep
                0x000000000000406c       0x3a zephyr/kernel/libkernel.a(sched.c.obj)
                0x000000000000406c                z_impl_k_sleep
 .text.z_sched_wake
                0x00000000000040a6       0x44 zephyr/kernel/libkernel.a(sched.c.obj)
                0x00000000000040a6                z_sched_wake
 .text.next_timeout
                0x00000000000040ea       0x2e zephyr/kernel/libkernel.a(timeout.c.obj)
 .text.z_abort_timeout
                0x0000000000004118       0x50 zephyr/kernel/libkernel.a(timeout.c.obj)
                0x0000000000004118                z_abort_timeout
 .text.sys_clock_tick_get_32
                0x0000000000004168        0x8 zephyr/kernel/libkernel.a(timeout.c.obj)
                0x0000000000004168                sys_clock_tick_get_32
 .text.z_impl_k_uptime_ticks
                0x0000000000004170        0x4 zephyr/kernel/libkernel.a(timeout.c.obj)
                0x0000000000004170                z_impl_k_uptime_ticks
 .text.sys_timepoint_calc
                0x0000000000004174       0x4a zephyr/kernel/libkernel.a(timeout.c.obj)
                0x0000000000004174                sys_timepoint_calc
 .text.sys_timepoint_timeout
                0x00000000000041be       0x42 zephyr/kernel/libkernel.a(timeout.c.obj)
                0x00000000000041be                sys_timepoint_timeout
 .text.z_alloc_helper
                0x0000000000004200       0x30 zephyr/kernel/libkernel.a(mempool.c.obj)
 .text.k_free   0x0000000000004230        0xe zephyr/kernel/libkernel.a(mempool.c.obj)
                0x0000000000004230                k_free
 .text.memcpy   0x000000000000423e       0x1c /Users/viniciuscortez/zephyr-sdk-0.17.1/arm-zephyr-eabi/bin/../lib/gcc/../../picolibc/arm-zephyr-eabi/lib/thumb/v7-m/nofp/libc.a(memcpy.c.o)
                0x000000000000423e                memcpy
                0x000000000000423e                __aeabi_memcpy
                0x000000000000423e                __aeabi_memcpy4
                0x000000000000423e                __aeabi_memcpy8
 .text.memset   0x000000000000425a       0x10 /Users/viniciuscortez/zephyr-sdk-0.17.1/arm-zephyr-eabi/bin/../lib/gcc/../../picolibc/arm-zephyr-eabi/lib/thumb/v7-m/nofp/libc.a(memset.c.o)
                0x000000000000425a                memset
 .text.strnlen  0x000000000000426a       0x18 /Users/viniciuscortez/zephyr-sdk-0.17.1/arm-zephyr-eabi/bin/../lib/gcc/../../picolibc/arm-zephyr-eabi/lib/thumb/v7-m/nofp/libc.a(libc_string_strnlen.c.o)
                0x000000000000426a                strnlen
 .text.__ultoa_invert
                0x0000000000004282       0xae /Users/viniciuscortez/zephyr-sdk-0.17.1/arm-zephyr-eabi/bin/../lib/gcc/../../picolibc/arm-zephyr-eabi/lib/thumb/v7-m/nofp/libc.a(libc_tinystdio_vflprintf.c.o)
 .text.__file_str_put
                0x0000000000004330       0x10 /Users/viniciuscortez/zephyr-sdk-0.17.1/arm-zephyr-eabi/bin/../lib/gcc/../../picolibc/arm-zephyr-eabi/lib/thumb/v7-m/nofp/libc.a(libc_tinystdio_filestrput.c.o)
                0x0000000000004330                __file_str_put
 *(SORT_BY_ALIGNMENT(.TEXT.*))
 .TEXT.__aeabi_read_tp
                0x0000000000004340        0xc zephyr/arch/arch/arm/core/cortex_m/libarch__arm__core__cortex_m.a(__aeabi_read_tp.S.obj)
                0x0000000000004340                __aeabi_read_tp
 *(SORT_BY_ALIGNMENT(.gnu.linkonce.t.*))
 *(SORT_BY_ALIGNMENT(.glue_7t))
 .glue_7t       0x000000000000434c        0x0 linker stubs
 *(SORT_BY_ALIGNMENT(.glue_7))
 .glue_7        0x000000000000434c        0x0 linker stubs
 *(SORT_BY_ALIGNMENT(.vfp11_veneer))
 .vfp11_veneer  0x000000000000434c        0x0 linker stubs
 *(SORT_BY_ALIGNMENT(.v4_bx))
 .v4_bx         0x000000000000434c        0x0 linker stubs
                0x000000000000434c                . = ALIGN (0x4)
                0x000000000000434c                __text_region_end = .

.ARM.exidx      0x000000000000434c        0x8
                0x000000000000434c                __exidx_start = .
 *(SORT_BY_ALIGNMENT(.ARM.exidx*) SORT_BY_ALIGNMENT(gnu.linkonce.armexidx.*))
 .ARM.exidx     0x000000000000434c        0x8 /Users/viniciuscortez/zephyr-sdk-0.17.1/arm-zephyr-eabi/bin/../lib/gcc/../../picolibc/arm-zephyr-eabi/lib/thumb/v7-m/nofp/libc.a(strlen.S.o)
 .ARM.exidx     0x0000000000004354        0x0 /Users/viniciuscortez/zephyr-sdk-0.17.1/arm-zephyr-eabi/bin/../lib/gcc/arm-zephyr-eabi/12.2.0/thumb/v7-m/nofp/libgcc.a(_udivmoddi4.o)
                                          0x8 (size before relaxing)
                0x0000000000004354                __exidx_end = .
                0x0000000000004354                __rodata_region_start = .

initlevel       0x0000000000004354       0x80
                0x0000000000004354                __init_start = .
                0x0000000000004354                __init_EARLY_start = .
 *(SORT_BY_NAME(SORT_BY_ALIGNMENT(.z_init_EARLY_P_?_*)))
 *(SORT_BY_NAME(SORT_BY_ALIGNMENT(.z_init_EARLY_P_??_*)))
 *(SORT_BY_NAME(SORT_BY_ALIGNMENT(.z_init_EARLY_P_???_*)))
                0x0000000000004354                __init_PRE_KERNEL_1_start = .
 *(SORT_BY_NAME(SORT_BY_ALIGNMENT(.z_init_PRE_KERNEL_1_P_?_*)))
 *(SORT_BY_NAME(SORT_BY_ALIGNMENT(.z_init_PRE_KERNEL_1_P_??_*)))
 .z_init_PRE_KERNEL_1_P_30_SUB_0_
                0x0000000000004354        0x8 zephyr/kernel/libkernel.a(kheap.c.obj)
 .z_init_PRE_KERNEL_1_P_40_SUB_00028_
                0x000000000000435c        0x8 zephyr/drivers/gpio/libdrivers__gpio.a(gpio_cmsdk_ahb.c.obj)
 .z_init_PRE_KERNEL_1_P_40_SUB_00029_
                0x0000000000004364        0x8 zephyr/drivers/gpio/libdrivers__gpio.a(gpio_cmsdk_ahb.c.obj)
 .z_init_PRE_KERNEL_1_P_40_SUB_00030_
                0x000000000000436c        0x8 zephyr/drivers/gpio/libdrivers__gpio.a(gpio_cmsdk_ahb.c.obj)
 .z_init_PRE_KERNEL_1_P_40_SUB_00031_
                0x0000000000004374        0x8 zephyr/drivers/gpio/libdrivers__gpio.a(gpio_cmsdk_ahb.c.obj)
 .z_init_PRE_KERNEL_1_P_50_SUB_00008_
                0x000000000000437c        0x8 zephyr/drivers/gpio/libdrivers__gpio.a(gpio_mmio32.c.obj)
 .z_init_PRE_KERNEL_1_P_50_SUB_00012_
                0x0000000000004384        0x8 zephyr/drivers/gpio/libdrivers__gpio.a(gpio_mmio32.c.obj)
 .z_init_PRE_KERNEL_1_P_50_SUB_00036_
                0x000000000000438c        0x8 zephyr/drivers/gpio/libdrivers__gpio.a(gpio_mmio32.c.obj)
 .z_init_PRE_KERNEL_1_P_50_SUB_00041_
                0x0000000000004394        0x8 zephyr/drivers/serial/libdrivers__serial.a(uart_cmsdk_apb.c.obj)
 .z_init_PRE_KERNEL_1_P_50_SUB_00042_
                0x000000000000439c        0x8 zephyr/drivers/serial/libdrivers__serial.a(uart_cmsdk_apb.c.obj)
 .z_init_PRE_KERNEL_1_P_50_SUB_00043_
                0x00000000000043a4        0x8 zephyr/drivers/serial/libdrivers__serial.a(uart_cmsdk_apb.c.obj)
 .z_init_PRE_KERNEL_1_P_60_SUB_0_
                0x00000000000043ac        0x8 zephyr/drivers/console/libdrivers__console.a(uart_console.c.obj)
 *(SORT_BY_NAME(SORT_BY_ALIGNMENT(.z_init_PRE_KERNEL_1_P_???_*)))
                0x00000000000043b4                __init_PRE_KERNEL_2_start = .
 *(SORT_BY_NAME(SORT_BY_ALIGNMENT(.z_init_PRE_KERNEL_2_P_?_*)))
 .z_init_PRE_KERNEL_2_P_0_SUB_0_
                0x00000000000043b4        0x8 zephyr/drivers/timer/libdrivers__timer.a(cortex_m_systick.c.obj)
 *(SORT_BY_NAME(SORT_BY_ALIGNMENT(.z_init_PRE_KERNEL_2_P_??_*)))
 *(SORT_BY_NAME(SORT_BY_ALIGNMENT(.z_init_PRE_KERNEL_2_P_???_*)))
                0x00000000000043bc                __init_POST_KERNEL_start = .
 *(SORT_BY_NAME(SORT_BY_ALIGNMENT(.z_init_POST_KERNEL_P_?_*)))
 *(SORT_BY_NAME(SORT_BY_ALIGNMENT(.z_init_POST_KERNEL_P_??_*)))
 .z_init_POST_KERNEL_P_35_SUB_0_
                0x00000000000043bc        0x8 zephyr/lib/libc/common/liblib__libc__common.a(malloc.c.obj)
 .z_init_POST_KERNEL_P_40_SUB_0_
                0x00000000000043c4        0x8 zephyr/kernel/libkernel.a(system_work_q.c.obj)
 *(SORT_BY_NAME(SORT_BY_ALIGNMENT(.z_init_POST_KERNEL_P_???_*)))
                0x00000000000043cc                __init_APPLICATION_start = .
 *(SORT_BY_NAME(SORT_BY_ALIGNMENT(.z_init_APPLICATION_P_?_*)))
 .z_init_APPLICATION_P_5_SUB_0_
                0x00000000000043cc        0x8 zephyr/subsys/zbus/libsubsys__zbus.a(zbus.c.obj)
 *(SORT_BY_NAME(SORT_BY_ALIGNMENT(.z_init_APPLICATION_P_??_*)))
 *(SORT_BY_NAME(SORT_BY_ALIGNMENT(.z_init_APPLICATION_P_???_*)))
                0x00000000000043d4                __init_SMP_start = .
 *(SORT_BY_NAME(SORT_BY_ALIGNMENT(.z_init_SMP_P_?_*)))
 *(SORT_BY_NAME(SORT_BY_ALIGNMENT(.z_init_SMP_P_??_*)))
 *(SORT_BY_NAME(SORT_BY_ALIGNMENT(.z_init_SMP_P_???_*)))
                0x00000000000043d4                __init_end = .

device_area     0x00000000000043d4      0x140
                0x00000000000043d4                _device_list_start = .
 *(SORT_BY_NAME(SORT_BY_ALIGNMENT(._device.static.*_?_*)))
 *(SORT_BY_NAME(SORT_BY_ALIGNMENT(._device.static.*_??_*)))
 ._device.static.1_40_
                0x00000000000043d4       0x80 zephyr/drivers/gpio/libdrivers__gpio.a(gpio_cmsdk_ahb.c.obj)
                0x00000000000043d4                __device_dts_ord_31
                0x00000000000043f4                __device_dts_ord_30
                0x0000000000004414                __device_dts_ord_29
                0x0000000000004434                __device_dts_ord_28
 ._device.static.1_50_
                0x0000000000004454       0x60 zephyr/drivers/gpio/libdrivers__gpio.a(gpio_mmio32.c.obj)
                0x0000000000004454                __device_dts_ord_36
                0x0000000000004474                __device_dts_ord_8
                0x0000000000004494                __device_dts_ord_12
 ._device.static.1_50_
                0x00000000000044b4       0x60 zephyr/drivers/serial/libdrivers__serial.a(uart_cmsdk_apb.c.obj)
                0x00000000000044b4                __device_dts_ord_43
                0x00000000000044d4                __device_dts_ord_42
                0x00000000000044f4                __device_dts_ord_41
 *(SORT_BY_NAME(SORT_BY_ALIGNMENT(._device.static.*_???_*)))
 *(SORT_BY_NAME(SORT_BY_ALIGNMENT(._device.static.*_????_*)))
 *(SORT_BY_NAME(SORT_BY_ALIGNMENT(._device.static.*_?????_*)))
                0x0000000000004514                _device_list_end = .

sw_isr_table    0x0000000000004514      0x100
                0x0000000000004514                . = ALIGN (0x4)
 *(SORT_BY_ALIGNMENT(.gnu.linkonce.sw_isr_table*))
 .gnu.linkonce.sw_isr_table
                0x0000000000004514      0x100 zephyr/CMakeFiles/zephyr_final.dir/isr_tables.c.obj
                0x0000000000004514                _sw_isr_table

initlevel_error
                0x0000000000004354        0x0
 *(SORT_BY_NAME(SORT_BY_ALIGNMENT(.z_init_*)))
                0x0000000000000001                ASSERT ((SIZEOF (initlevel_error) == 0x0), Undefined initialization levels used.)

app_shmem_regions
                0x0000000000004614        0x0
                0x0000000000004614                __app_shmem_regions_start = .
 *(SORT_BY_NAME(SORT_BY_ALIGNMENT(.app_regions.*)))
                0x0000000000004614                __app_shmem_regions_end = .

k_p4wq_initparam_area
                0x0000000000004614        0x0
                0x0000000000004614                _k_p4wq_initparam_list_start = .
 *(SORT_BY_NAME(SORT_BY_ALIGNMENT(._k_p4wq_initparam.static.*)))
                0x0000000000004614                _k_p4wq_initparam_list_end = .

_static_thread_data_area
                0x0000000000004618       0x90
                0x0000000000004618                __static_thread_data_list_start = .
 *(SORT_BY_NAME(SORT_BY_ALIGNMENT(.__static_thread_data.static.*)))
 .__static_thread_data.static._k_thread_data_camera_thread_id_
                0x0000000000004618       0x30 app/libapp.a(camera_service.c.obj)
                0x0000000000004618                _k_thread_data_camera_thread_id
 .__static_thread_data.static._k_thread_data_sensor_sim_thread_id_
                0x0000000000004648       0x30 app/libapp.a(sensor_sim.c.obj)
                0x0000000000004648                _k_thread_data_sensor_sim_thread_id
 .__static_thread_data.static._k_thread_data_sensor_thread_id_
                0x0000000000004678       0x30 app/libapp.a(sensor.c.obj)
                0x0000000000004678                _k_thread_data_sensor_thread_id
                0x00000000000046a8                __static_thread_data_list_end = .

device_deps     0x00000000000046a8        0x0
                0x00000000000046a8                __device_deps_start = .
 *(SORT_BY_NAME(SORT_BY_ALIGNMENT(.__device_deps_pass2*)))
                0x00000000000046a8                __device_deps_end = .

gpio_driver_api_area
                0x00000000000046a8       0x48
                0x00000000000046a8                _gpio_driver_api_list_start = .
 *(SORT_BY_NAME(SORT_BY_ALIGNMENT(._gpio_driver_api.static.*)))
 ._gpio_driver_api.static.gpio_cmsdk_ahb_drv_api_funcs_
                0x00000000000046a8       0x24 zephyr/drivers/gpio/libdrivers__gpio.a(gpio_cmsdk_ahb.c.obj)
 ._gpio_driver_api.static.gpio_mmio32_api_
                0x00000000000046cc       0x24 zephyr/drivers/gpio/libdrivers__gpio.a(gpio_mmio32.c.obj)
                0x00000000000046cc                gpio_mmio32_api
                0x00000000000046f0                _gpio_driver_api_list_end = .

shared_irq_driver_api_area
                0x00000000000046f0        0x0
                0x00000000000046f0                _shared_irq_driver_api_list_start = .
 *(SORT_BY_NAME(SORT_BY_ALIGNMENT(._shared_irq_driver_api.static.*)))
                0x00000000000046f0                _shared_irq_driver_api_list_end = .

crypto_driver_api_area
                0x00000000000046f0        0x0
                0x00000000000046f0                _crypto_driver_api_list_start = .
 *(SORT_BY_NAME(SORT_BY_ALIGNMENT(._crypto_driver_api.static.*)))
                0x00000000000046f0                _crypto_driver_api_list_end = .

adc_driver_api_area
                0x00000000000046f0        0x0
                0x00000000000046f0                _adc_driver_api_list_start = .
 *(SORT_BY_NAME(SORT_BY_ALIGNMENT(._adc_driver_api.static.*)))
                0x00000000000046f0                _adc_driver_api_list_end = .

auxdisplay_driver_api_area
                0x00000000000046f0        0x0
                0x00000000000046f0                _auxdisplay_driver_api_list_start = .
 *(SORT_BY_NAME(SORT_BY_ALIGNMENT(._auxdisplay_driver_api.static.*)))
                0x00000000000046f0                _auxdisplay_driver_api_list_end = .

bbram_driver_api_area
                0x00000000000046f0        0x0
                0x00000000000046f0                _bbram_driver_api_list_start = .
 *(SORT_BY_NAME(SORT_BY_ALIGNMENT(._bbram_driver_api.static.*)))
                0x00000000000046f0                _bbram_driver_api_list_end = .

bt_hci_driver_api_area
                0x00000000000046f0        0x0
                0x00000000000046f0                _bt_hci_driver_api_list_start = .
 *(SORT_BY_NAME(SORT_BY_ALIGNMENT(._bt_hci_driver_api.static.*)))
                0x00000000000046f0                _bt_hci_driver_api_list_end = .

can_driver_api_area
                0x00000000000046f0        0x0
                0x00000000000046f0                _can_driver_api_list_start = .
 *(SORT_BY_NAME(SORT_BY_ALIGNMENT(._can_driver_api.static.*)))
                0x00000000000046f0                _can_driver_api_list_end = .

cellular_driver_api_area
                0x00000000000046f0        0x0
                0x00000000000046f0                _cellular_driver_api_list_start = .
 *(SORT_BY_NAME(SORT_BY_ALIGNMENT(._cellular_driver_api.static.*)))
                0x00000000000046f0                _cellular_driver_api_list_end = .

charger_driver_api_area
                0x00000000000046f0        0x0
                0x00000000000046f0                _charger_driver_api_list_start = .
 *(SORT_BY_NAME(SORT_BY_ALIGNMENT(._charger_driver_api.static.*)))
                0x00000000000046f0                _charger_driver_api_list_end = .

clock_control_driver_api_area
                0x00000000000046f0        0x0
                0x00000000000046f0                _clock_control_driver_api_list_start = .
 *(SORT_BY_NAME(SORT_BY_ALIGNMENT(._clock_control_driver_api.static.*)))
                0x00000000000046f0                _clock_control_driver_api_list_end = .

comparator_driver_api_area
                0x00000000000046f0        0x0
                0x00000000000046f0                _comparator_driver_api_list_start = .
 *(SORT_BY_NAME(SORT_BY_ALIGNMENT(._comparator_driver_api.static.*)))
                0x00000000000046f0                _comparator_driver_api_list_end = .

coredump_driver_api_area
                0x00000000000046f0        0x0
                0x00000000000046f0                _coredump_driver_api_list_start = .
 *(SORT_BY_NAME(SORT_BY_ALIGNMENT(._coredump_driver_api.static.*)))
                0x00000000000046f0                _coredump_driver_api_list_end = .

counter_driver_api_area
                0x00000000000046f0        0x0
                0x00000000000046f0                _counter_driver_api_list_start = .
 *(SORT_BY_NAME(SORT_BY_ALIGNMENT(._counter_driver_api.static.*)))
                0x00000000000046f0                _counter_driver_api_list_end = .

dac_driver_api_area
                0x00000000000046f0        0x0
                0x00000000000046f0                _dac_driver_api_list_start = .
 *(SORT_BY_NAME(SORT_BY_ALIGNMENT(._dac_driver_api.static.*)))
                0x00000000000046f0                _dac_driver_api_list_end = .

dai_driver_api_area
                0x00000000000046f0        0x0
                0x00000000000046f0                _dai_driver_api_list_start = .
 *(SORT_BY_NAME(SORT_BY_ALIGNMENT(._dai_driver_api.static.*)))
                0x00000000000046f0                _dai_driver_api_list_end = .

display_driver_api_area
                0x00000000000046f0        0x0
                0x00000000000046f0                _display_driver_api_list_start = .
 *(SORT_BY_NAME(SORT_BY_ALIGNMENT(._display_driver_api.static.*)))
                0x00000000000046f0                _display_driver_api_list_end = .

dma_driver_api_area
                0x00000000000046f0        0x0
                0x00000000000046f0                _dma_driver_api_list_start = .
 *(SORT_BY_NAME(SORT_BY_ALIGNMENT(._dma_driver_api.static.*)))
                0x00000000000046f0                _dma_driver_api_list_end = .

edac_driver_api_area
                0x00000000000046f0        0x0
                0x00000000000046f0                _edac_driver_api_list_start = .
 *(SORT_BY_NAME(SORT_BY_ALIGNMENT(._edac_driver_api.static.*)))
                0x00000000000046f0                _edac_driver_api_list_end = .

eeprom_driver_api_area
                0x00000000000046f0        0x0
                0x00000000000046f0                _eeprom_driver_api_list_start = .
 *(SORT_BY_NAME(SORT_BY_ALIGNMENT(._eeprom_driver_api.static.*)))
                0x00000000000046f0                _eeprom_driver_api_list_end = .

emul_bbram_driver_api_area
                0x00000000000046f0        0x0
                0x00000000000046f0                _emul_bbram_driver_api_list_start = .
 *(SORT_BY_NAME(SORT_BY_ALIGNMENT(._emul_bbram_driver_api.static.*)))
                0x00000000000046f0                _emul_bbram_driver_api_list_end = .

fuel_gauge_emul_driver_api_area
                0x00000000000046f0        0x0
                0x00000000000046f0                _fuel_gauge_emul_driver_api_list_start = .
 *(SORT_BY_NAME(SORT_BY_ALIGNMENT(._fuel_gauge_emul_driver_api.static.*)))
                0x00000000000046f0                _fuel_gauge_emul_driver_api_list_end = .

emul_sensor_driver_api_area
                0x00000000000046f0        0x0
                0x00000000000046f0                _emul_sensor_driver_api_list_start = .
 *(SORT_BY_NAME(SORT_BY_ALIGNMENT(._emul_sensor_driver_api.static.*)))
                0x00000000000046f0                _emul_sensor_driver_api_list_end = .

entropy_driver_api_area
                0x00000000000046f0        0x0
                0x00000000000046f0                _entropy_driver_api_list_start = .
 *(SORT_BY_NAME(SORT_BY_ALIGNMENT(._entropy_driver_api.static.*)))
                0x00000000000046f0                _entropy_driver_api_list_end = .

espi_driver_api_area
                0x00000000000046f0        0x0
                0x00000000000046f0                _espi_driver_api_list_start = .
 *(SORT_BY_NAME(SORT_BY_ALIGNMENT(._espi_driver_api.static.*)))
                0x00000000000046f0                _espi_driver_api_list_end = .

espi_saf_driver_api_area
                0x00000000000046f0        0x0
                0x00000000000046f0                _espi_saf_driver_api_list_start = .
 *(SORT_BY_NAME(SORT_BY_ALIGNMENT(._espi_saf_driver_api.static.*)))
                0x00000000000046f0                _espi_saf_driver_api_list_end = .

flash_driver_api_area
                0x00000000000046f0        0x0
                0x00000000000046f0                _flash_driver_api_list_start = .
 *(SORT_BY_NAME(SORT_BY_ALIGNMENT(._flash_driver_api.static.*)))
                0x00000000000046f0                _flash_driver_api_list_end = .

fpga_driver_api_area
                0x00000000000046f0        0x0
                0x00000000000046f0                _fpga_driver_api_list_start = .
 *(SORT_BY_NAME(SORT_BY_ALIGNMENT(._fpga_driver_api.static.*)))
                0x00000000000046f0                _fpga_driver_api_list_end = .

fuel_gauge_driver_api_area
                0x00000000000046f0        0x0
                0x00000000000046f0                _fuel_gauge_driver_api_list_start = .
 *(SORT_BY_NAME(SORT_BY_ALIGNMENT(._fuel_gauge_driver_api.static.*)))
                0x00000000000046f0                _fuel_gauge_driver_api_list_end = .

gnss_driver_api_area
                0x00000000000046f0        0x0
                0x00000000000046f0                _gnss_driver_api_list_start = .
 *(SORT_BY_NAME(SORT_BY_ALIGNMENT(._gnss_driver_api.static.*)))
                0x00000000000046f0                _gnss_driver_api_list_end = .

haptics_driver_api_area
                0x00000000000046f0        0x0
                0x00000000000046f0                _haptics_driver_api_list_start = .
 *(SORT_BY_NAME(SORT_BY_ALIGNMENT(._haptics_driver_api.static.*)))
                0x00000000000046f0                _haptics_driver_api_list_end = .

hwspinlock_driver_api_area
                0x00000000000046f0        0x0
                0x00000000000046f0                _hwspinlock_driver_api_list_start = .
 *(SORT_BY_NAME(SORT_BY_ALIGNMENT(._hwspinlock_driver_api.static.*)))
                0x00000000000046f0                _hwspinlock_driver_api_list_end = .

i2c_driver_api_area
                0x00000000000046f0        0x0
                0x00000000000046f0                _i2c_driver_api_list_start = .
 *(SORT_BY_NAME(SORT_BY_ALIGNMENT(._i2c_driver_api.static.*)))
                0x00000000000046f0                _i2c_driver_api_list_end = .

i2c_target_driver_api_area
                0x00000000000046f0        0x0
                0x00000000000046f0                _i2c_target_driver_api_list_start = .
 *(SORT_BY_NAME(SORT_BY_ALIGNMENT(._i2c_target_driver_api.static.*)))
                0x00000000000046f0                _i2c_target_driver_api_list_end = .

i2s_driver_api_area
                0x00000000000046f0        0x0
                0x00000000000046f0                _i2s_driver_api_list_start = .
 *(SORT_BY_NAME(SORT_BY_ALIGNMENT(._i2s_driver_api.static.*)))
                0x00000000000046f0                _i2s_driver_api_list_end = .

i3c_driver_api_area
                0x00000000000046f0        0x0
                0x00000000000046f0                _i3c_driver_api_list_start = .
 *(SORT_BY_NAME(SORT_BY_ALIGNMENT(._i3c_driver_api.static.*)))
                0x00000000000046f0                _i3c_driver_api_list_end = .

ipm_driver_api_area
                0x00000000000046f0        0x0
                0x00000000000046f0                _ipm_driver_api_list_start = .
 *(SORT_BY_NAME(SORT_BY_ALIGNMENT(._ipm_driver_api.static.*)))
                0x00000000000046f0                _ipm_driver_api_list_end = .

led_driver_api_area
                0x00000000000046f0        0x0
                0x00000000000046f0                _led_driver_api_list_start = .
 *(SORT_BY_NAME(SORT_BY_ALIGNMENT(._led_driver_api.static.*)))
                0x00000000000046f0                _led_driver_api_list_end = .

led_strip_driver_api_area
                0x00000000000046f0        0x0
                0x00000000000046f0                _led_strip_driver_api_list_start = .
 *(SORT_BY_NAME(SORT_BY_ALIGNMENT(._led_strip_driver_api.static.*)))
                0x00000000000046f0                _led_strip_driver_api_list_end = .

lora_driver_api_area
                0x00000000000046f0        0x0
                0x00000000000046f0                _lora_driver_api_list_start = .
 *(SORT_BY_NAME(SORT_BY_ALIGNMENT(._lora_driver_api.static.*)))
                0x00000000000046f0                _lora_driver_api_list_end = .

mbox_driver_api_area
                0x00000000000046f0        0x0
                0x00000000000046f0                _mbox_driver_api_list_start = .
 *(SORT_BY_NAME(SORT_BY_ALIGNMENT(._mbox_driver_api.static.*)))
                0x00000000000046f0                _mbox_driver_api_list_end = .

mdio_driver_api_area
                0x00000000000046f0        0x0
                0x00000000000046f0                _mdio_driver_api_list_start = .
 *(SORT_BY_NAME(SORT_BY_ALIGNMENT(._mdio_driver_api.static.*)))
                0x00000000000046f0                _mdio_driver_api_list_end = .

mipi_dbi_driver_api_area
                0x00000000000046f0        0x0
                0x00000000000046f0                _mipi_dbi_driver_api_list_start = .
 *(SORT_BY_NAME(SORT_BY_ALIGNMENT(._mipi_dbi_driver_api.static.*)))
                0x00000000000046f0                _mipi_dbi_driver_api_list_end = .

mipi_dsi_driver_api_area
                0x00000000000046f0        0x0
                0x00000000000046f0                _mipi_dsi_driver_api_list_start = .
 *(SORT_BY_NAME(SORT_BY_ALIGNMENT(._mipi_dsi_driver_api.static.*)))
                0x00000000000046f0                _mipi_dsi_driver_api_list_end = .

mspi_driver_api_area
                0x00000000000046f0        0x0
                0x00000000000046f0                _mspi_driver_api_list_start = .
 *(SORT_BY_NAME(SORT_BY_ALIGNMENT(._mspi_driver_api.static.*)))
                0x00000000000046f0                _mspi_driver_api_list_end = .

peci_driver_api_area
                0x00000000000046f0        0x0
                0x00000000000046f0                _peci_driver_api_list_start = .
 *(SORT_BY_NAME(SORT_BY_ALIGNMENT(._peci_driver_api.static.*)))
                0x00000000000046f0                _peci_driver_api_list_end = .

ps2_driver_api_area
                0x00000000000046f0        0x0
                0x00000000000046f0                _ps2_driver_api_list_start = .
 *(SORT_BY_NAME(SORT_BY_ALIGNMENT(._ps2_driver_api.static.*)))
                0x00000000000046f0                _ps2_driver_api_list_end = .

ptp_clock_driver_api_area
                0x00000000000046f0        0x0
                0x00000000000046f0                _ptp_clock_driver_api_list_start = .
 *(SORT_BY_NAME(SORT_BY_ALIGNMENT(._ptp_clock_driver_api.static.*)))
                0x00000000000046f0                _ptp_clock_driver_api_list_end = .

pwm_driver_api_area
                0x00000000000046f0        0x0
                0x00000000000046f0                _pwm_driver_api_list_start = .
 *(SORT_BY_NAME(SORT_BY_ALIGNMENT(._pwm_driver_api.static.*)))
                0x00000000000046f0                _pwm_driver_api_list_end = .

regulator_parent_driver_api_area
                0x00000000000046f0        0x0
                0x00000000000046f0                _regulator_parent_driver_api_list_start = .
 *(SORT_BY_NAME(SORT_BY_ALIGNMENT(._regulator_parent_driver_api.static.*)))
                0x00000000000046f0                _regulator_parent_driver_api_list_end = .

regulator_driver_api_area
                0x00000000000046f0        0x0
                0x00000000000046f0                _regulator_driver_api_list_start = .
 *(SORT_BY_NAME(SORT_BY_ALIGNMENT(._regulator_driver_api.static.*)))
                0x00000000000046f0                _regulator_driver_api_list_end = .

reset_driver_api_area
                0x00000000000046f0        0x0
                0x00000000000046f0                _reset_driver_api_list_start = .
 *(SORT_BY_NAME(SORT_BY_ALIGNMENT(._reset_driver_api.static.*)))
                0x00000000000046f0                _reset_driver_api_list_end = .

retained_mem_driver_api_area
                0x00000000000046f0        0x0
                0x00000000000046f0                _retained_mem_driver_api_list_start = .
 *(SORT_BY_NAME(SORT_BY_ALIGNMENT(._retained_mem_driver_api.static.*)))
                0x00000000000046f0                _retained_mem_driver_api_list_end = .

rtc_driver_api_area
                0x00000000000046f0        0x0
                0x00000000000046f0                _rtc_driver_api_list_start = .
 *(SORT_BY_NAME(SORT_BY_ALIGNMENT(._rtc_driver_api.static.*)))
                0x00000000000046f0                _rtc_driver_api_list_end = .

sdhc_driver_api_area
                0x00000000000046f0        0x0
                0x00000000000046f0                _sdhc_driver_api_list_start = .
 *(SORT_BY_NAME(SORT_BY_ALIGNMENT(._sdhc_driver_api.static.*)))
                0x00000000000046f0                _sdhc_driver_api_list_end = .

sensor_driver_api_area
                0x00000000000046f0        0x0
                0x00000000000046f0                _sensor_driver_api_list_start = .
 *(SORT_BY_NAME(SORT_BY_ALIGNMENT(._sensor_driver_api.static.*)))
                0x00000000000046f0                _sensor_driver_api_list_end = .

smbus_driver_api_area
                0x00000000000046f0        0x0
                0x00000000000046f0                _smbus_driver_api_list_start = .
 *(SORT_BY_NAME(SORT_BY_ALIGNMENT(._smbus_driver_api.static.*)))
                0x00000000000046f0                _smbus_driver_api_list_end = .

spi_driver_api_area
                0x00000000000046f0        0x0
                0x00000000000046f0                _spi_driver_api_list_start = .
 *(SORT_BY_NAME(SORT_BY_ALIGNMENT(._spi_driver_api.static.*)))
                0x00000000000046f0                _spi_driver_api_list_end = .

stepper_driver_api_area
                0x00000000000046f0        0x0
                0x00000000000046f0                _stepper_driver_api_list_start = .
 *(SORT_BY_NAME(SORT_BY_ALIGNMENT(._stepper_driver_api.static.*)))
                0x00000000000046f0                _stepper_driver_api_list_end = .

syscon_driver_api_area
                0x00000000000046f0        0x0
                0x00000000000046f0                _syscon_driver_api_list_start = .
 *(SORT_BY_NAME(SORT_BY_ALIGNMENT(._syscon_driver_api.static.*)))
                0x00000000000046f0                _syscon_driver_api_list_end = .

tee_driver_api_area
                0x00000000000046f0        0x0
                0x00000000000046f0                _tee_driver_api_list_start = .
 *(SORT_BY_NAME(SORT_BY_ALIGNMENT(._tee_driver_api.static.*)))
                0x00000000000046f0                _tee_driver_api_list_end = .

video_driver_api_area
                0x00000000000046f0        0x0
                0x00000000000046f0                _video_driver_api_list_start = .
 *(SORT_BY_NAME(SORT_BY_ALIGNMENT(._video_driver_api.static.*)))
                0x00000000000046f0                _video_driver_api_list_end = .

w1_driver_api_area
                0x00000000000046f0        0x0
                0x00000000000046f0                _w1_driver_api_list_start = .
 *(SORT_BY_NAME(SORT_BY_ALIGNMENT(._w1_driver_api.static.*)))
                0x00000000000046f0                _w1_driver_api_list_end = .

wdt_driver_api_area
                0x00000000000046f0        0x0
                0x00000000000046f0                _wdt_driver_api_list_start = .
 *(SORT_BY_NAME(SORT_BY_ALIGNMENT(._wdt_driver_api.static.*)))
                0x00000000000046f0                _wdt_driver_api_list_end = .

can_transceiver_driver_api_area
                0x00000000000046f0        0x0
                0x00000000000046f0                _can_transceiver_driver_api_list_start = .
 *(SORT_BY_NAME(SORT_BY_ALIGNMENT(._can_transceiver_driver_api.static.*)))
                0x00000000000046f0                _can_transceiver_driver_api_list_end = .

nrf_clock_control_driver_api_area
                0x00000000000046f0        0x0
                0x00000000000046f0                _nrf_clock_control_driver_api_list_start = .
 *(SORT_BY_NAME(SORT_BY_ALIGNMENT(._nrf_clock_control_driver_api.static.*)))
                0x00000000000046f0                _nrf_clock_control_driver_api_list_end = .

i3c_target_driver_api_area
                0x00000000000046f0        0x0
                0x00000000000046f0                _i3c_target_driver_api_list_start = .
 *(SORT_BY_NAME(SORT_BY_ALIGNMENT(._i3c_target_driver_api.static.*)))
                0x00000000000046f0                _i3c_target_driver_api_list_end = .

its_driver_api_area
                0x00000000000046f0        0x0
                0x00000000000046f0                _its_driver_api_list_start = .
 *(SORT_BY_NAME(SORT_BY_ALIGNMENT(._its_driver_api.static.*)))
                0x00000000000046f0                _its_driver_api_list_end = .

vtd_driver_api_area
                0x00000000000046f0        0x0
                0x00000000000046f0                _vtd_driver_api_list_start = .
 *(SORT_BY_NAME(SORT_BY_ALIGNMENT(._vtd_driver_api.static.*)))
                0x00000000000046f0                _vtd_driver_api_list_end = .

tgpio_driver_api_area
                0x00000000000046f0        0x0
                0x00000000000046f0                _tgpio_driver_api_list_start = .
 *(SORT_BY_NAME(SORT_BY_ALIGNMENT(._tgpio_driver_api.static.*)))
                0x00000000000046f0                _tgpio_driver_api_list_end = .

pcie_ctrl_driver_api_area
                0x00000000000046f0        0x0
                0x00000000000046f0                _pcie_ctrl_driver_api_list_start = .
 *(SORT_BY_NAME(SORT_BY_ALIGNMENT(._pcie_ctrl_driver_api.static.*)))
                0x00000000000046f0                _pcie_ctrl_driver_api_list_end = .

pcie_ep_driver_api_area
                0x00000000000046f0        0x0
                0x00000000000046f0                _pcie_ep_driver_api_list_start = .
 *(SORT_BY_NAME(SORT_BY_ALIGNMENT(._pcie_ep_driver_api.static.*)))
                0x00000000000046f0                _pcie_ep_driver_api_list_end = .

svc_driver_api_area
                0x00000000000046f0        0x0
                0x00000000000046f0                _svc_driver_api_list_start = .
 *(SORT_BY_NAME(SORT_BY_ALIGNMENT(._svc_driver_api.static.*)))
                0x00000000000046f0                _svc_driver_api_list_end = .

uart_driver_api_area
                0x00000000000046f0       0x4c
                0x00000000000046f0                _uart_driver_api_list_start = .
 *(SORT_BY_NAME(SORT_BY_ALIGNMENT(._uart_driver_api.static.*)))
 ._uart_driver_api.static.uart_cmsdk_apb_driver_api_
                0x00000000000046f0       0x4c zephyr/drivers/serial/libdrivers__serial.a(uart_cmsdk_apb.c.obj)
                0x000000000000473c                _uart_driver_api_list_end = .

bc12_emul_driver_api_area
                0x000000000000473c        0x0
                0x000000000000473c                _bc12_emul_driver_api_list_start = .
 *(SORT_BY_NAME(SORT_BY_ALIGNMENT(._bc12_emul_driver_api.static.*)))
                0x000000000000473c                _bc12_emul_driver_api_list_end = .

bc12_driver_api_area
                0x000000000000473c        0x0
                0x000000000000473c                _bc12_driver_api_list_start = .
 *(SORT_BY_NAME(SORT_BY_ALIGNMENT(._bc12_driver_api.static.*)))
                0x000000000000473c                _bc12_driver_api_list_end = .

usbc_ppc_driver_api_area
                0x000000000000473c        0x0
                0x000000000000473c                _usbc_ppc_driver_api_list_start = .
 *(SORT_BY_NAME(SORT_BY_ALIGNMENT(._usbc_ppc_driver_api.static.*)))
                0x000000000000473c                _usbc_ppc_driver_api_list_end = .

tcpc_driver_api_area
                0x000000000000473c        0x0
                0x000000000000473c                _tcpc_driver_api_list_start = .
 *(SORT_BY_NAME(SORT_BY_ALIGNMENT(._tcpc_driver_api.static.*)))
                0x000000000000473c                _tcpc_driver_api_list_end = .

usbc_vbus_driver_api_area
                0x000000000000473c        0x0
                0x000000000000473c                _usbc_vbus_driver_api_list_start = .
 *(SORT_BY_NAME(SORT_BY_ALIGNMENT(._usbc_vbus_driver_api.static.*)))
                0x000000000000473c                _usbc_vbus_driver_api_list_end = .

ivshmem_driver_api_area
                0x000000000000473c        0x0
                0x000000000000473c                _ivshmem_driver_api_list_start = .
 *(SORT_BY_NAME(SORT_BY_ALIGNMENT(._ivshmem_driver_api.static.*)))
                0x000000000000473c                _ivshmem_driver_api_list_end = .

ethphy_driver_api_area
                0x000000000000473c        0x0
                0x000000000000473c                _ethphy_driver_api_list_start = .
 *(SORT_BY_NAME(SORT_BY_ALIGNMENT(._ethphy_driver_api.static.*)))
                0x000000000000473c                _ethphy_driver_api_list_end = .

virtio_driver_api_area
                0x000000000000473c        0x0
                0x000000000000473c                _virtio_driver_api_list_start = .
 *(SORT_BY_NAME(SORT_BY_ALIGNMENT(._virtio_driver_api.static.*)))
                0x000000000000473c                _virtio_driver_api_list_end = .

ztest           0x000000000000473c        0x0
                0x000000000000473c                _ztest_expected_result_entry_list_start = .
 *(SORT_BY_NAME(SORT_BY_ALIGNMENT(._ztest_expected_result_entry.static.*)))
                0x000000000000473c                _ztest_expected_result_entry_list_end = .
                0x000000000000473c                _ztest_suite_node_list_start = .
 *(SORT_BY_NAME(SORT_BY_ALIGNMENT(._ztest_suite_node.static.*)))
                0x000000000000473c                _ztest_suite_node_list_end = .
                0x000000000000473c                _ztest_unit_test_list_start = .
 *(SORT_BY_NAME(SORT_BY_ALIGNMENT(._ztest_unit_test.static.*)))
                0x000000000000473c                _ztest_unit_test_list_end = .
                0x000000000000473c                _ztest_test_rule_list_start = .
 *(SORT_BY_NAME(SORT_BY_ALIGNMENT(._ztest_test_rule.static.*)))
                0x000000000000473c                _ztest_test_rule_list_end = .

init_array      0x000000000000473c        0x0
                0x000000000000473c                __zephyr_init_array_start = .
 *(SORT_BY_INIT_PRIORITY(.init_array.*) SORT_BY_INIT_PRIORITY(.ctors.*))
 *(SORT_BY_ALIGNMENT(.init_array) SORT_BY_ALIGNMENT(.ctors))
                0x000000000000473c                __zephyr_init_array_end = .
                0x0000000000000001                ASSERT ((__zephyr_init_array_start == __zephyr_init_array_end), GNU-style constructors required but STATIC_INIT_GNU not enabled)

bt_l2cap_fixed_chan_area
                0x000000000000473c        0x0
                0x000000000000473c                _bt_l2cap_fixed_chan_list_start = .
 *(SORT_BY_NAME(SORT_BY_ALIGNMENT(._bt_l2cap_fixed_chan.static.*)))
                0x000000000000473c                _bt_l2cap_fixed_chan_list_end = .

bt_gatt_service_static_area
                0x000000000000473c        0x0
                0x000000000000473c                _bt_gatt_service_static_list_start = .
 *(SORT_BY_NAME(SORT_BY_ALIGNMENT(._bt_gatt_service_static.static.*)))
                0x000000000000473c                _bt_gatt_service_static_list_end = .

log_strings_area
                0x000000000000473c        0x0
                0x000000000000473c                _log_strings_list_start = .
 *(SORT_BY_NAME(SORT_BY_ALIGNMENT(._log_strings.static.*)))
                0x000000000000473c                _log_strings_list_end = .

log_stmesp_ptr_area
                0x000000000000473c        0x0
                0x000000000000473c                _log_stmesp_ptr_list_start = .
 *(SORT_BY_NAME(SORT_BY_ALIGNMENT(._log_stmesp_ptr.static.*)))
                0x000000000000473c                _log_stmesp_ptr_list_end = .

log_stmesp_str_area
                0x000000000000473c        0x0
                0x000000000000473c                _log_stmesp_str_list_start = .
 *(SORT_BY_NAME(SORT_BY_ALIGNMENT(._log_stmesp_str.static.*)))
                0x000000000000473c                _log_stmesp_str_list_end = .

log_const_area  0x000000000000473c        0x0
                0x000000000000473c                _log_const_list_start = .
 *(SORT_BY_NAME(SORT_BY_ALIGNMENT(._log_const.static.*)))
                0x000000000000473c                _log_const_list_end = .

log_backend_area
                0x000000000000473c        0x0
                0x000000000000473c                _log_backend_list_start = .
 *(SORT_BY_NAME(SORT_BY_ALIGNMENT(._log_backend.static.*)))
                0x000000000000473c                _log_backend_list_end = .

log_link_area   0x000000000000473c        0x0
                0x000000000000473c                _log_link_list_start = .
 *(SORT_BY_NAME(SORT_BY_ALIGNMENT(._log_link.static.*)))
                0x000000000000473c                _log_link_list_end = .

tracing_backend_area
                0x000000000000473c        0x0
                0x000000000000473c                _tracing_backend_list_start = .
 *(SORT_BY_NAME(SORT_BY_ALIGNMENT(._tracing_backend.static.*)))
                0x000000000000473c                _tracing_backend_list_end = .

zephyr_dbg_info
 *(SORT_BY_ALIGNMENT(.dbg_thread_info))

intc_table_area
                0x000000000000473c        0x0
                0x000000000000473c                _intc_table_list_start = .
 *(SORT_BY_NAME(SORT_BY_ALIGNMENT(._intc_table.static.*)))
                0x000000000000473c                _intc_table_list_end = .

zbus_channel_area
                0x000000000000473c       0x28
                0x000000000000473c                _zbus_channel_list_start = .
 *(SORT_BY_NAME(SORT_BY_ALIGNMENT(._zbus_channel.static.*)))
 ._zbus_channel.static.chan_camera_result_
                0x000000000000473c       0x14 app/libapp.a(radar_bus.c.obj)
                0x000000000000473c                chan_camera_result
 ._zbus_channel.static.chan_radar_infraction_
                0x0000000000004750       0x14 app/libapp.a(radar_bus.c.obj)
                0x0000000000004750                chan_radar_infraction
                0x0000000000004764                _zbus_channel_list_end = .

zbus_observer_area
                0x0000000000004764        0xc
                0x0000000000004764                _zbus_observer_list_start = .
 *(SORT_BY_NAME(SORT_BY_ALIGNMENT(._zbus_observer.static.*)))
 ._zbus_observer.static.msub_radar_infraction_
                0x0000000000004764        0xc app/libapp.a(camera_service.c.obj)
                0x0000000000004764                msub_radar_infraction
                0x0000000000004770                _zbus_observer_list_end = .

zbus_channel_observation_area
                0x0000000000004770        0x8
                0x0000000000004770                _zbus_channel_observation_list_start = .
 *(SORT_BY_NAME(SORT_BY_ALIGNMENT(._zbus_channel_observation.static.*)))
 ._zbus_channel_observation.static.chan_radar_infractionzz3msub_radar_infraction_
                0x0000000000004770        0x8 app/libapp.a(camera_service.c.obj)
                0x0000000000004770                chan_radar_infractionzz3msub_radar_infraction
                0x0000000000004778                _zbus_channel_observation_list_end = .

symbol_to_keep  0x0000000000004778        0x0
                0x0000000000004778                __symbol_to_keep_start = .
 *(SORT_BY_NAME(SORT_BY_ALIGNMENT(.symbol_to_keep*)))
                0x0000000000004778                __symbol_to_keep_end = .

shell_area      0x0000000000004778        0x0
                0x0000000000004778                _shell_list_start = .
 *(SORT_BY_NAME(SORT_BY_ALIGNMENT(._shell.static.*)))
                0x0000000000004778                _shell_list_end = .

shell_root_cmds_area
                0x0000000000004778        0x0
                0x0000000000004778                _shell_root_cmds_list_start = .
 *(SORT_BY_NAME(SORT_BY_ALIGNMENT(._shell_root_cmds.static.*)))
                0x0000000000004778                _shell_root_cmds_list_end = .

shell_subcmds_area
                0x0000000000004778        0x0
                0x0000000000004778                _shell_subcmds_list_start = .
 *(SORT_BY_NAME(SORT_BY_ALIGNMENT(._shell_subcmds.static.*)))
                0x0000000000004778                _shell_subcmds_list_end = .

shell_dynamic_subcmds_area
                0x0000000000004778        0x0
                0x0000000000004778                _shell_dynamic_subcmds_list_start = .
 *(SORT_BY_NAME(SORT_BY_ALIGNMENT(._shell_dynamic_subcmds.static.*)))
                0x0000000000004778                _shell_dynamic_subcmds_list_end = .

cfb_font_area   0x0000000000004778        0x0
                0x0000000000004778                _cfb_font_list_start = .
 *(SORT_BY_NAME(SORT_BY_ALIGNMENT(._cfb_font.static.*)))
                0x0000000000004778                _cfb_font_list_end = .

tdata           0x0000000000004778        0x0
 *(SORT_BY_ALIGNMENT(.tdata) SORT_BY_ALIGNMENT(.tdata.*) SORT_BY_ALIGNMENT(.gnu.linkonce.td.*))

tbss            0x0000000000004778        0x4
 *(SORT_BY_ALIGNMENT(.tbss) SORT_BY_ALIGNMENT(.tbss.*) SORT_BY_ALIGNMENT(.gnu.linkonce.tb.*) SORT_BY_ALIGNMENT(.tcommon))
 .tbss.z_tls_current
                0x0000000000004778        0x4 zephyr/libzephyr.a(thread_entry.c.obj)
                0x0000000000004778                z_tls_current
                0x0000000000004778                PROVIDE (__tdata_start = LOADADDR (tdata))
                0x0000000000000001                PROVIDE (__tdata_align = ALIGNOF (tdata))
                0x0000000000000000                PROVIDE (__tdata_size = (((SIZEOF (tdata) + __tdata_align) - 0x1) & ~ ((__tdata_align - 0x1))))
                [!provide]                        PROVIDE (__tdata_end = (__tdata_start + __tdata_size))
                0x0000000000000004                PROVIDE (__tbss_align = ALIGNOF (tbss))
                [!provide]                        PROVIDE (__tbss_start = ADDR (tbss))
                0x0000000000000004                PROVIDE (__tbss_size = (((SIZEOF (tbss) + __tbss_align) - 0x1) & ~ ((__tbss_align - 0x1))))
                [!provide]                        PROVIDE (__tbss_end = (__tbss_start + __tbss_size))
                [!provide]                        PROVIDE (__tls_start = __tdata_start)
                [!provide]                        PROVIDE (__tls_end = __tbss_end)
                [!provide]                        PROVIDE (__tls_size = (__tbss_end - __tdata_start))

rodata          0x0000000000004778      0x360
 *(SORT_BY_ALIGNMENT(.rodata))
 *(SORT_BY_ALIGNMENT(.rodata.*))
 .rodata.CSWTCH.11
                0x0000000000004778        0xc app/libapp.a(radar_display.c.obj)
 .rodata.CSWTCH.9
                0x0000000000004784        0xc app/libapp.a(radar_display.c.obj)
 .rodata.mem_attr_region
                0x0000000000004790        0x0 zephyr/libzephyr.a(mem_attr.c.obj)
 .rodata.static_regions
                0x0000000000004790        0xc zephyr/arch/arch/arm/core/mpu/libarch__arm__core__mpu.a(arm_core_mpu.c.obj)
 .rodata.mpu_config
                0x000000000000479c        0x8 zephyr/arch/arch/arm/core/mpu/libarch__arm__core__mpu.a(arm_mpu_regions.c.obj)
                0x000000000000479c                mpu_config
 .rodata.mpu_regions
                0x00000000000047a4       0x18 zephyr/arch/arch/arm/core/mpu/libarch__arm__core__mpu.a(arm_mpu_regions.c.obj)
 .rodata.net_buf_heap_alloc
                0x00000000000047bc        0xc zephyr/lib/net_buf/liblib__net_buf.a(buf.c.obj)
                0x00000000000047bc                net_buf_heap_alloc
 .rodata.net_buf_heap_cb
                0x00000000000047c8        0xc zephyr/lib/net_buf/liblib__net_buf.a(buf.c.obj)
 .rodata.gpio_cmsdk_port_3_config
                0x00000000000047d4       0x24 zephyr/drivers/gpio/libdrivers__gpio.a(gpio_cmsdk_ahb.c.obj)
 .rodata.gpio_cmsdk_port_2_config
                0x00000000000047f8       0x24 zephyr/drivers/gpio/libdrivers__gpio.a(gpio_cmsdk_ahb.c.obj)
 .rodata.gpio_cmsdk_port_1_config
                0x000000000000481c       0x24 zephyr/drivers/gpio/libdrivers__gpio.a(gpio_cmsdk_ahb.c.obj)
 .rodata.gpio_cmsdk_port_0_config
                0x0000000000004840       0x24 zephyr/drivers/gpio/libdrivers__gpio.a(gpio_cmsdk_ahb.c.obj)
 .rodata.gpio_mmio32_2_cfg